Component: ARM Compiler 5.06 update 7 (build 960) Tool: armlink [4d3601]

==============================================================================

Section Cross References

    startup_stm32f407xx.o(RESET) refers to startup_stm32f407xx.o(STACK) for __initial_sp
    startup_stm32f407xx.o(RESET) refers to startup_stm32f407xx.o(.text) for Reset_Handler
    startup_stm32f407xx.o(RESET) refers to stm32f4xx_it.o(i.NMI_Handler) for NMI_Handler
    startup_stm32f407xx.o(RESET) refers to stm32f4xx_it.o(i.HardFault_Handler) for HardFault_Handler
    startup_stm32f407xx.o(RESET) refers to stm32f4xx_it.o(i.MemManage_Handler) for MemManage_Handler
    startup_stm32f407xx.o(RESET) refers to stm32f4xx_it.o(i.BusFault_Handler) for BusFault_Handler
    startup_stm32f407xx.o(RESET) refers to stm32f4xx_it.o(i.UsageFault_Handler) for UsageFault_Handler
    startup_stm32f407xx.o(RESET) refers to port.o(.emb_text) for SVC_Handler
    startup_stm32f407xx.o(RESET) refers to stm32f4xx_it.o(i.DebugMon_Handler) for DebugMon_Handler
    startup_stm32f407xx.o(RESET) refers to port.o(i.SysTick_Handler) for SysTick_Handler
    startup_stm32f407xx.o(RESET) refers to stm32f4xx_it.o(i.DMA1_Stream5_IRQHandler) for DMA1_Stream5_IRQHandler
    startup_stm32f407xx.o(RESET) refers to stm32f4xx_it.o(i.DMA1_Stream6_IRQHandler) for DMA1_Stream6_IRQHandler
    startup_stm32f407xx.o(RESET) refers to stm32f4xx_it.o(i.TIM1_UP_TIM10_IRQHandler) for TIM1_UP_TIM10_IRQHandler
    startup_stm32f407xx.o(RESET) refers to stm32f4xx_it.o(i.USART2_IRQHandler) for USART2_IRQHandler
    startup_stm32f407xx.o(RESET) refers to stm32f4xx_it.o(i.TIM8_TRG_COM_TIM14_IRQHandler) for TIM8_TRG_COM_TIM14_IRQHandler
    startup_stm32f407xx.o(RESET) refers to stm32f4xx_it.o(i.TIM5_IRQHandler) for TIM5_IRQHandler
    startup_stm32f407xx.o(.text) refers to system_stm32f4xx.o(i.SystemInit) for SystemInit
    startup_stm32f407xx.o(.text) refers to entry.o(.ARM.Collect$$$$00000000) for __main
    main.o(i.HAL_TIM_PeriodElapsedCallback) refers to stm32f4xx_hal.o(i.HAL_IncTick) for HAL_IncTick
    main.o(i.HAL_TIM_PeriodElapsedCallback) refers to tim.o(.bss) for htim1
    main.o(i.HAL_TIM_PeriodElapsedCallback) refers to variate.o(.data) for Motor1EncoderOverflowCnt
    main.o(i.HAL_TIM_PeriodElapsedCallback) refers to variate.o(.data) for Motor2EncoderOverflowCnt
    main.o(i.HAL_UART_IdleCpltCallback) refers to queue.o(i.xQueueGiveFromISR) for xQueueGiveFromISR
    main.o(i.HAL_UART_IdleCpltCallback) refers to variate.o(.data) for RxFlag
    main.o(i.HAL_UART_RxCpltCallback) refers to stm32f4xx_hal_uart.o(i.HAL_UART_Receive_DMA) for HAL_UART_Receive_DMA
    main.o(i.HAL_UART_RxCpltCallback) refers to variate.o(.bss) for Command
    main.o(i.HAL_UART_RxCpltCallback) refers to usart.o(.bss) for huart2
    main.o(i.SystemClock_Config) refers to memseta.o(.text) for __aeabi_memclr4
    main.o(i.SystemClock_Config) refers to stm32f4xx_hal_rcc.o(i.HAL_RCC_OscConfig) for HAL_RCC_OscConfig
    main.o(i.SystemClock_Config) refers to stm32f4xx_hal_rcc.o(i.HAL_RCC_ClockConfig) for HAL_RCC_ClockConfig
    main.o(i.main) refers to stm32f4xx_hal.o(i.HAL_Init) for HAL_Init
    main.o(i.main) refers to main.o(i.SystemClock_Config) for SystemClock_Config
    main.o(i.main) refers to gpio.o(i.MX_GPIO_Init) for MX_GPIO_Init
    main.o(i.main) refers to dma.o(i.MX_DMA_Init) for MX_DMA_Init
    main.o(i.main) refers to tim.o(i.MX_TIM4_Init) for MX_TIM4_Init
    main.o(i.main) refers to tim.o(i.MX_TIM11_Init) for MX_TIM11_Init
    main.o(i.main) refers to usart.o(i.MX_USART2_UART_Init) for MX_USART2_UART_Init
    main.o(i.main) refers to tim.o(i.MX_TIM1_Init) for MX_TIM1_Init
    main.o(i.main) refers to tim.o(i.MX_TIM3_Init) for MX_TIM3_Init
    main.o(i.main) refers to tim.o(i.MX_TIM5_Init) for MX_TIM5_Init
    main.o(i.main) refers to stm32f4xx_hal_uart.o(i.HAL_UART_Receive_DMA) for HAL_UART_Receive_DMA
    main.o(i.main) refers to stm32f4xx_hal_tim.o(i.HAL_TIM_PWM_Start) for HAL_TIM_PWM_Start
    main.o(i.main) refers to stm32f4xx_hal_tim.o(i.HAL_TIM_Encoder_Start) for HAL_TIM_Encoder_Start
    main.o(i.main) refers to stm32f4xx_hal_tim.o(i.HAL_TIM_Base_Start_IT) for HAL_TIM_Base_Start_IT
    main.o(i.main) refers to motor.o(i.PID_param_init) for PID_param_init
    main.o(i.main) refers to engine.o(i.motor_init) for motor_init
    main.o(i.main) refers to freertos.o(i.MX_FREERTOS_Init) for MX_FREERTOS_Init
    main.o(i.main) refers to cmsis_os.o(i.osKernelStart) for osKernelStart
    main.o(i.main) refers to usart.o(.bss) for huart2
    main.o(i.main) refers to variate.o(.bss) for Command
    main.o(i.main) refers to tim.o(.bss) for htim3
    main.o(i.main) refers to variate.o(.data) for initial_pid_val
    gpio.o(i.MX_GPIO_Init) refers to memseta.o(.text) for __aeabi_memclr4
    gpio.o(i.MX_GPIO_Init) refers to stm32f4xx_hal_gpio.o(i.HAL_GPIO_WritePin) for HAL_GPIO_WritePin
    gpio.o(i.MX_GPIO_Init) refers to stm32f4xx_hal_gpio.o(i.HAL_GPIO_Init) for HAL_GPIO_Init
[...]
    UART_Receive_IT                          0x08003277   Thumb Code   150  stm32f4xx_hal_uart.o(i.UART_Receive_IT)
    i.UART_SetConfig                         0x0800330c   Section        0  stm32f4xx_hal_uart.o(i.UART_SetConfig)
    UART_SetConfig                           0x0800330d   Thumb Code   286  stm32f4xx_hal_uart.o(i.UART_SetConfig)
    i.UART_Transmit_IT                       0x08003434   Section        0  stm32f4xx_hal_uart.o(i.UART_Transmit_IT)
    UART_Transmit_IT                         0x08003435   Thumb Code    98  stm32f4xx_hal_uart.o(i.UART_Transmit_IT)
    i.USART2_IRQHandler                      0x08003498   Section        0  stm32f4xx_it.o(i.USART2_IRQHandler)
    i.UsageFault_Handler                     0x080034c4   Section        0  stm32f4xx_it.o(i.UsageFault_Handler)
    i.__NVIC_SetPriority                     0x080034c6   Section        0  stm32f4xx_hal_cortex.o(i.__NVIC_SetPriority)
    __NVIC_SetPriority                       0x080034c7   Thumb Code    32  stm32f4xx_hal_cortex.o(i.__NVIC_SetPriority)
    i.__hardfp_fabs                          0x080034e6   Section        0  fabs.o(i.__hardfp_fabs)
    i.__scatterload_copy                     0x080034fa   Section       14  handlers.o(i.__scatterload_copy)
    i.__scatterload_null                     0x08003508   Section        2  handlers.o(i.__scatterload_null)
    i.__scatterload_zeroinit                 0x0800350a   Section       14  handlers.o(i.__scatterload_zeroinit)
    i.main                                   0x08003518   Section        0  main.o(i.main)
    i.makeFreeRtosPriority                   0x08003600   Section        0  cmsis_os.o(i.makeFreeRtosPriority)
    makeFreeRtosPriority                     0x08003601   Thumb Code    12  cmsis_os.o(i.makeFreeRtosPriority)
    i.motor_down_close                       0x0800360c   Section        0  engine.o(i.motor_down_close)
    i.motor_grab_ball                        0x08003638   Section        0  engine.o(i.motor_grab_ball)
    i.motor_grab_cube                        0x08003694   Section        0  engine.o(i.motor_grab_cube)
    i.motor_grab_cube_down                   0x080036f0   Section        0  engine.o(i.motor_grab_cube_down)
    i.motor_grab_edge_ball                   0x0800371c   Section        0  engine.o(i.motor_grab_edge_ball)
    i.motor_grab_edge_cube                   0x08003794   Section        0  engine.o(i.motor_grab_edge_cube)
    i.motor_init                             0x0800380c   Section        0  engine.o(i.motor_init)
    i.motor_move                             0x0800381c   Section        0  engine.o(i.motor_move)
    i.motor_put_ball                         0x08003878   Section        0  engine.o(i.motor_put_ball)
    i.motor_put_cube                         0x0800388c   Section        0  engine.o(i.motor_put_cube)
    i.motor_reset                            0x080038a0   Section        0  engine.o(i.motor_reset)
    i.motor_swap                             0x080038c4   Section        0  engine.o(i.motor_swap)
    i.motor_up_little                        0x080038c8   Section        0  engine.o(i.motor_up_little)
    i.motor_up_open                          0x080038ec   Section        0  engine.o(i.motor_up_open)
    i.osDelay                                0x0800390c   Section        0  cmsis_os.o(i.osDelay)
    i.osKernelStart                          0x0800391a   Section        0  cmsis_os.o(i.osKernelStart)
    i.osThreadCreate                         0x08003924   Section        0  cmsis_os.o(i.osThreadCreate)
    i.prvAddCurrentTaskToDelayedList         0x08003978   Section        0  tasks.o(i.prvAddCurrentTaskToDelayedList)
    prvAddCurrentTaskToDelayedList           0x08003979   Thumb Code   102  tasks.o(i.prvAddCurrentTaskToDelayedList)
    i.prvAddNewTaskToReadyList               0x080039e8   Section        0  tasks.o(i.prvAddNewTaskToReadyList)
    prvAddNewTaskToReadyList                 0x080039e9   Thumb Code   194  tasks.o(i.prvAddNewTaskToReadyList)
    i.prvCopyDataToQueue                     0x08003ab8   Section        0  queue.o(i.prvCopyDataToQueue)
    prvCopyDataToQueue                       0x08003ab9   Thumb Code   108  queue.o(i.prvCopyDataToQueue)
    i.prvDeleteTCB                           0x08003b24   Section        0  tasks.o(i.prvDeleteTCB)
    prvDeleteTCB                             0x08003b25   Thumb Code    52  tasks.o(i.prvDeleteTCB)
    i.prvHeapInit                            0x08003b58   Section        0  heap_4.o(i.prvHeapInit)
    prvHeapInit                              0x08003b59   Thumb Code    66  heap_4.o(i.prvHeapInit)
    i.prvIdleTask                            0x08003ba4   Section        0  tasks.o(i.prvIdleTask)
    prvIdleTask                              0x08003ba5   Thumb Code    82  tasks.o(i.prvIdleTask)
    i.prvInitialiseNewQueue                  0x08003c04   Section        0  queue.o(i.prvInitialiseNewQueue)
    prvInitialiseNewQueue                    0x08003c05   Thumb Code    22  queue.o(i.prvInitialiseNewQueue)
    i.prvInitialiseNewTask                   0x08003c1a   Section        0  tasks.o(i.prvInitialiseNewTask)
    prvInitialiseNewTask                     0x08003c1b   Thumb Code   152  tasks.o(i.prvInitialiseNewTask)
    i.prvInsertBlockIntoFreeList             0x08003cb4   Section        0  heap_4.o(i.prvInsertBlockIntoFreeList)
    prvInsertBlockIntoFreeList               0x08003cb5   Thumb Code    72  heap_4.o(i.prvInsertBlockIntoFreeList)
    i.prvIsQueueEmpty                        0x08003d00   Section        0  queue.o(i.prvIsQueueEmpty)
    prvIsQueueEmpty                          0x08003d01   Thumb Code    28  queue.o(i.prvIsQueueEmpty)
    i.prvResetNextTaskUnblockTime            0x08003d1c   Section        0  tasks.o(i.prvResetNextTaskUnblockTime)
    prvResetNextTaskUnblockTime              0x08003d1d   Thumb Code    26  tasks.o(i.prvResetNextTaskUnblockTime)
    i.prvTaskExitError                       0x08003d3c   Section        0  port.o(i.prvTaskExitError)
    prvTaskExitError                         0x08003d3d   Thumb Code    36  port.o(i.prvTaskExitError)
    i.prvUnlockQueue                         0x08003d64   Section        0  queue.o(i.prvUnlockQueue)
    prvUnlockQueue                           0x08003d65   Thumb Code   106  queue.o(i.prvUnlockQueue)
    i.pvPortMalloc                           0x08003dd0   Section        0  heap_4.o(i.pvPortMalloc)
    i.pvTaskIncrementMutexHeldCount          0x08003ea8   Section        0  tasks.o(i.pvTaskIncrementMutexHeldCount)
    i.pwm_val_protect                        0x08003ec0   Section        0  motor.o(i.pwm_val_protect)
    i.pxPortInitialiseStack                  0x08003ed4   Section        0  port.o(i.pxPortInitialiseStack)
    i.read_encoder                           0x08003f00   Section        0  motor.o(i.read_encoder)
    i.set_motor1_rotate                      0x08003f08   Section        0  roundmotor.o(i.set_motor1_rotate)
    i.set_motor2_rotate                      0x08003f2c   Section        0  linearmotor.o(i.set_motor2_rotate)
    i.set_target                             0x08003f4c   Section        0  motor.o(i.set_target)
    i.uxListRemove                           0x08003f50   Section        0  list.o(i.uxListRemove)
    i.vApplicationGetIdleTaskMemory          0x08003f78   Section        0  freertos.o(i.vApplicationGetIdleTaskMemory)
    i.vListInitialise                        0x08003f8c   Section        0  list.o(i.vListInitialise)
    i.vListInitialiseItem                    0x08003fa2   Section        0  list.o(i.vListInitialiseItem)
    i.vListInsert                            0x08003fa8   Section        0  list.o(i.vListInsert)
    i.vListInsertEnd                         0x08003fd8   Section        0  list.o(i.vListInsertEnd)
    i.vPortEnterCritical                     0x08003ff0   Section        0  port.o(i.vPortEnterCritical)
    i.vPortExitCritical                      0x08004030   Section        0  port.o(i.vPortExitCritical)
    i.vPortFree                              0x08004058   Section        0  heap_4.o(i.vPortFree)
    i.vPortSetupTimerInterrupt               0x080040b4   Section        0  port.o(i.vPortSetupTimerInterrupt)
    i.vPortValidateInterruptPriority         0x080040d8   Section        0  port.o(i.vPortValidateInterruptPriority)
    i.vTaskDelay                             0x0800412c   Section        0  tasks.o(i.vTaskDelay)
    i.vTaskInternalSetTimeOutState           0x08004178   Section        0  tasks.o(i.vTaskInternalSetTimeOutState)
    i.vTaskMissedYield                       0x08004188   Section        0  tasks.o(i.vTaskMissedYield)
    i.vTaskPlaceOnEventList                  0x08004194   Section        0  tasks.o(i.vTaskPlaceOnEventList)
    i.vTaskPriorityDisinheritAfterTimeout    0x080041c4   Section        0  tasks.o(i.vTaskPriorityDisinheritAfterTimeout)
    i.vTaskStartScheduler                    0x0800426c   Section        0  tasks.o(i.vTaskStartScheduler)
    i.vTaskSuspendAll                        0x080042d8   Section        0  tasks.o(i.vTaskSuspendAll)
    i.vTaskSwitchContext                     0x080042e8   Section        0  tasks.o(i.vTaskSwitchContext)
    i.xPortStartScheduler                    0x08004344   Section        0  port.o(i.xPortStartScheduler)
    i.xQueueGenericCreate                    0x08004438   Section        0  queue.o(i.xQueueGenericCreate)
    i.xQueueGenericReset                     0x08004480   Section        0  queue.o(i.xQueueGenericReset)
    i.xQueueGenericSend                      0x08004508   Section        0  queue.o(i.xQueueGenericSend)
    i.xQueueGiveFromISR                      0x08004668   Section        0  queue.o(i.xQueueGiveFromISR)
    i.xQueueSemaphoreTake                    0x08004704   Section        0  queue.o(i.xQueueSemaphoreTake)
    i.xTaskCheckForTimeOut                   0x0800487c   Section        0  tasks.o(i.xTaskCheckForTimeOut)
    i.xTaskCreate                            0x080048f0   Section        0  tasks.o(i.xTaskCreate)
    i.xTaskCreateStatic                      0x0800494a   Section        0  tasks.o(i.xTaskCreateStatic)
    i.xTaskGetSchedulerState                 0x080049a0   Section        0  tasks.o(i.xTaskGetSchedulerState)
    i.xTaskIncrementTick                     0x080049bc   Section        0  tasks.o(i.xTaskIncrementTick)
    i.xTaskPriorityDisinherit                0x08004a84   Section        0  tasks.o(i.xTaskPriorityDisinherit)
    i.xTaskPriorityInherit                   0x08004b1c   Section        0  tasks.o(i.xTaskPriorityInherit)
    i.xTaskRemoveFromEventList               0x08004bb0   Section        0  tasks.o(i.xTaskRemoveFromEventList)
    i.xTaskResumeAll                         0x08004c24   Section        0  tasks.o(i.xTaskResumeAll)
    .constdata                               0x08004ce8   Section      140  freertos.o(.constdata)
    .constdata                               0x08004d74   Section        8  stm32f4xx_hal_dma.o(.constdata)
    flagBitshiftOffset                       0x08004d74   Data           8  stm32f4xx_hal_dma.o(.constdata)
    .constdata                               0x08004d7c   Section       16  system_stm32f4xx.o(.constdata)
    .constdata                               0x08004d8c   Section        8  system_stm32f4xx.o(.constdata)
    .conststring                             0x08004d94   Section       60  freertos.o(.conststring)
    .data                                    0x20000000   Section       20  freertos.o(.data)
    .data                                    0x20000014   Section        8  roundmotor.o(.data)
    cnt                                      0x20000014   Data           4  roundmotor.o(.data)
    last                                     0x20000018   Data           4  roundmotor.o(.data)
    .data                                    0x2000001c   Section        8  linearmotor.o(.data)
    cnt                                      0x2000001c   Data           4  linearmotor.o(.data)
    last                                     0x20000020   Data           4  linearmotor.o(.data)
    .data                                    0x20000024   Section       24  variate.o(.data)
    .data                                    0x2000003c   Section        4  variate.o(.data)
    .data                                    0x20000040   Section        4  variate.o(.data)
    .data                                    0x20000044   Section        4  variate.o(.data)
    .data                                    0x20000048   Section        2  variate.o(.data)
    .data                                    0x2000004c   Section        4  variate.o(.data)
    .data                                    0x20000050   Section        4  variate.o(.data)
    .data                                    0x20000054   Section        4  variate.o(.data)
    .data                                    0x20000058   Section        4  variate.o(.data)
    .data                                    0x2000005c   Section        2  variate.o(.data)
    .data                                    0x20000060   Section        4  variate.o(.data)
    .data                                    0x20000064   Section        8  variate.o(.data)
    .data                                    0x20000070   Section        8  variate.o(.data)
    .data                                    0x20000078   Section        4  variate.o(.data)
    .data                                    0x2000007c   Section        4  variate.o(.data)
    .data                                    0x20000080   Section        4  variate.o(.data)
    .data                                    0x20000084   Section        1  variate.o(.data)
    .data                                    0x20000085   Section        1  variate.o(.data)
    .data                                    0x20000086   Section        1  variate.o(.data)
    .data                                    0x20000087   Section        1  variate.o(.data)
    .data                                    0x20000088   Section        1  variate.o(.data)
    .data                                    0x20000089   Section        1  variate.o(.data)
    .data                                    0x2000008a   Section        1  variate.o(.data)
    .data                                    0x2000008c   Section        4  variate.o(.data)
    .data                                    0x20000090   Section        4  variate.o(.data)
    .data                                    0x20000094   Section        4  variate.o(.data)
    .data                                    0x20000098   Section       12  stm32f4xx_hal.o(.data)
    .data                                    0x200000a4   Section        4  system_stm32f4xx.o(.data)
    .data                                    0x200000a8   Section       60  tasks.o(.data)
    pxDelayedTaskList                        0x200000ac   Data           4  tasks.o(.data)
    pxOverflowDelayedTaskList                0x200000b0   Data           4  tasks.o(.data)
    uxDeletedTasksWaitingCleanUp             0x200000b4   Data           4  tasks.o(.data)
    uxCurrentNumberOfTasks                   0x200000b8   Data           4  tasks.o(.data)
    xTickCount                               0x200000bc   Data           4  tasks.o(.data)
    uxTopReadyPriority                       0x200000c0   Data           4  tasks.o(.data)
    xSchedulerRunning                        0x200000c4   Data           4  tasks.o(.data)
    uxPendedTicks                            0x200000c8   Data           4  tasks.o(.data)
    xYieldPending                            0x200000cc   Data           4  tasks.o(.data)
    xNumOfOverflows                          0x200000d0   Data           4  tasks.o(.data)
    uxTaskNumber                             0x200000d4   Data           4  tasks.o(.data)
    xNextTaskUnblockTime                     0x200000d8   Data           4  tasks.o(.data)
    xIdleTaskHandle                          0x200000dc   Data           4  tasks.o(.data)
    uxSchedulerSuspended                     0x200000e0   Data           4  tasks.o(.data)
    .data                                    0x200000e4   Section       24  heap_4.o(.data)
    pxEnd                                    0x200000e4   Data           4  heap_4.o(.data)
    xFreeBytesRemaining                      0x200000e8   Data           4  heap_4.o(.data)
    xMinimumEverFreeBytesRemaining           0x200000ec   Data           4  heap_4.o(.data)
    xBlockAllocatedBit                       0x200000f0   Data           4  heap_4.o(.data)
    xStart                                   0x200000f4   Data           8  heap_4.o(.data)
    .data                                    0x200000fc   Section       12  port.o(.data)
    ucMaxSysCallPriority                     0x200000fc   Data           1  port.o(.data)
    uxCriticalNesting                        0x20000100   Data           4  port.o(.data)
    ulMaxPRIGROUPValue                       0x20000104   Data           4  port.o(.data)
    .bss                                     0x20000108   Section      596  freertos.o(.bss)
    xIdleTaskTCBBuffer                       0x20000108   Data          84  freertos.o(.bss)
    xIdleStack                               0x2000015c   Data         512  freertos.o(.bss)
    .bss                                     0x2000035c   Section      320  tim.o(.bss)
    .bss                                     0x2000049c   Section      256  usart.o(.bss)
    .bss                                     0x2000059c   Section       64  stm32f4xx_hal_timebase_tim.o(.bss)
    .bss                                     0x200005dc   Section      100  variate.o(.bss)
    .bss                                     0x20000640   Section       32  variate.o(.bss)
    .bss                                     0x20000660   Section       32  variate.o(.bss)
    .bss                                     0x20000680   Section      240  tasks.o(.bss)
    pxReadyTasksLists                        0x20000680   Data         140  tasks.o(.bss)
    xDelayedTaskList1                        0x2000070c   Data          20  tasks.o(.bss)
    xDelayedTaskList2                        0x20000720   Data          20  tasks.o(.bss)
    xPendingReadyList                        0x20000734   Data          20  tasks.o(.bss)
    xTasksWaitingTermination                 0x20000748   Data          20  tasks.o(.bss)
    xSuspendedTaskList                       0x2000075c   Data          20  tasks.o(.bss)
    .bss                                     0x20000770   Section    15360  heap_4.o(.bss)
    ucHeap                                   0x20000770   Data       15360  heap_4.o(.bss)
    STACK                                    0x20004370   Section     1024  startup_stm32f407xx.o(STACK)

    Global Symbols

    Symbol Name                              Value     Ov Type        Size  Object(Section)

    BuildAttributes$$THM_ISAv4$E$P$D$K$B$S$7EM$VFPi3$EXTD16$VFPS$VFMA$PE$A:L22UL41UL21$X:L11$S22US41US21$IEEE1$IW$USESV6$~STKCKD$USESV7$~SHL$OTIME$ROPI$IEEEJ$EBA8$MICROLIB$REQ8$PRES8$EABIv2 0x00000000   Number         0  anon$$obj.o ABSOLUTE
    __ARM_use_no_argv                        0x00000000   Number         0  main.o ABSOLUTE
    __arm_fini_                               - Undefined Weak Reference
    __cpp_initialize__aeabi_                  - Undefined Weak Reference
    __cxa_finalize                            - Undefined Weak Reference
    __decompress                              - Undefined Weak Reference
    _clock_init                               - Undefined Weak Reference
    _microlib_exit                            - Undefined Weak Reference
    __Vectors_Size                           0x00000188   Number         0  startup_stm32f407xx.o ABSOLUTE
    __Vectors                                0x08000000   Data           4  startup_stm32f407xx.o(RESET)
    __Vectors_End                            0x08000188   Data           0  startup_stm32f407xx.o(RESET)
    __main                                   0x08000189   Thumb Code     0  entry.o(.ARM.Collect$$$$00000000)
    _main_stk                                0x08000189   Thumb Code     0  entry2.o(.ARM.Collect$$$$00000001)
    _main_scatterload                        0x0800018d   Thumb Code     0  entry5.o(.ARM.Collect$$$$00000004)
    __main_after_scatterload                 0x08000191   Thumb Code     0  entry5.o(.ARM.Collect$$$$00000004)
    _main_clock                              0x08000191   Thumb Code     0  entry7b.o(.ARM.Collect$$$$00000008)
    _main_cpp_init                           0x08000191   Thumb Code     0  entry8b.o(.ARM.Collect$$$$0000000A)
    _main_init                               0x08000191   Thumb Code     0  entry9a.o(.ARM.Collect$$$$0000000B)
    __rt_lib_shutdown_fini                   0x08000199   Thumb Code     0  entry12b.o(.ARM.Collect$$$$0000000E)
    __rt_final_cpp                           0x0800019d   Thumb Code     0  entry10a.o(.ARM.Collect$$$$0000000F)
    __rt_final_exit                          0x0800019d   Thumb Code     0  entry11a.o(.ARM.Collect$$$$00000011)
    SVC_Handler                              0x080001a1   Thumb Code    28  port.o(.emb_text)
    __asm___6_port_c_39a90d8d__prvStartFirstTask 0x080001c1   Thumb Code    36  port.o(.emb_text)
    __asm___6_port_c_39a90d8d__prvEnableVFP  0x080001e9   Thumb Code    16  port.o(.emb_text)
    PendSV_Handler                           0x080001fd   Thumb Code    88  port.o(.emb_text)
    vPortGetIPSR                             0x08000259   Thumb Code     6  port.o(.emb_text)
    Reset_Handler                            0x08000261   Thumb Code     8  startup_stm32f407xx.o(.text)
    ADC_IRQHandler                           0x0800027b   Thumb Code     0  startup_stm32f407xx.o(.text)
    CAN1_RX0_IRQHandler                      0x0800027b   Thumb Code     0  startup_stm32f407xx.o(.text)
    CAN1_RX1_IRQHandler                      0x0800027b   Thumb Code     0  startup_stm32f407xx.o(.text)
    CAN1_SCE_IRQHandler                      0x0800027b   Thumb Code     0  startup_stm32f407xx.o(.text)
    CAN1_TX_IRQHandler                       0x0800027b   Thumb Code     0  startup_stm32f407xx.o(.text)
    CAN2_RX0_IRQHandler                      0x0800027b   Thumb Code     0  startup_stm32f407xx.o(.text)
    CAN2_RX1_IRQHandler                      0x0800027b   Thumb Code     0  startup_stm32f407xx.o(.text)
    CAN2_SCE_IRQHandler                      0x0800027b   Thumb Code     0  startup_stm32f407xx.o(.text)
    CAN2_TX_IRQHandler                       0x0800027b   Thumb Code     0  startup_stm32f407xx.o(.text)
    DCMI_IRQHandler                          0x0800027b   Thumb Code     0  startup_stm32f407xx.o(.text)
    DMA1_Stream0_IRQHandler                  0x0800027b   Thumb Code     0  startup_stm32f407xx.o(.text)
    DMA1_Stream1_IRQHandler                  0x0800027b   Thumb Code     0  startup_stm32f407xx.o(.text)
    DMA1_Stream2_IRQHandler                  0x0800027b   Thumb Code     0  startup_stm32f407xx.o(.text)
    DMA1_Stream3_IRQHandler                  0x0800027b   Thumb Code     0  startup_stm32f407xx.o(.text)
    DMA1_Stream4_IRQHandler                  0x0800027b   Thumb Code     0  startup_stm32f407xx.o(.text)
    DMA1_Stream7_IRQHandler                  0x0800027b   Thumb Code     0  startup_stm32f407xx.o(.text)
    DMA2_Stream0_IRQHandler                  0x0800027b   Thumb Code     0  startup_stm32f407xx.o(.text)
    DMA2_Stream1_IRQHandler                  0x0800027b   Thumb Code     0  startup_stm32f407xx.o(.text)
    DMA2_Stream2_IRQHandler                  0x0800027b   Thumb Code     0  startup_stm32f407xx.o(.text)
    DMA2_Stream3_IRQHandler                  0x0800027b   Thumb Code     0  startup_stm32f407xx.o(.text)
    DMA2_Stream4_IRQHandler                  0x0800027b   Thumb Code     0  startup_stm32f407xx.o(.text)
    DMA2_Stream5_IRQHandler                  0x0800027b   Thumb Code     0  startup_stm32f407xx.o(.text)
    DMA2_Stream6_IRQHandler                  0x0800027b   Thumb Code     0  startup_stm32f407xx.o(.text)
    DMA2_Stream7_IRQHandler                  0x0800027b   Thumb Code     0  startup_stm32f407xx.o(.text)
    ETH_IRQHandler                           0x0800027b   Thumb Code     0  startup_stm32f407xx.o(.text)
    ETH_WKUP_IRQHandler                      0x0800027b   Thumb Code     0  startup_stm32f407xx.o(.text)
    EXTI0_IRQHandler                         0x0800027b   Thumb Code     0  startup_stm32f407xx.o(.text)
    EXTI15_10_IRQHandler                     0x0800027b   Thumb Code     0  startup_stm32f407xx.o(.text)
    EXTI1_IRQHandler                         0x0800027b   Thumb Code     0  startup_stm32f407xx.o(.text)
    EXTI2_IRQHandler                         0x0800027b   Thumb Code     0  startup_stm32f407xx.o(.text)
    EXTI3_IRQHandler                         0x0800027b   Thumb Code     0  startup_stm32f407xx.o(.text)
    EXTI4_IRQHandler                         0x0800027b   Thumb Code     0  startup_stm32f407xx.o(.text)
    EXTI9_5_IRQHandler                       0x0800027b   Thumb Code     0  startup_stm32f407xx.o(.text)
    FLASH_IRQHandler                         0x0800027b   Thumb Code     0  startup_stm32f407xx.o(.text)
    FMC_IRQHandler                           0x0800027b   Thumb Code     0  startup_stm32f407xx.o(.text)
    FPU_IRQHandler                           0x0800027b   Thumb Code     0  startup_stm32f407xx.o(.text)
    HASH_RNG_IRQHandler                      0x0800027b   Thumb Code     0  startup_stm32f407xx.o(.text)
    I2C1_ER_IRQHandler                       0x0800027b   Thumb Code     0  startup_stm32f407xx.o(.text)
    I2C1_EV_IRQHandler                       0x0800027b   Thumb Code     0  startup_stm32f407xx.o(.text)
    I2C2_ER_IRQHandler                       0x0800027b   Thumb Code     0  startup_stm32f407xx.o(.text)
    I2C2_EV_IRQHandler                       0x0800027b   Thumb Code     0  startup_stm32f407xx.o(.text)
    I2C3_ER_IRQHandler                       0x0800027b   Thumb Code     0  startup_stm32f407xx.o(.text)
    I2C3_EV_IRQHandler                       0x0800027b   Thumb Code     0  startup_stm32f407xx.o(.text)
    OTG_FS_IRQHandler                        0x0800027b   Thumb Code     0  startup_stm32f407xx.o(.text)
    OTG_FS_WKUP_IRQHandler                   0x0800027b   Thumb Code     0  startup_stm32f407xx.o(.text)
    OTG_HS_EP1_IN_IRQHandler                 0x0800027b   Thumb Code     0  startup_stm32f407xx.o(.text)
    OTG_HS_EP1_OUT_IRQHandler                0x0800027b   Thumb Code     0  startup_stm32f407xx.o(.text)
    OTG_HS_IRQHandler                        0x0800027b   Thumb Code     0  startup_stm32f407xx.o(.text)
    OTG_HS_WKUP_IRQHandler                   0x0800027b   Thumb Code     0  startup_stm32f407xx.o(.text)
    PVD_IRQHandler                           0x0800027b   Thumb Code     0  startup_stm32f407xx.o(.text)
    RCC_IRQHandler                           0x0800027b   Thumb Code     0  startup_stm32f407xx.o(.text)
    RTC_Alarm_IRQHandler                     0x0800027b   Thumb Code     0  startup_stm32f407xx.o(.text)
    RTC_WKUP_IRQHandler                      0x0800027b   Thumb Code     0  startup_stm32f407xx.o(.text)
    SDIO_IRQHandler                          0x0800027b   Thumb Code     0  startup_stm32f407xx.o(.text)
    SPI1_IRQHandler                          0x0800027b   Thumb Code     0  startup_stm32f407xx.o(.text)
    SPI2_IRQHandler                          0x0800027b   Thumb Code     0  startup_stm32f407xx.o(.text)
    SPI3_IRQHandler                          0x0800027b   Thumb Code     0  startup_stm32f407xx.o(.text)
    TAMP_STAMP_IRQHandler                    0x0800027b   Thumb Code     0  startup_stm32f407xx.o(.text)
    TIM1_BRK_TIM9_IRQHandler                 0x0800027b   Thumb Code     0  startup_stm32f407xx.o(.text)
    TIM1_CC_IRQHandler                       0x0800027b   Thumb Code     0  startup_stm32f407xx.o(.text)
    TIM1_TRG_COM_TIM11_IRQHandler            0x0800027b   Thumb Code     0  startup_stm32f407xx.o(.text)
    TIM2_IRQHandler                          0x0800027b   Thumb Code     0  startup_stm32f407xx.o(.text)
    TIM3_IRQHandler                          0x0800027b   Thumb Code     0  startup_stm32f407xx.o(.text)
    TIM4_IRQHandler                          0x0800027b   Thumb Code     0  startup_stm32f407xx.o(.text)
    TIM6_DAC_IRQHandler                      0x0800027b   Thumb Code     0  startup_stm32f407xx.o(.text)
    TIM7_IRQHandler                          0x0800027b   Thumb Code     0  startup_stm32f407xx.o(.text)
    TIM8_BRK_TIM12_IRQHandler                0x0800027b   Thumb Code     0  startup_stm32f407xx.o(.text)
    TIM8_CC_IRQHandler                       0x0800027b   Thumb Code     0  startup_stm32f407xx.o(.text)
    TIM8_UP_TIM13_IRQHandler                 0x0800027b   Thumb Code     0  startup_stm32f407xx.o(.text)
    UART4_IRQHandler                         0x0800027b   Thumb Code     0  startup_stm32f407xx.o(.text)
    UART5_IRQHandler                         0x0800027b   Thumb Code     0  startup_stm32f407xx.o(.text)
    USART1_IRQHandler                        0x0800027b   Thumb Code     0  startup_stm32f407xx.o(.text)
    USART3_IRQHandler                        0x0800027b   Thumb Code     0  startup_stm32f407xx.o(.text)
    USART6_IRQHandler                        0x0800027b   Thumb Code     0  startup_stm32f407xx.o(.text)
    WWDG_IRQHandler                          0x0800027b   Thumb Code     0  startup_stm32f407xx.o(.text)
    __aeabi_uldivmod                         0x08000285   Thumb Code    98  uldiv.o(.text)
    __aeabi_memcpy                           0x080002e7   Thumb Code    36  memcpya.o(.text)
    __aeabi_memcpy4                          0x080002e7   Thumb Code     0  memcpya.o(.text)
    __aeabi_memcpy8                          0x080002e7   Thumb Code     0  memcpya.o(.text)
    __aeabi_memset                           0x0800030b   Thumb Code    14  memseta.o(.text)
    __aeabi_memset4                          0x0800030b   Thumb Code     0  memseta.o(.text)
    __aeabi_memset8                          0x0800030b   Thumb Code     0  memseta.o(.text)
    __aeabi_memclr                           0x08000319   Thumb Code     4  memseta.o(.text)
    __aeabi_memclr4                          0x08000319   Thumb Code     0  memseta.o(.text)
    __aeabi_memclr8                          0x08000319   Thumb Code     0  memseta.o(.text)
    memset                                   0x0800031d   Thumb Code    18  memseta.o(.text)
    __aeabi_dadd                             0x0800032f   Thumb Code   322  dadd.o(.text)
    __aeabi_dsub                             0x08000471   Thumb Code     6  dadd.o(.text)
    __aeabi_drsub                            0x08000477   Thumb Code     6  dadd.o(.text)
    __aeabi_dmul                             0x0800047d   Thumb Code   228  dmul.o(.text)
    __aeabi_ddiv                             0x08000561   Thumb Code   222  ddiv.o(.text)
    __aeabi_i2d                              0x0800063f   Thumb Code    34  dflti.o(.text)
    __aeabi_d2iz                             0x08000661   Thumb Code    62  dfixi.o(.text)
    __aeabi_cdcmpeq                          0x080006a1   Thumb Code     0  cdcmple.o(.text)
    __aeabi_cdcmple                          0x080006a1   Thumb Code    48  cdcmple.o(.text)
    __aeabi_d2f                              0x080006d1   Thumb Code    56  d2f.o(.text)
    __aeabi_llsl                             0x08000709   Thumb Code    30  llshl.o(.text)
    _ll_shift_l                              0x08000709   Thumb Code     0  llshl.o(.text)
    __aeabi_llsr                             0x08000727   Thumb Code    32  llushr.o(.text)
    _ll_ushift_r                             0x08000727   Thumb Code     0  llushr.o(.text)
    __aeabi_lasr                             0x08000747   Thumb Code    36  llsshr.o(.text)
    _ll_sshift_r                             0x08000747   Thumb Code     0  llsshr.o(.text)
    __I$use$fp                               0x0800076b   Thumb Code     0  iusefp.o(.text)
    _float_round                             0x0800076b   Thumb Code    18  fepilogue.o(.text)
    _float_epilogue                          0x0800077d   Thumb Code    92  fepilogue.o(.text)
    _double_round                            0x080007d9   Thumb Code    30  depilogue.o(.text)
    _double_epilogue                         0x080007f7   Thumb Code   156  depilogue.o(.text)
    __scatterload                            0x08000895   Thumb Code    28  init.o(.text)
    __scatterload_rt2                        0x08000895   Thumb Code     0  init.o(.text)
    BusFault_Handler                         0x080008b9   Thumb Code     2  stm32f4xx_it.o(i.BusFault_Handler)
    Check_LinearMotor_Position               0x080008bd   Thumb Code    66  linearmotor.o(i.Check_LinearMotor_Position)
    Check_RoundMotor_Position                0x0800090d   Thumb Code    66  roundmotor.o(i.Check_RoundMotor_Position)
    Command_Analysis                         0x0800095d   Thumb Code   202  command.o(i.Command_Analysis)
    DMA1_Stream5_IRQHandler                  0x08000a75   Thumb Code     6  stm32f4xx_it.o(i.DMA1_Stream5_IRQHandler)
    DMA1_Stream6_IRQHandler                  0x08000a81   Thumb Code     6  stm32f4xx_it.o(i.DMA1_Stream6_IRQHandler)
    Data_cal                                 0x08000b31   Thumb Code   104  command.o(i.Data_cal)
    DebugMon_Handler                         0x08000bc5   Thumb Code     2  stm32f4xx_it.o(i.DebugMon_Handler)
    Engine                                   0x08000bc9   Thumb Code   184  freertos.o(i.Engine)
    Error_Handler                            0x08000c95   Thumb Code     2  main.o(i.Error_Handler)
    FindCommand                              0x08000c99   Thumb Code    70  command.o(i.FindCommand)
    HAL_DMA_Abort_IT                         0x08000ce5   Thumb Code    36  stm32f4xx_hal_dma.o(i.HAL_DMA_Abort_IT)
    HAL_DMA_IRQHandler                       0x08000d09   Thumb Code   412  stm32f4xx_hal_dma.o(i.HAL_DMA_IRQHandler)
    HAL_DMA_Init                             0x08000ea9   Thumb Code   206  stm32f4xx_hal_dma.o(i.HAL_DMA_Init)
    HAL_DMA_Start_IT                         0x08000f7d   Thumb Code   110  stm32f4xx_hal_dma.o(i.HAL_DMA_Start_IT)
    HAL_Delay                                0x08000fed   Thumb Code    32  stm32f4xx_hal.o(i.HAL_Delay)
    HAL_GPIO_Init                            0x08001011   Thumb Code   394  stm32f4xx_hal_gpio.o(i.HAL_GPIO_Init)
    HAL_GPIO_WritePin                        0x080011c9   Thumb Code    10  stm32f4xx_hal_gpio.o(i.HAL_GPIO_WritePin)
    HAL_GetTick                              0x080011d5   Thumb Code     6  stm32f4xx_hal.o(i.HAL_GetTick)
    HAL_IncTick                              0x080011e1   Thumb Code    12  stm32f4xx_hal.o(i.HAL_IncTick)
    HAL_Init                                 0x080011f1   Thumb Code    48  stm32f4xx_hal.o(i.HAL_Init)
    HAL_InitTick                             0x08001225   Thumb Code   100  stm32f4xx_hal_timebase_tim.o(i.HAL_InitTick)
    HAL_MspInit                              0x08001299   Thumb Code    42  stm32f4xx_hal_msp.o(i.HAL_MspInit)
    HAL_NVIC_EnableIRQ                       0x080012c9   Thumb Code    26  stm32f4xx_hal_cortex.o(i.HAL_NVIC_EnableIRQ)
    HAL_NVIC_SetPriority                     0x080012e5   Thumb Code    60  stm32f4xx_hal_cortex.o(i.HAL_NVIC_SetPriority)
    HAL_NVIC_SetPriorityGrouping             0x08001325   Thumb Code    26  stm32f4xx_hal_cortex.o(i.HAL_NVIC_SetPriorityGrouping)
    HAL_RCC_ClockConfig                      0x08001349   Thumb Code   288  stm32f4xx_hal_rcc.o(i.HAL_RCC_ClockConfig)
    HAL_RCC_GetClockConfig                   0x0800147d   Thumb Code    54  stm32f4xx_hal_rcc.o(i.HAL_RCC_GetClockConfig)
    HAL_RCC_GetPCLK1Freq                     0x080014bd   Thumb Code    20  stm32f4xx_hal_rcc.o(i.HAL_RCC_GetPCLK1Freq)
    HAL_RCC_GetPCLK2Freq                     0x080014dd   Thumb Code    20  stm32f4xx_hal_rcc.o(i.HAL_RCC_GetPCLK2Freq)
    HAL_RCC_GetSysClockFreq                  0x080014fd   Thumb Code    88  stm32f4xx_hal_rcc.o(i.HAL_RCC_GetSysClockFreq)
    HAL_RCC_OscConfig                        0x0800155d   Thumb Code   840  stm32f4xx_hal_rcc.o(i.HAL_RCC_OscConfig)
    HAL_TIMEx_BreakCallback                  0x080018b9   Thumb Code     2  stm32f4xx_hal_tim_ex.o(i.HAL_TIMEx_BreakCallback)
    HAL_TIMEx_CommutCallback                 0x080018bb   Thumb Code     2  stm32f4xx_hal_tim_ex.o(i.HAL_TIMEx_CommutCallback)
    HAL_TIMEx_MasterConfigSynchronization    0x080018bd   Thumb Code   116  stm32f4xx_hal_tim_ex.o(i.HAL_TIMEx_MasterConfigSynchronization)
    HAL_TIM_Base_Init                        0x0800194d   Thumb Code    54  stm32f4xx_hal_tim.o(i.HAL_TIM_Base_Init)
    HAL_TIM_Base_MspInit                     0x08001985   Thumb Code    78  tim.o(i.HAL_TIM_Base_MspInit)
    HAL_TIM_Base_Start_IT                    0x080019e5   Thumb Code    34  stm32f4xx_hal_tim.o(i.HAL_TIM_Base_Start_IT)
    HAL_TIM_ConfigClockSource                0x08001a07   Thumb Code   214  stm32f4xx_hal_tim.o(i.HAL_TIM_ConfigClockSource)
    HAL_TIM_Encoder_Init                     0x08001add   Thumb Code   152  stm32f4xx_hal_tim.o(i.HAL_TIM_Encoder_Init)
    HAL_TIM_Encoder_MspInit                  0x08001b75   Thumb Code   184  tim.o(i.HAL_TIM_Encoder_MspInit)
    HAL_TIM_Encoder_Start                    0x08001c41   Thumb Code    52  stm32f4xx_hal_tim.o(i.HAL_TIM_Encoder_Start)
    HAL_TIM_IC_CaptureCallback               0x08001c75   Thumb Code     2  stm32f4xx_hal_tim.o(i.HAL_TIM_IC_CaptureCallback)
    HAL_TIM_IRQHandler                       0x08001c77   Thumb Code   358  stm32f4xx_hal_tim.o(i.HAL_TIM_IRQHandler)
    HAL_TIM_MspPostInit                      0x08001ddd   Thumb Code   210  tim.o(i.HAL_TIM_MspPostInit)
    HAL_TIM_OC_DelayElapsedCallback          0x08001ed1   Thumb Code     2  stm32f4xx_hal_tim.o(i.HAL_TIM_OC_DelayElapsedCallback)
    HAL_TIM_PWM_ConfigChannel                0x08001ed3   Thumb Code   208  stm32f4xx_hal_tim.o(i.HAL_TIM_PWM_ConfigChannel)
    HAL_TIM_PWM_Init                         0x08001fa3   Thumb Code    54  stm32f4xx_hal_tim.o(i.HAL_TIM_PWM_Init)
    HAL_TIM_PWM_MspInit                      0x08001fd9   Thumb Code     2  stm32f4xx_hal_tim.o(i.HAL_TIM_PWM_MspInit)
    HAL_TIM_PWM_PulseFinishedCallback        0x08001fdb   Thumb Code     2  stm32f4xx_hal_tim.o(i.HAL_TIM_PWM_PulseFinishedCallback)
    HAL_TIM_PWM_Start                        0x08001fdd   Thumb Code    58  stm32f4xx_hal_tim.o(i.HAL_TIM_PWM_Start)
    HAL_TIM_PeriodElapsedCallback            0x08002021   Thumb Code    70  main.o(i.HAL_TIM_PeriodElapsedCallback)
    HAL_TIM_TriggerCallback                  0x0800207d   Thumb Code     2  stm32f4xx_hal_tim.o(i.HAL_TIM_TriggerCallback)
    HAL_UART_ErrorCallback                   0x0800207f   Thumb Code     2  stm32f4xx_hal_uart.o(i.HAL_UART_ErrorCallback)
    HAL_UART_IRQHandler                      0x08002081   Thumb Code   270  stm32f4xx_hal_uart.o(i.HAL_UART_IRQHandler)
    HAL_UART_IdleCpltCallback                0x08002195   Thumb Code    10  main.o(i.HAL_UART_IdleCpltCallback)
    HAL_UART_Init                            0x080021a5   Thumb Code    98  stm32f4xx_hal_uart.o(i.HAL_UART_Init)
    HAL_UART_MspInit                         0x08002209   Thumb Code   242  usart.o(i.HAL_UART_MspInit)
    HAL_UART_Receive_DMA                     0x08002315   Thumb Code   138  stm32f4xx_hal_uart.o(i.HAL_UART_Receive_DMA)
    HAL_UART_RxCpltCallback                  0x080023ad   Thumb Code    20  main.o(i.HAL_UART_RxCpltCallback)
    HAL_UART_RxHalfCpltCallback              0x080023cd   Thumb Code     2  stm32f4xx_hal_uart.o(i.HAL_UART_RxHalfCpltCallback)
    HAL_UART_Transmit_DMA                    0x080023d1   Thumb Code   114  stm32f4xx_hal_uart.o(i.HAL_UART_Transmit_DMA)
    HAL_UART_TxCpltCallback                  0x08002451   Thumb Code     2  stm32f4xx_hal_uart.o(i.HAL_UART_TxCpltCallback)
    HAL_UART_TxHalfCpltCallback              0x08002453   Thumb Code     2  stm32f4xx_hal_uart.o(i.HAL_UART_TxHalfCpltCallback)
    HardFault_Handler                        0x08002455   Thumb Code     2  stm32f4xx_it.o(i.HardFault_Handler)
    LinearMotorInit                          0x08002459   Thumb Code    80  linearmotor.o(i.LinearMotorInit)
    LinearMotorTask                          0x080024c9   Thumb Code    20  freertos.o(i.LinearMotorTask)
    MX_DMA_Init                              0x080024e1   Thumb Code    56  dma.o(i.MX_DMA_Init)
    MX_FREERTOS_Init                         0x0800251d   Thumb Code   160  freertos.o(i.MX_FREERTOS_Init)
    MX_GPIO_Init                             0x080025d1   Thumb Code   166  gpio.o(i.MX_GPIO_Init)
    MX_TIM11_Init                            0x08002681   Thumb Code    96  tim.o(i.MX_TIM11_Init)
    MX_TIM1_Init                             0x080026e9   Thumb Code   102  tim.o(i.MX_TIM1_Init)
    MX_TIM3_Init                             0x08002759   Thumb Code   192  tim.o(i.MX_TIM3_Init)
    MX_TIM4_Init                             0x08002821   Thumb Code   192  tim.o(i.MX_TIM4_Init)
    MX_TIM5_Init                             0x080028e9   Thumb Code   100  tim.o(i.MX_TIM5_Init)
    MX_USART2_UART_Init                      0x08002955   Thumb Code    48  usart.o(i.MX_USART2_UART_Init)
    MemManage_Handler                        0x0800298d   Thumb Code     2  stm32f4xx_it.o(i.MemManage_Handler)
    NMI_Handler                              0x0800298f   Thumb Code     2  stm32f4xx_it.o(i.NMI_Handler)
    PID_param_init                           0x08002991   Thumb Code    76  motor.o(i.PID_param_init)
    PID_realize                              0x080029e5   Thumb Code   112  motor.o(i.PID_realize)
    PWM_Limit                                0x08002a59   Thumb Code    20  engine.o(i.PWM_Limit)
    RoundMotorTask                           0x08002a6d   Thumb Code    20  freertos.o(i.RoundMotorTask)
    StartDefaultTask                         0x08002a85   Thumb Code    24  freertos.o(i.StartDefaultTask)
    StartTaskMotor1                          0x08002aa1   Thumb Code   166  roundmotor.o(i.StartTaskMotor1)
    StartTaskMotor2                          0x08002b75   Thumb Code   154  linearmotor.o(i.StartTaskMotor2)
    SysTick_Handler                          0x08002c3d   Thumb Code    38  port.o(i.SysTick_Handler)
    SystemClock_Config                       0x08002c69   Thumb Code   122  main.o(i.SystemClock_Config)
    SystemInit                               0x08002ced   Thumb Code    22  system_stm32f4xx.o(i.SystemInit)
    TIM1_UP_TIM10_IRQHandler                 0x08002d09   Thumb Code     6  stm32f4xx_it.o(i.TIM1_UP_TIM10_IRQHandler)
    TIM5_IRQHandler                          0x08002d15   Thumb Code     6  stm32f4xx_it.o(i.TIM5_IRQHandler)
    TIM8_TRG_COM_TIM14_IRQHandler            0x08002d21   Thumb Code     6  stm32f4xx_it.o(i.TIM8_TRG_COM_TIM14_IRQHandler)
    TIM_Base_SetConfig                       0x08002d2d   Thumb Code   156  stm32f4xx_hal_tim.o(i.TIM_Base_SetConfig)
    TIM_CCxChannelCmd                        0x08002df5   Thumb Code    26  stm32f4xx_hal_tim.o(i.TIM_CCxChannelCmd)
    TIM_ETR_SetConfig                        0x08002e0f   Thumb Code    20  stm32f4xx_hal_tim.o(i.TIM_ETR_SetConfig)
    TIM_OC2_SetConfig                        0x08002e95   Thumb Code    98  stm32f4xx_hal_tim.o(i.TIM_OC2_SetConfig)
    Translate_LinearMotor_Target             0x08003001   Thumb Code    56  linearmotor.o(i.Translate_LinearMotor_Target)
    Translate_RoundMotor_Target              0x08003049   Thumb Code    54  roundmotor.o(i.Translate_RoundMotor_Target)
    Transmit                                 0x08003095   Thumb Code    32  freertos.o(i.Transmit)
    Transmit_Motor1_Position                 0x080030bd   Thumb Code    76  roundmotor.o(i.Transmit_Motor1_Position)
    Transmit_Motor2_Position                 0x08003129   Thumb Code    56  linearmotor.o(i.Transmit_Motor2_Position)
    USART2_IRQHandler                        0x08003499   Thumb Code    38  stm32f4xx_it.o(i.USART2_IRQHandler)
    UsageFault_Handler                       0x080034c5   Thumb Code     2  stm32f4xx_it.o(i.UsageFault_Handler)
    __hardfp_fabs                            0x080034e7   Thumb Code    20  fabs.o(i.__hardfp_fabs)
    __scatterload_copy                       0x080034fb   Thumb Code    14  handlers.o(i.__scatterload_copy)
    __scatterload_null                       0x08003509   Thumb Code     2  handlers.o(i.__scatterload_null)
    __scatterload_zeroinit                   0x0800350b   Thumb Code    14  handlers.o(i.__scatterload_zeroinit)
    main                                     0x08003519   Thumb Code   198  main.o(i.main)
    motor_down_close                         0x0800360d   Thumb Code    40  engine.o(i.motor_down_close)
    motor_grab_ball                          0x08003639   Thumb Code    86  engine.o(i.motor_grab_ball)
    motor_grab_cube                          0x08003695   Thumb Code    86  engine.o(i.motor_grab_cube)
    motor_grab_cube_down                     0x080036f1   Thumb Code    40  engine.o(i.motor_grab_cube_down)
    motor_grab_edge_ball                     0x0800371d   Thumb Code   116  engine.o(i.motor_grab_edge_ball)
    motor_grab_edge_cube                     0x08003795   Thumb Code   116  engine.o(i.motor_grab_edge_cube)
    motor_init                               0x0800380d   Thumb Code    14  engine.o(i.motor_init)
    motor_move                               0x0800381d   Thumb Code    88  engine.o(i.motor_move)
    motor_put_ball                           0x08003879   Thumb Code    14  engine.o(i.motor_put_ball)
    motor_put_cube                           0x0800388d   Thumb Code    14  engine.o(i.motor_put_cube)
    motor_reset                              0x080038a1   Thumb Code    30  engine.o(i.motor_reset)
    motor_swap                               0x080038c5   Thumb Code     2  engine.o(i.motor_swap)
    motor_up_little                          0x080038c9   Thumb Code    30  engine.o(i.motor_up_little)
    motor_up_open                            0x080038ed   Thumb Code    28  engine.o(i.motor_up_open)
    osDelay                                  0x0800390d   Thumb Code    14  cmsis_os.o(i.osDelay)
    osKernelStart                            0x0800391b   Thumb Code    10  cmsis_os.o(i.osKernelStart)
    osThreadCreate                           0x08003925   Thumb Code    84  cmsis_os.o(i.osThreadCreate)
    pvPortMalloc                             0x08003dd1   Thumb Code   210  heap_4.o(i.pvPortMalloc)
    pvTaskIncrementMutexHeldCount            0x08003ea9   Thumb Code    18  tasks.o(i.pvTaskIncrementMutexHeldCount)
    pwm_val_protect                          0x08003ec1   Thumb Code    18  motor.o(i.pwm_val_protect)
    pxPortInitialiseStack                    0x08003ed5   Thumb Code    40  port.o(i.pxPortInitialiseStack)
    read_encoder                             0x08003f01   Thumb Code     6  motor.o(i.read_encoder)
    set_motor1_rotate                        0x08003f09   Thumb Code    32  roundmotor.o(i.set_motor1_rotate)
    set_motor2_rotate                        0x08003f2d   Thumb Code    28  linearmotor.o(i.set_motor2_rotate)
    set_target                               0x08003f4d   Thumb Code     4  motor.o(i.set_target)
    uxListRemove                             0x08003f51   Thumb Code    38  list.o(i.uxListRemove)
    vApplicationGetIdleTaskMemory            0x08003f79   Thumb Code    16  freertos.o(i.vApplicationGetIdleTaskMemory)
    vListInitialise                          0x08003f8d   Thumb Code    22  list.o(i.vListInitialise)
    vListInitialiseItem                      0x08003fa3   Thumb Code     6  list.o(i.vListInitialiseItem)
    vListInsert                              0x08003fa9   Thumb Code    48  list.o(i.vListInsert)
    vListInsertEnd                           0x08003fd9   Thumb Code    24  list.o(i.vListInsertEnd)
    vPortEnterCritical                       0x08003ff1   Thumb Code    54  port.o(i.vPortEnterCritical)
    vPortExitCritical                        0x08004031   Thumb Code    34  port.o(i.vPortExitCritical)
    vPortFree                                0x08004059   Thumb Code    88  heap_4.o(i.vPortFree)
    vPortSetupTimerInterrupt                 0x080040b5   Thumb Code    32  port.o(i.vPortSetupTimerInterrupt)
    vPortValidateInterruptPriority           0x080040d9   Thumb Code    74  port.o(i.vPortValidateInterruptPriority)
    vTaskDelay                               0x0800412d   Thumb Code    66  tasks.o(i.vTaskDelay)
    vTaskInternalSetTimeOutState             0x08004179   Thumb Code    12  tasks.o(i.vTaskInternalSetTimeOutState)
    vTaskMissedYield                         0x08004189   Thumb Code     8  tasks.o(i.vTaskMissedYield)
    vTaskPlaceOnEventList                    0x08004195   Thumb Code    44  tasks.o(i.vTaskPlaceOnEventList)
    vTaskPriorityDisinheritAfterTimeout      0x080041c5   Thumb Code   160  tasks.o(i.vTaskPriorityDisinheritAfterTimeout)
    vTaskStartScheduler                      0x0800426d   Thumb Code    90  tasks.o(i.vTaskStartScheduler)
    vTaskSuspendAll                          0x080042d9   Thumb Code    10  tasks.o(i.vTaskSuspendAll)
    vTaskSwitchContext                       0x080042e9   Thumb Code    82  tasks.o(i.vTaskSwitchContext)
    xPortStartScheduler                      0x08004345   Thumb Code   222  port.o(i.xPortStartScheduler)
    xQueueGenericCreate                      0x08004439   Thumb Code    72  queue.o(i.xQueueGenericCreate)
    xQueueGenericReset                       0x08004481   Thumb Code   132  queue.o(i.xQueueGenericReset)
    xQueueGenericSend                        0x08004509   Thumb Code   346  queue.o(i.xQueueGenericSend)
    xQueueGiveFromISR                        0x08004669   Thumb Code   156  queue.o(i.xQueueGiveFromISR)
    xQueueSemaphoreTake                      0x08004705   Thumb Code   372  queue.o(i.xQueueSemaphoreTake)
    xTaskCheckForTimeOut                     0x0800487d   Thumb Code   112  tasks.o(i.xTaskCheckForTimeOut)
    xTaskCreate                              0x080048f1   Thumb Code    90  tasks.o(i.xTaskCreate)
    xTaskCreateStatic                        0x0800494b   Thumb Code    86  tasks.o(i.xTaskCreateStatic)
    xTaskGetSchedulerState                   0x080049a1   Thumb Code    22  tasks.o(i.xTaskGetSchedulerState)
    xTaskIncrementTick                       0x080049bd   Thumb Code   192  tasks.o(i.xTaskIncrementTick)
    xTaskPriorityDisinherit                  0x08004a85   Thumb Code   144  tasks.o(i.xTaskPriorityDisinherit)
    xTaskPriorityInherit                     0x08004b1d   Thumb Code   138  tasks.o(i.xTaskPriorityInherit)
    xTaskRemoveFromEventList                 0x08004bb1   Thumb Code   108  tasks.o(i.xTaskRemoveFromEventList)
    xTaskResumeAll                           0x08004c25   Thumb Code   182  tasks.o(i.xTaskResumeAll)
    AHBPrescTable                            0x08004d7c   Data          16  system_stm32f4xx.o(.constdata)
    APBPrescTable                            0x08004d8c   Data           8  system_stm32f4xx.o(.constdata)
    Region$$Table$$Base                      0x08004dd0   Number         0  anon$$obj.o(Region$$Table)
    Region$$Table$$Limit                     0x08004df0   Number         0  anon$$obj.o(Region$$Table)
    defaultTaskHandle                        0x20000000   Data           4  freertos.o(.data)
    myTask02Handle                           0x20000004   Data           4  freertos.o(.data)
    myTask03Handle                           0x20000008   Data           4  freertos.o(.data)
    myTask04Handle                           0x2000000c   Data           4  freertos.o(.data)
    myTask05Handle                           0x20000010   Data           4  freertos.o(.data)
    initial_pid_val                          0x20000024   Data          24  variate.o(.data)
    pwm1                                     0x2000003c   Data           4  variate.o(.data)
    encoder1                                 0x20000040   Data           4  variate.o(.data)
    pid1_err_limit                           0x20000044   Data           4  variate.o(.data)
    Motor1EncoderOverflowCnt                 0x20000048   Data           2  variate.o(.data)
    RoundEncoder                             0x2000004c   Data           4  variate.o(.data)
    pwm2                                     0x20000050   Data           4  variate.o(.data)
    encoder2                                 0x20000054   Data           4  variate.o(.data)
    pid2_err_limit                           0x20000058   Data           4  variate.o(.data)
    Motor2EncoderOverflowCnt                 0x2000005c   Data           2  variate.o(.data)
    LinearEncoder                            0x20000060   Data           4  variate.o(.data)
    transmit                                 0x20000064   Data           8  variate.o(.data)
    Linear_length                            0x20000070   Data           8  variate.o(.data)
    Round_Angle                              0x20000078   Data           4  variate.o(.data)
    Start_Flag                               0x2000007c   Data           4  variate.o(.data)
    old_angle                                0x20000080   Data           4  variate.o(.data)
    NewMessage1                              0x20000084   Data           1  variate.o(.data)
    NewMessage2                              0x20000085   Data           1  variate.o(.data)
    Mode_Command                             0x20000086   Data           1  variate.o(.data)
    Round_Command                            0x20000087   Data           1  variate.o(.data)
    Linear_Command                           0x20000088   Data           1  variate.o(.data)
    Check_Sum                                0x20000089   Data           1  variate.o(.data)
    Linear_IntCommand                        0x2000008a   Data           1  variate.o(.data)
    RxFlag                                   0x2000008c   Data           4  variate.o(.data)
    Round_Finish                             0x20000090   Data           4  variate.o(.data)
    Linear_Finish                            0x20000094   Data           4  variate.o(.data)
    uwTickFreq                               0x20000098   Data           1  stm32f4xx_hal.o(.data)
    uwTickPrio                               0x2000009c   Data           4  stm32f4xx_hal.o(.data)
    uwTick                                   0x200000a0   Data           4  stm32f4xx_hal.o(.data)
    SystemCoreClock                          0x200000a4   Data           4  system_stm32f4xx.o(.data)
    pxCurrentTCB                             0x200000a8   Data           4  tasks.o(.data)
    htim1                                    0x2000035c   Data          64  tim.o(.bss)
    htim3                                    0x2000039c   Data          64  tim.o(.bss)
    htim4                                    0x200003dc   Data          64  tim.o(.bss)
    htim5                                    0x2000041c   Data          64  tim.o(.bss)
    htim11                                   0x2000045c   Data          64  tim.o(.bss)
    huart2                                   0x2000049c   Data          64  usart.o(.bss)
    hdma_usart2_rx                           0x200004dc   Data          96  usart.o(.bss)
    hdma_usart2_tx                           0x2000053c   Data          96  usart.o(.bss)
    htim14                                   0x2000059c   Data          64  stm32f4xx_hal_timebase_tim.o(.bss)
    Command                                  0x200005dc   Data         100  variate.o(.bss)
    pid1                                     0x20000640   Data          32  variate.o(.bss)
    pid2                                     0x20000660   Data          32  variate.o(.bss)
    __initial_sp                             0x20004770   Data           0  startup_stm32f407xx.o(STACK)



==============================================================================

Memory Map of the image

  Image Entry point : 0x08000189

  Load Region LR_IROM1 (Base: 0x08000000, Size: 0x00004ef8, Max: 0x00080000, ABSOLUTE)

    Execution Region ER_IROM1 (Exec base: 0x08000000, Load base: 0x08000000, Size: 0x00004df0, Max: 0x00080000, ABSOLUTE)

    Exec Addr    Load Addr    Size         Type   Attr      Idx    E Section Name        Object

    0x08000000   0x08000000   0x00000188   Data   RO            3    RESET               startup_stm32f407xx.o
    0x08000188   0x08000188   0x00000000   Code   RO         4871  * .ARM.Collect$$$$00000000  mc_w.l(entry.o)
    0x08000188   0x08000188   0x00000004   Code   RO         4900    .ARM.Collect$$$$00000001  mc_w.l(entry2.o)
    0x0800018c   0x0800018c   0x00000004   Code   RO         4903    .ARM.Collect$$$$00000004  mc_w.l(entry5.o)
    0x08000190   0x08000190   0x00000000   Code   RO         4905    .ARM.Collect$$$$00000008  mc_w.l(entry7b.o)
    0x08000190   0x08000190   0x00000000   Code   RO         4907    .ARM.Collect$$$$0000000A  mc_w.l(entry8b.o)
    0x08000190   0x08000190   0x00000008   Code   RO         4908    .ARM.Collect$$$$0000000B  mc_w.l(entry9a.o)
    0x08000198   0x08000198   0x00000004   Code   RO         4915    .ARM.Collect$$$$0000000E  mc_w.l(entry12b.o)
    0x0800019c   0x0800019c   0x00000000   Code   RO         4910    .ARM.Collect$$$$0000000F  mc_w.l(entry10a.o)
    0x0800019c   0x0800019c   0x00000000   Code   RO         4912    .ARM.Collect$$$$00000011  mc_w.l(entry11a.o)
    0x0800019c   0x0800019c   0x00000004   Code   RO         4901    .ARM.Collect$$$$00002712  mc_w.l(entry2.o)
    0x080001a0   0x080001a0   0x000000be   Code   RO         4788    .emb_text           port.o
    0x0800025e   0x0800025e   0x00000002   PAD
    0x08000260   0x08000260   0x00000024   Code   RO            4    .text               startup_stm32f407xx.o
    0x08000284   0x08000284   0x00000062   Code   RO         4874    .text               mc_w.l(uldiv.o)
    0x080002e6   0x080002e6   0x00000024   Code   RO         4876    .text               mc_w.l(memcpya.o)
    0x0800030a   0x0800030a   0x00000024   Code   RO         4880    .text               mc_w.l(memseta.o)
    0x0800032e   0x0800032e   0x0000014e   Code   RO         4884    .text               mf_w.l(dadd.o)
    0x0800047c   0x0800047c   0x000000e4   Code   RO         4886    .text               mf_w.l(dmul.o)
    0x08000560   0x08000560   0x000000de   Code   RO         4888    .text               mf_w.l(ddiv.o)
    0x0800063e   0x0800063e   0x00000022   Code   RO         4892    .text               mf_w.l(dflti.o)
    0x08000660   0x08000660   0x0000003e   Code   RO         4894    .text               mf_w.l(dfixi.o)
    0x0800069e   0x0800069e   0x00000002   PAD
    0x080006a0   0x080006a0   0x00000030   Code   RO         4896    .text               mf_w.l(cdcmple.o)
    0x080006d0   0x080006d0   0x00000038   Code   RO         4898    .text               mf_w.l(d2f.o)
    0x08000708   0x08000708   0x0000001e   Code   RO         4916    .text               mc_w.l(llshl.o)
    0x08000726   0x08000726   0x00000020   Code   RO         4918    .text               mc_w.l(llushr.o)
    0x08000746   0x08000746   0x00000024   Code   RO         4920    .text               mc_w.l(llsshr.o)
    0x0800076a   0x0800076a   0x00000000   Code   RO         4922    .text               mc_w.l(iusefp.o)
    0x0800076a   0x0800076a   0x0000006e   Code   RO         4923    .text               mf_w.l(fepilogue.o)
    0x080007d8   0x080007d8   0x000000ba   Code   RO         4925    .text               mf_w.l(depilogue.o)
    0x08000892   0x08000892   0x00000002   PAD
    0x08000894   0x08000894   0x00000024   Code   RO         4927    .text               mc_w.l(init.o)
    0x080008b8   0x080008b8   0x00000002   Code   RO          596    i.BusFault_Handler  stm32f4xx_it.o
    0x080008ba   0x080008ba   0x00000002   PAD
    0x080008bc   0x080008bc   0x00000050   Code   RO          859    i.Check_LinearMotor_Position  linearmotor.o
    0x0800090c   0x0800090c   0x00000050   Code   RO          753    i.Check_RoundMotor_Position  roundmotor.o
    0x0800095c   0x0800095c   0x00000118   Code   RO         1034    i.Command_Analysis  command.o
    0x08000a74   0x08000a74   0x0000000c   Code   RO          597    i.DMA1_Stream5_IRQHandler  stm32f4xx_it.o
    0x08000a80   0x08000a80   0x0000000c   Code   RO          598    i.DMA1_Stream6_IRQHandler  stm32f4xx_it.o
    0x08000a8c   0x08000a8c   0x00000028   Code   RO         1587    i.DMA_CalcBaseAndBitshift  stm32f4xx_hal_dma.o
    0x08000ab4   0x08000ab4   0x00000054   Code   RO         1588    i.DMA_CheckFifoParam  stm32f4xx_hal_dma.o
    0x08000b08   0x08000b08   0x00000028   Code   RO         1589    i.DMA_SetConfig     stm32f4xx_hal_dma.o
    0x08000b30   0x08000b30   0x00000094   Code   RO         1035    i.Data_cal          command.o
    0x08000bc4   0x08000bc4   0x00000002   Code   RO          599    i.DebugMon_Handler  stm32f4xx_it.o
    0x08000bc6   0x08000bc6   0x00000002   PAD
    0x08000bc8   0x08000bc8   0x000000cc   Code   RO          369    i.Engine            freertos.o
    0x08000c94   0x08000c94   0x00000002   Code   RO           13    i.Error_Handler     main.o
    0x08000c96   0x08000c96   0x00000002   PAD
    0x08000c98   0x08000c98   0x0000004c   Code   RO         1036    i.FindCommand       command.o
    0x08000ce4   0x08000ce4   0x00000024   Code   RO         1591    i.HAL_DMA_Abort_IT  stm32f4xx_hal_dma.o
    0x08000d08   0x08000d08   0x000001a0   Code   RO         1595    i.HAL_DMA_IRQHandler  stm32f4xx_hal_dma.o
    0x08000ea8   0x08000ea8   0x000000d4   Code   RO         1596    i.HAL_DMA_Init      stm32f4xx_hal_dma.o
    0x08000f7c   0x08000f7c   0x0000006e   Code   RO         1600    i.HAL_DMA_Start_IT  stm32f4xx_hal_dma.o
    0x08000fea   0x08000fea   0x00000002   PAD
    0x08000fec   0x08000fec   0x00000024   Code   RO         2009    i.HAL_Delay         stm32f4xx_hal.o
    0x08001010   0x08001010   0x000001b8   Code   RO         1483    i.HAL_GPIO_Init     stm32f4xx_hal_gpio.o
    0x080011c8   0x080011c8   0x0000000a   Code   RO         1487    i.HAL_GPIO_WritePin  stm32f4xx_hal_gpio.o
    0x080011d2   0x080011d2   0x00000002   PAD
    0x080011d4   0x080011d4   0x0000000c   Code   RO         2015    i.HAL_GetTick       stm32f4xx_hal.o
    0x080011e0   0x080011e0   0x00000010   Code   RO         2021    i.HAL_IncTick       stm32f4xx_hal.o
    0x080011f0   0x080011f0   0x00000034   Code   RO         2022    i.HAL_Init          stm32f4xx_hal.o
    0x08001224   0x08001224   0x00000074   Code   RO          714    i.HAL_InitTick      stm32f4xx_hal_timebase_tim.o
    0x08001298   0x08001298   0x00000030   Code   RO          690    i.HAL_MspInit       stm32f4xx_hal_msp.o
    0x080012c8   0x080012c8   0x0000001a   Code   RO         1872    i.HAL_NVIC_EnableIRQ  stm32f4xx_hal_cortex.o
    0x080012e2   0x080012e2   0x00000002   PAD
    0x080012e4   0x080012e4   0x00000040   Code   RO         1878    i.HAL_NVIC_SetPriority  stm32f4xx_hal_cortex.o
    0x08001324   0x08001324   0x00000024   Code   RO         1879    i.HAL_NVIC_SetPriorityGrouping  stm32f4xx_hal_cortex.o
    0x08001348   0x08001348   0x00000134   Code   RO         1129    i.HAL_RCC_ClockConfig  stm32f4xx_hal_rcc.o
    0x0800147c   0x0800147c   0x00000040   Code   RO         1133    i.HAL_RCC_GetClockConfig  stm32f4xx_hal_rcc.o
    0x080014bc   0x080014bc   0x00000020   Code   RO         1136    i.HAL_RCC_GetPCLK1Freq  stm32f4xx_hal_rcc.o
    0x080014dc   0x080014dc   0x00000020   Code   RO         1137    i.HAL_RCC_GetPCLK2Freq  stm32f4xx_hal_rcc.o
    0x080014fc   0x080014fc   0x00000060   Code   RO         1138    i.HAL_RCC_GetSysClockFreq  stm32f4xx_hal_rcc.o
    0x0800155c   0x0800155c   0x0000035c   Code   RO         1141    i.HAL_RCC_OscConfig  stm32f4xx_hal_rcc.o
    0x080018b8   0x080018b8   0x00000002   Code   RO         2937    i.HAL_TIMEx_BreakCallback  stm32f4xx_hal_tim_ex.o
    0x080018ba   0x080018ba   0x00000002   Code   RO         2938    i.HAL_TIMEx_CommutCallback  stm32f4xx_hal_tim_ex.o
    0x080018bc   0x080018bc   0x00000090   Code   RO         2955    i.HAL_TIMEx_MasterConfigSynchronization  stm32f4xx_hal_tim_ex.o
    0x0800194c   0x0800194c   0x00000036   Code   RO         2262    i.HAL_TIM_Base_Init  stm32f4xx_hal_tim.o
    0x08001982   0x08001982   0x00000002   PAD
    0x08001984   0x08001984   0x00000060   Code   RO          471    i.HAL_TIM_Base_MspInit  tim.o
    0x080019e4   0x080019e4   0x00000022   Code   RO         2267    i.HAL_TIM_Base_Start_IT  stm32f4xx_hal_tim.o
    0x08001a06   0x08001a06   0x000000d6   Code   RO         2271    i.HAL_TIM_ConfigClockSource  stm32f4xx_hal_tim.o
    0x08001adc   0x08001adc   0x00000098   Code   RO         2280    i.HAL_TIM_Encoder_Init  stm32f4xx_hal_tim.o
    0x08001b74   0x08001b74   0x000000cc   Code   RO          473    i.HAL_TIM_Encoder_MspInit  tim.o
    0x08001c40   0x08001c40   0x00000034   Code   RO         2283    i.HAL_TIM_Encoder_Start  stm32f4xx_hal_tim.o
    0x08001c74   0x08001c74   0x00000002   Code   RO         2291    i.HAL_TIM_IC_CaptureCallback  stm32f4xx_hal_tim.o
    0x08001c76   0x08001c76   0x00000166   Code   RO         2305    i.HAL_TIM_IRQHandler  stm32f4xx_hal_tim.o
    0x08001ddc   0x08001ddc   0x000000f4   Code   RO          474    i.HAL_TIM_MspPostInit  tim.o
    0x08001ed0   0x08001ed0   0x00000002   Code   RO         2308    i.HAL_TIM_OC_DelayElapsedCallback  stm32f4xx_hal_tim.o
    0x08001ed2   0x08001ed2   0x000000d0   Code   RO         2329    i.HAL_TIM_PWM_ConfigChannel  stm32f4xx_hal_tim.o
    0x08001fa2   0x08001fa2   0x00000036   Code   RO         2332    i.HAL_TIM_PWM_Init  stm32f4xx_hal_tim.o
    0x08001fd8   0x08001fd8   0x00000002   Code   RO         2334    i.HAL_TIM_PWM_MspInit  stm32f4xx_hal_tim.o
    0x08001fda   0x08001fda   0x00000002   Code   RO         2335    i.HAL_TIM_PWM_PulseFinishedCallback  stm32f4xx_hal_tim.o
    0x08001fdc   0x08001fdc   0x00000044   Code   RO         2337    i.HAL_TIM_PWM_Start  stm32f4xx_hal_tim.o
    0x08002020   0x08002020   0x0000005c   Code   RO           14    i.HAL_TIM_PeriodElapsedCallback  main.o
    0x0800207c   0x0800207c   0x00000002   Code   RO         2348    i.HAL_TIM_TriggerCallback  stm32f4xx_hal_tim.o
    0x0800207e   0x0800207e   0x00000002   Code   RO         3209    i.HAL_UART_ErrorCallback  stm32f4xx_hal_uart.o
    0x08002080   0x08002080   0x00000114   Code   RO         3212    i.HAL_UART_IRQHandler  stm32f4xx_hal_uart.o
    0x08002194   0x08002194   0x00000010   Code   RO           15    i.HAL_UART_IdleCpltCallback  main.o
    0x080021a4   0x080021a4   0x00000062   Code   RO         3213    i.HAL_UART_Init     stm32f4xx_hal_uart.o
    0x08002206   0x08002206   0x00000002   PAD
    0x08002208   0x08002208   0x0000010c   Code   RO          555    i.HAL_UART_MspInit  usart.o
    0x08002314   0x08002314   0x00000098   Code   RO         3217    i.HAL_UART_Receive_DMA  stm32f4xx_hal_uart.o
    0x080023ac   0x080023ac   0x00000020   Code   RO           16    i.HAL_UART_RxCpltCallback  main.o
    0x080023cc   0x080023cc   0x00000002   Code   RO         3220    i.HAL_UART_RxHalfCpltCallback  stm32f4xx_hal_uart.o
    0x080023ce   0x080023ce   0x00000002   PAD
    0x080023d0   0x080023d0   0x00000080   Code   RO         3222    i.HAL_UART_Transmit_DMA  stm32f4xx_hal_uart.o
    0x08002450   0x08002450   0x00000002   Code   RO         3224    i.HAL_UART_TxCpltCallback  stm32f4xx_hal_uart.o
    0x08002452   0x08002452   0x00000002   Code   RO         3225    i.HAL_UART_TxHalfCpltCallback  stm32f4xx_hal_uart.o
    0x08002454   0x08002454   0x00000002   Code   RO          600    i.HardFault_Handler  stm32f4xx_it.o
    0x08002456   0x08002456   0x00000002   PAD
    0x08002458   0x08002458   0x00000070   Code   RO          860    i.LinearMotorInit   linearmotor.o
    0x080024c8   0x080024c8   0x00000018   Code   RO          370    i.LinearMotorTask   freertos.o
    0x080024e0   0x080024e0   0x0000003c   Code   RO          443    i.MX_DMA_Init       dma.o
    0x0800251c   0x0800251c   0x000000b4   Code   RO          371    i.MX_FREERTOS_Init  freertos.o
    0x080025d0   0x080025d0   0x000000b0   Code   RO          252    i.MX_GPIO_Init      gpio.o
    0x08002680   0x08002680   0x00000068   Code   RO          475    i.MX_TIM11_Init     tim.o
    0x080026e8   0x080026e8   0x00000070   Code   RO          476    i.MX_TIM1_Init      tim.o
    0x08002758   0x08002758   0x000000c8   Code   RO          477    i.MX_TIM3_Init      tim.o
    0x08002820   0x08002820   0x000000c8   Code   RO          478    i.MX_TIM4_Init      tim.o
    0x080028e8   0x080028e8   0x0000006c   Code   RO          479    i.MX_TIM5_Init      tim.o
    0x08002954   0x08002954   0x00000038   Code   RO          556    i.MX_USART2_UART_Init  usart.o
    0x0800298c   0x0800298c   0x00000002   Code   RO          601    i.MemManage_Handler  stm32f4xx_it.o
    0x0800298e   0x0800298e   0x00000002   Code   RO          602    i.NMI_Handler       stm32f4xx_it.o
    0x08002990   0x08002990   0x00000054   Code   RO          811    i.PID_param_init    motor.o
    0x080029e4   0x080029e4   0x00000074   Code   RO          812    i.PID_realize       motor.o
    0x08002a58   0x08002a58   0x00000014   Code   RO          917    i.PWM_Limit         engine.o
    0x08002a6c   0x08002a6c   0x00000018   Code   RO          372    i.RoundMotorTask    freertos.o
    0x08002a84   0x08002a84   0x0000001c   Code   RO          373    i.StartDefaultTask  freertos.o
    0x08002aa0   0x08002aa0   0x000000d4   Code   RO          754    i.StartTaskMotor1   roundmotor.o
    0x08002b74   0x08002b74   0x000000c8   Code   RO          861    i.StartTaskMotor2   linearmotor.o
    0x08002c3c   0x08002c3c   0x0000002c   Code   RO         4789    i.SysTick_Handler   port.o
    0x08002c68   0x08002c68   0x00000084   Code   RO           17    i.SystemClock_Config  main.o
    0x08002cec   0x08002cec   0x0000001c   Code   RO         3515    i.SystemInit        system_stm32f4xx.o
    0x08002d08   0x08002d08   0x0000000c   Code   RO          603    i.TIM1_UP_TIM10_IRQHandler  stm32f4xx_it.o
    0x08002d14   0x08002d14   0x0000000c   Code   RO          604    i.TIM5_IRQHandler   stm32f4xx_it.o
    0x08002d20   0x08002d20   0x0000000c   Code   RO          605    i.TIM8_TRG_COM_TIM14_IRQHandler  stm32f4xx_it.o
    0x08002d2c   0x08002d2c   0x000000c8   Code   RO         2350    i.TIM_Base_SetConfig  stm32f4xx_hal_tim.o
    0x08002df4   0x08002df4   0x0000001a   Code   RO         2351    i.TIM_CCxChannelCmd  stm32f4xx_hal_tim.o
    0x08002e0e   0x08002e0e   0x00000014   Code   RO         2361    i.TIM_ETR_SetConfig  stm32f4xx_hal_tim.o
    0x08002e22   0x08002e22   0x00000010   Code   RO         2362    i.TIM_ITRx_SetConfig  stm32f4xx_hal_tim.o
    0x08002e32   0x08002e32   0x00000002   PAD
    0x08002e34   0x08002e34   0x00000060   Code   RO         2363    i.TIM_OC1_SetConfig  stm32f4xx_hal_tim.o
    0x08002e94   0x08002e94   0x0000006c   Code   RO         2364    i.TIM_OC2_SetConfig  stm32f4xx_hal_tim.o
    0x08002f00   0x08002f00   0x00000068   Code   RO         2365    i.TIM_OC3_SetConfig  stm32f4xx_hal_tim.o
    0x08002f68   0x08002f68   0x00000050   Code   RO         2366    i.TIM_OC4_SetConfig  stm32f4xx_hal_tim.o
    0x08002fb8   0x08002fb8   0x00000022   Code   RO         2368    i.TIM_TI1_ConfigInputStage  stm32f4xx_hal_tim.o
    0x08002fda   0x08002fda   0x00000024   Code   RO         2370    i.TIM_TI2_ConfigInputStage  stm32f4xx_hal_tim.o
    0x08002ffe   0x08002ffe   0x00000002   PAD
    0x08003000   0x08003000   0x00000048   Code   RO          862    i.Translate_LinearMotor_Target  linearmotor.o
    0x08003048   0x08003048   0x0000004c   Code   RO          755    i.Translate_RoundMotor_Target  roundmotor.o
    0x08003094   0x08003094   0x00000028   Code   RO          374    i.Transmit          freertos.o
    0x080030bc   0x080030bc   0x0000006c   Code   RO          756    i.Transmit_Motor1_Position  roundmotor.o
    0x08003128   0x08003128   0x00000048   Code   RO          863    i.Transmit_Motor2_Position  linearmotor.o
    0x08003170   0x08003170   0x00000010   Code   RO         3226    i.UART_DMAAbortOnError  stm32f4xx_hal_uart.o
    0x08003180   0x08003180   0x0000004a   Code   RO         3227    i.UART_DMAError     stm32f4xx_hal_uart.o
    0x080031ca   0x080031ca   0x0000003c   Code   RO         3228    i.UART_DMAReceiveCplt  stm32f4xx_hal_uart.o
    0x08003206   0x08003206   0x0000000a   Code   RO         3230    i.UART_DMARxHalfCplt  stm32f4xx_hal_uart.o
    0x08003210   0x08003210   0x0000002e   Code   RO         3232    i.UART_DMATransmitCplt  stm32f4xx_hal_uart.o
    0x0800323e   0x0800323e   0x0000000a   Code   RO         3234    i.UART_DMATxHalfCplt  stm32f4xx_hal_uart.o
    0x08003248   0x08003248   0x0000001c   Code   RO         3236    i.UART_EndRxTransfer  stm32f4xx_hal_uart.o
    0x08003264   0x08003264   0x00000012   Code   RO         3237    i.UART_EndTxTransfer  stm32f4xx_hal_uart.o
    0x08003276   0x08003276   0x00000096   Code   RO         3238    i.UART_Receive_IT   stm32f4xx_hal_uart.o
    0x0800330c   0x0800330c   0x00000128   Code   RO         3239    i.UART_SetConfig    stm32f4xx_hal_uart.o
    0x08003434   0x08003434   0x00000062   Code   RO         3240    i.UART_Transmit_IT  stm32f4xx_hal_uart.o
    0x08003496   0x08003496   0x00000002   PAD
    0x08003498   0x08003498   0x0000002c   Code   RO          606    i.USART2_IRQHandler  stm32f4xx_it.o
    0x080034c4   0x080034c4   0x00000002   Code   RO          607    i.UsageFault_Handler  stm32f4xx_it.o
    0x080034c6   0x080034c6   0x00000020   Code   RO         1885    i.__NVIC_SetPriority  stm32f4xx_hal_cortex.o
    0x080034e6   0x080034e6   0x00000014   Code   RO         4865    i.__hardfp_fabs     m_wm.l(fabs.o)
    0x080034fa   0x080034fa   0x0000000e   Code   RO         4931    i.__scatterload_copy  mc_w.l(handlers.o)
    0x08003508   0x08003508   0x00000002   Code   RO         4932    i.__scatterload_null  mc_w.l(handlers.o)
    0x0800350a   0x0800350a   0x0000000e   Code   RO         4933    i.__scatterload_zeroinit  mc_w.l(handlers.o)
    0x08003518   0x08003518   0x000000e8   Code   RO           18    i.main              main.o
    0x08003600   0x08003600   0x0000000c   Code   RO         4357    i.makeFreeRtosPriority  cmsis_os.o
    0x0800360c   0x0800360c   0x0000002c   Code   RO          918    i.motor_down_close  engine.o
    0x08003638   0x08003638   0x0000005c   Code   RO          920    i.motor_grab_ball   engine.o
    0x08003694   0x08003694   0x0000005c   Code   RO          921    i.motor_grab_cube   engine.o
    0x080036f0   0x080036f0   0x0000002c   Code   RO          922    i.motor_grab_cube_down  engine.o
    0x0800371c   0x0800371c   0x00000078   Code   RO          923    i.motor_grab_edge_ball  engine.o
    0x08003794   0x08003794   0x00000078   Code   RO          924    i.motor_grab_edge_cube  engine.o
    0x0800380c   0x0800380c   0x0000000e   Code   RO          925    i.motor_init        engine.o
    0x0800381a   0x0800381a   0x00000002   PAD
    0x0800381c   0x0800381c   0x0000005c   Code   RO          926    i.motor_move        engine.o
    0x08003878   0x08003878   0x00000014   Code   RO          927    i.motor_put_ball    engine.o
    0x0800388c   0x0800388c   0x00000014   Code   RO          928    i.motor_put_cube    engine.o
    0x080038a0   0x080038a0   0x00000024   Code   RO          929    i.motor_reset       engine.o
    0x080038c4   0x080038c4   0x00000002   Code   RO          930    i.motor_swap        engine.o
    0x080038c6   0x080038c6   0x00000002   PAD
    0x080038c8   0x080038c8   0x00000024   Code   RO          931    i.motor_up_little   engine.o
    0x080038ec   0x080038ec   0x00000020   Code   RO          932    i.motor_up_open     engine.o
    0x0800390c   0x0800390c   0x0000000e   Code   RO         4359    i.osDelay           cmsis_os.o
    0x0800391a   0x0800391a   0x0000000a   Code   RO         4362    i.osKernelStart     cmsis_os.o
    0x08003924   0x08003924   0x00000054   Code   RO         4396    i.osThreadCreate    cmsis_os.o
    0x08003978   0x08003978   0x00000070   Code   RO         4048    i.prvAddCurrentTaskToDelayedList  tasks.o
    0x080039e8   0x080039e8   0x000000d0   Code   RO         4049    i.prvAddNewTaskToReadyList  tasks.o
    0x08003ab8   0x08003ab8   0x0000006c   Code   RO         3725    i.prvCopyDataToQueue  queue.o
    0x08003b24   0x08003b24   0x00000034   Code   RO         4050    i.prvDeleteTCB      tasks.o
    0x08003b58   0x08003b58   0x0000004c   Code   RO         4727    i.prvHeapInit       heap_4.o
    0x08003ba4   0x08003ba4   0x00000060   Code   RO         4051    i.prvIdleTask       tasks.o
    0x08003c04   0x08003c04   0x00000016   Code   RO         3727    i.prvInitialiseNewQueue  queue.o
    0x08003c1a   0x08003c1a   0x00000098   Code   RO         4052    i.prvInitialiseNewTask  tasks.o
    0x08003cb2   0x08003cb2   0x00000002   PAD
    0x08003cb4   0x08003cb4   0x0000004c   Code   RO         4728    i.prvInsertBlockIntoFreeList  heap_4.o
    0x08003d00   0x08003d00   0x0000001c   Code   RO         3728    i.prvIsQueueEmpty   queue.o
    0x08003d1c   0x08003d1c   0x00000020   Code   RO         4053    i.prvResetNextTaskUnblockTime  tasks.o
    0x08003d3c   0x08003d3c   0x00000028   Code   RO         4790    i.prvTaskExitError  port.o
    0x08003d64   0x08003d64   0x0000006a   Code   RO         3729    i.prvUnlockQueue    queue.o
    0x08003dce   0x08003dce   0x00000002   PAD
    0x08003dd0   0x08003dd0   0x000000d8   Code   RO         4729    i.pvPortMalloc      heap_4.o
    0x08003ea8   0x08003ea8   0x00000018   Code   RO         4055    i.pvTaskIncrementMutexHeldCount  tasks.o
    0x08003ec0   0x08003ec0   0x00000012   Code   RO          813    i.pwm_val_protect   motor.o
    0x08003ed2   0x08003ed2   0x00000002   PAD
    0x08003ed4   0x08003ed4   0x0000002c   Code   RO         4791    i.pxPortInitialiseStack  port.o
    0x08003f00   0x08003f00   0x00000006   Code   RO          814    i.read_encoder      motor.o
    0x08003f06   0x08003f06   0x00000002   PAD
    0x08003f08   0x08003f08   0x00000024   Code   RO          757    i.set_motor1_rotate  roundmotor.o
    0x08003f2c   0x08003f2c   0x00000020   Code   RO          864    i.set_motor2_rotate  linearmotor.o
    0x08003f4c   0x08003f4c   0x00000004   Code   RO          815    i.set_target        motor.o
    0x08003f50   0x08003f50   0x00000026   Code   RO         3684    i.uxListRemove      list.o
    0x08003f76   0x08003f76   0x00000002   PAD
    0x08003f78   0x08003f78   0x00000014   Code   RO          375    i.vApplicationGetIdleTaskMemory  freertos.o
    0x08003f8c   0x08003f8c   0x00000016   Code   RO         3685    i.vListInitialise   list.o
    0x08003fa2   0x08003fa2   0x00000006   Code   RO         3686    i.vListInitialiseItem  list.o
    0x08003fa8   0x08003fa8   0x00000030   Code   RO         3687    i.vListInsert       list.o
    0x08003fd8   0x08003fd8   0x00000018   Code   RO         3688    i.vListInsertEnd    list.o
    0x08003ff0   0x08003ff0   0x00000040   Code   RO         4793    i.vPortEnterCritical  port.o
    0x08004030   0x08004030   0x00000028   Code   RO         4794    i.vPortExitCritical  port.o
    0x08004058   0x08004058   0x0000005c   Code   RO         4730    i.vPortFree         heap_4.o
    0x080040b4   0x080040b4   0x00000024   Code   RO         4795    i.vPortSetupTimerInterrupt  port.o
    0x080040d8   0x080040d8   0x00000054   Code   RO         4796    i.vPortValidateInterruptPriority  port.o
    0x0800412c   0x0800412c   0x0000004c   Code   RO         4061    i.vTaskDelay        tasks.o
    0x08004178   0x08004178   0x00000010   Code   RO         4064    i.vTaskInternalSetTimeOutState  tasks.o
    0x08004188   0x08004188   0x0000000c   Code   RO         4065    i.vTaskMissedYield  tasks.o
    0x08004194   0x08004194   0x00000030   Code   RO         4067    i.vTaskPlaceOnEventList  tasks.o
    0x080041c4   0x080041c4   0x000000a8   Code   RO         4069    i.vTaskPriorityDisinheritAfterTimeout  tasks.o
    0x0800426c   0x0800426c   0x0000006c   Code   RO         4074    i.vTaskStartScheduler  tasks.o
    0x080042d8   0x080042d8   0x00000010   Code   RO         4076    i.vTaskSuspendAll   tasks.o
    0x080042e8   0x080042e8   0x0000005c   Code   RO         4077    i.vTaskSwitchContext  tasks.o
    0x08004344   0x08004344   0x000000f4   Code   RO         4797    i.xPortStartScheduler  port.o
    0x08004438   0x08004438   0x00000048   Code   RO         3738    i.xQueueGenericCreate  queue.o
    0x08004480   0x08004480   0x00000088   Code   RO         3740    i.xQueueGenericReset  queue.o
    0x08004508   0x08004508   0x00000160   Code   RO         3741    i.xQueueGenericSend  queue.o
    0x08004668   0x08004668   0x0000009c   Code   RO         3743    i.xQueueGiveFromISR  queue.o
    0x08004704   0x08004704   0x00000178   Code   RO         3750    i.xQueueSemaphoreTake  queue.o
    0x0800487c   0x0800487c   0x00000074   Code   RO         4078    i.xTaskCheckForTimeOut  tasks.o
    0x080048f0   0x080048f0   0x0000005a   Code   RO         4079    i.xTaskCreate       tasks.o
    0x0800494a   0x0800494a   0x00000056   Code   RO         4080    i.xTaskCreateStatic  tasks.o
    0x080049a0   0x080049a0   0x0000001c   Code   RO         4084    i.xTaskGetSchedulerState  tasks.o
    0x080049bc   0x080049bc   0x000000c8   Code   RO         4087    i.xTaskIncrementTick  tasks.o
    0x08004a84   0x08004a84   0x00000098   Code   RO         4090    i.xTaskPriorityDisinherit  tasks.o
    0x08004b1c   0x08004b1c   0x00000094   Code   RO         4091    i.xTaskPriorityInherit  tasks.o
    0x08004bb0   0x08004bb0   0x00000074   Code   RO         4092    i.xTaskRemoveFromEventList  tasks.o
    0x08004c24   0x08004c24   0x000000c4   Code   RO         4093    i.xTaskResumeAll    tasks.o
    0x08004ce8   0x08004ce8   0x0000008c   Data   RO          377    .constdata          freertos.o
    0x08004d74   0x08004d74   0x00000008   Data   RO         1602    .constdata          stm32f4xx_hal_dma.o
    0x08004d7c   0x08004d7c   0x00000010   Data   RO         3516    .constdata          system_stm32f4xx.o
    0x08004d8c   0x08004d8c   0x00000008   Data   RO         3517    .constdata          system_stm32f4xx.o
    0x08004d94   0x08004d94   0x0000003c   Data   RO          378    .conststring        freertos.o
    0x08004dd0   0x08004dd0   0x00000020   Data   RO         4929    Region$$Table       anon$$obj.o


    Execution Region RW_IRAM2 (Exec base: 0x10000000, Load base: 0x08004ef8, Size: 0x00000000, Max: 0x00010000, ABSOLUTE)

    **** No section assigned to this execution region ****


    Execution Region RW_IRAM1 (Exec base: 0x20000000, Load base: 0x08004df0, Size: 0x00004770, Max: 0x00020000, ABSOLUTE)

    Exec Addr    Load Addr    Size         Type   Attr      Idx    E Section Name        Object

    0x20000000   0x08004df0   0x00000014   Data   RW          379    .data               freertos.o
    0x20000014   0x08004e04   0x00000008   Data   RW          758    .data               roundmotor.o
    0x2000001c   0x08004e0c   0x00000008   Data   RW          865    .data               linearmotor.o
    0x20000024   0x08004e14   0x00000018   Data   RW         1076    .data               variate.o
    0x2000003c   0x08004e2c   0x00000004   Data   RW         1077    .data               variate.o
    0x20000040   0x08004e30   0x00000004   Data   RW         1078    .data               variate.o
    0x20000044   0x08004e34   0x00000004   Data   RW         1079    .data               variate.o
    0x20000048   0x08004e38   0x00000002   Data   RW         1080    .data               variate.o
    0x2000004a   0x08004e3a   0x00000002   PAD
    0x2000004c   0x08004e3c   0x00000004   Data   RW         1081    .data               variate.o
    0x20000050   0x08004e40   0x00000004   Data   RW         1082    .data               variate.o
    0x20000054   0x08004e44   0x00000004   Data   RW         1083    .data               variate.o
    0x20000058   0x08004e48   0x00000004   Data   RW         1084    .data               variate.o
    0x2000005c   0x08004e4c   0x00000002   Data   RW         1085    .data               variate.o
    0x2000005e   0x08004e4e   0x00000002   PAD
    0x20000060   0x08004e50   0x00000004   Data   RW         1086    .data               variate.o
    0x20000064   0x08004e54   0x00000008   Data   RW         1087    .data               variate.o
    0x2000006c   0x08004e5c   0x00000004   PAD
    0x20000070   0x08004e60   0x00000008   Data   RW         1088    .data               variate.o
    0x20000078   0x08004e68   0x00000004   Data   RW         1089    .data               variate.o
    0x2000007c   0x08004e6c   0x00000004   Data   RW         1090    .data               variate.o
    0x20000080   0x08004e70   0x00000004   Data   RW         1091    .data               variate.o
    0x20000084   0x08004e74   0x00000001   Data   RW         1093    .data               variate.o
    0x20000085   0x08004e75   0x00000001   Data   RW         1094    .data               variate.o
    0x20000086   0x08004e76   0x00000001   Data   RW         1095    .data               variate.o
    0x20000087   0x08004e77   0x00000001   Data   RW         1096    .data               variate.o
    0x20000088   0x08004e78   0x00000001   Data   RW         1097    .data               variate.o
    0x20000089   0x08004e79   0x00000001   Data   RW         1098    .data               variate.o
    0x2000008a   0x08004e7a   0x00000001   Data   RW         1099    .data               variate.o
    0x2000008b   0x08004e7b   0x00000001   PAD
    0x2000008c   0x08004e7c   0x00000004   Data   RW         1101    .data               variate.o
    0x20000090   0x08004e80   0x00000004   Data   RW         1102    .data               variate.o
    0x20000094   0x08004e84   0x00000004   Data   RW         1103    .data               variate.o
    0x20000098   0x08004e88   0x0000000c   Data   RW         2029    .data               stm32f4xx_hal.o
    0x200000a4   0x08004e94   0x00000004   Data   RW         3518    .data               system_stm32f4xx.o
    0x200000a8   0x08004e98   0x0000003c   Data   RW         4096    .data               tasks.o
    0x200000e4   0x08004ed4   0x00000018   Data   RW         4735    .data               heap_4.o
    0x200000fc   0x08004eec   0x0000000c   Data   RW         4798    .data               port.o
    0x20000108        -       0x00000254   Zero   RW          376    .bss                freertos.o
    0x2000035c        -       0x00000140   Zero   RW          480    .bss                tim.o
    0x2000049c        -       0x00000100   Zero   RW          557    .bss                usart.o
    0x2000059c        -       0x00000040   Zero   RW          717    .bss                stm32f4xx_hal_timebase_tim.o
    0x200005dc        -       0x00000064   Zero   RW         1073    .bss                variate.o
    0x20000640        -       0x00000020   Zero   RW         1074    .bss                variate.o
    0x20000660        -       0x00000020   Zero   RW         1075    .bss                variate.o
    0x20000680        -       0x000000f0   Zero   RW         4095    .bss                tasks.o
    0x20000770        -       0x00003c00   Zero   RW         4734    .bss                heap_4.o
    0x20004370        -       0x00000400   Zero   RW            1    STACK               startup_stm32f407xx.o


==============================================================================

Image component sizes


      Code (inc. data)   RO Data    RW Data    ZI Data      Debug   Object Name

       120          0          0          0          0      26205   cmsis_os.o
       504        128          0          0          0       1904   command.o
         0          0          0          0          0       7576   croutine.o
        60          4          0          0          0        898   dma.o
       784         60          0          0          0       8713   engine.o
         0          0          0          0          0      21700   event_groups.o
       520         64        200         20        596       5593   freertos.o
       176         10          0          0          0     681667   gpio.o
       460         24          0         24      15360       7755   heap_4.o
       568        128          0          8          0       3787   linearmotor.o
       138          0          0          0          0       3922   list.o
       506         84          0          0          0     715244   main.o
       228         12          0          0          0       3305   motor.o
       786         82          0         12          0      12629   port.o
      1356         14          0          0          0      15437   queue.o
       512        118          0          8          0       3227   roundmotor.o
        36          8        392          0       1024        888   startup_stm32f407xx.o
       116         18          0         12          0       9122   stm32f4xx_hal.o
       158         14          0          0          0      33474   stm32f4xx_hal_cortex.o
       938         16          8          0          0       6926   stm32f4xx_hal_dma.o
       450         46          0          0          0       2572   stm32f4xx_hal_gpio.o
        48          6          0          0          0        970   stm32f4xx_hal_msp.o
      1392         82          0          0          0       6293   stm32f4xx_hal_rcc.o
      1924         90          0          0          0      19581   stm32f4xx_hal_tim.o
       148         28          0          0          0       2689   stm32f4xx_hal_tim_ex.o
       116         16          0          0         64       1596   stm32f4xx_hal_timebase_tim.o
      1468         44          0          0          0      14484   stm32f4xx_hal_uart.o
       116         36          0          0          0       7000   stm32f4xx_it.o
         0          0          0          0          0        448   stream_buffer.o
        28          6         24          4          0       1331   system_stm32f4xx.o
      2344        172          0         60        240      29307   tasks.o
      1268        114          0          0        320       6808   tim.o
         0          0          0          0          0       2548   timers.o
       324         34          0          0        256       2176   usart.o
         0          0          0        107        164       2679   variate.o

    ----------------------------------------------------------------------
     17634       1458        656        264      18024    1670454   Object Totals
         0          0         32          0          0          0   (incl. Generated)
        42          0          0          9          0          0   (incl. Padding)

    ----------------------------------------------------------------------

      Code (inc. data)   RO Data    RW Data    ZI Data      Debug   Library Member Name

        20          0          0          0          0        124   fabs.o
         0          0          0          0          0          0   entry.o
         0          0          0          0          0          0   entry10a.o
         0          0          0          0          0          0   entry11a.o
         4          0          0          0          0          0   entry12b.o
         8          4          0          0          0          0   entry2.o
         4          0          0          0          0          0   entry5.o
         0          0          0          0          0          0   entry7b.o
         0          0          0          0          0          0   entry8b.o
         8          4          0          0          0          0   entry9a.o
        30          0          0          0          0          0   handlers.o
        36          8          0          0          0         68   init.o
         0          0          0          0          0          0   iusefp.o
        30          0          0          0          0         68   llshl.o
        36          0          0          0          0         68   llsshr.o
        32          0          0          0          0         68   llushr.o
        36          0          0          0          0         68   memcpya.o
        36          0          0          0          0        108   memseta.o
        98          0          0          0          0         92   uldiv.o
        48          0          0          0          0         68   cdcmple.o
        56          0          0          0          0         88   d2f.o
       334          0          0          0          0        148   dadd.o
       222          0          0          0          0        100   ddiv.o
       186          0          0          0          0        176   depilogue.o
        62          0          0          0          0         80   dfixi.o
        34          0          0          0          0         76   dflti.o
       228          0          0          0          0         96   dmul.o
       110          0          0          0          0        168   fepilogue.o

    ----------------------------------------------------------------------
      1662         16          0          0          0       1664   Library Totals
         4          0          0          0          0          0   (incl. Padding)

    ----------------------------------------------------------------------

      Code (inc. data)   RO Data    RW Data    ZI Data      Debug   Library Name

        20          0          0          0          0        124   m_wm.l
       358         16          0          0          0        540   mc_w.l
      1280          0          0          0          0       1000   mf_w.l

    ----------------------------------------------------------------------
      1662         16          0          0          0       1664   Library Totals

    ----------------------------------------------------------------------

==============================================================================


      Code (inc. data)   RO Data    RW Data    ZI Data      Debug   

     19296       1474        656        264      18024    1652694   Grand Totals
     19296       1474        656        264      18024    1652694   ELF Image Totals
     19296       1474        656        264          0          0   ROM Totals

==============================================================================

    Total RO  Size (Code + RO Data)                19952 (  19.48kB)
    Total RW  Size (RW Data + ZI Data)             18288 (  17.86kB)
    Total ROM Size (Code + RO Data + RW Data)      20216 (  19.74kB)

==============================================================================

