Component: ARM Compiler 5.06 update 7 (build 960) Tool: armlink [4d3601]

==============================================================================

Section Cross References

    startup_stm32f407xx.o(RESET) refers to startup_stm32f407xx.o(STACK) for __initial_sp
    startup_stm32f407xx.o(RESET) refers to startup_stm32f407xx.o(.text) for Reset_Handler
    startup_stm32f407xx.o(RESET) refers to stm32f4xx_it.o(i.NMI_Handler) for NMI_Handler
    startup_stm32f407xx.o(RESET) refers to stm32f4xx_it.o(i.HardFault_Handler) for HardFault_Handler
    startup_stm32f407xx.o(RESET) refers to stm32f4xx_it.o(i.MemManage_Handler) for MemManage_Handler
    startup_stm32f407xx.o(RESET) refers to stm32f4xx_it.o(i.BusFault_Handler) for BusFault_Handler
    startup_stm32f407xx.o(RESET) refers to stm32f4xx_it.o(i.UsageFault_Handler) for UsageFault_Handler
    startup_stm32f407xx.o(RESET) refers to port.o(.emb_text) for SVC_Handler
    startup_stm32f407xx.o(RESET) refers to stm32f4xx_it.o(i.DebugMon_Handler) for DebugMon_Handler
    startup_stm32f407xx.o(RESET) refers to port.o(i.SysTick_Handler) for SysTick_Handler
    startup_stm32f407xx.o(RESET) refers to stm32f4xx_it.o(i.DMA1_Stream5_IRQHandler) for DMA1_Stream5_IRQHandler
    startup_stm32f407xx.o(RESET) refers to stm32f4xx_it.o(i.DMA1_Stream6_IRQHandler) for DMA1_Stream6_IRQHandler
    startup_stm32f407xx.o(RESET) refers to stm32f4xx_it.o(i.TIM1_UP_TIM10_IRQHandler) for TIM1_UP_TIM10_IRQHandler
    startup_stm32f407xx.o(RESET) refers to stm32f4xx_it.o(i.USART2_IRQHandler) for USART2_IRQHandler
    startup_stm32f407xx.o(RESET) refers to stm32f4xx_it.o(i.TIM8_TRG_COM_TIM14_IRQHandler) for TIM8_TRG_COM_TIM14_IRQHandler
    startup_stm32f407xx.o(RESET) refers to stm32f4xx_it.o(i.TIM5_IRQHandler) for TIM5_IRQHandler
    startup_stm32f407xx.o(.text) refers to system_stm32f4xx.o(i.SystemInit) for SystemInit
    startup_stm32f407xx.o(.text) refers to entry.o(.ARM.Collect$$$$00000000) for __main
    main.o(i.HAL_TIM_PeriodElapsedCallback) refers to stm32f4xx_hal.o(i.HAL_IncTick) for HAL_IncTick
    main.o(i.HAL_TIM_PeriodElapsedCallback) refers to tim.o(.bss) for htim1
    main.o(i.HAL_TIM_PeriodElapsedCallback) refers to variate.o(.data) for Motor1EncoderOverflowCnt
    main.o(i.HAL_TIM_PeriodElapsedCallback) refers to variate.o(.data) for Motor2EncoderOverflowCnt
    main.o(i.HAL_UART_IdleCpltCallback) refers to variate.o(.data) for RxFlag
    main.o(i.HAL_UART_RxCpltCallback) refers to stm32f4xx_hal_uart.o(i.HAL_UART_Receive_DMA) for HAL_UART_Receive_DMA
    main.o(i.HAL_UART_RxCpltCallback) refers to variate.o(.bss) for Command
    main.o(i.HAL_UART_RxCpltCallback) refers to usart.o(.bss) for huart2
    main.o(i.SystemClock_Config) refers to memseta.o(.text) for __aeabi_memclr4
    main.o(i.SystemClock_Config) refers to stm32f4xx_hal_rcc.o(i.HAL_RCC_OscConfig) for HAL_RCC_OscConfig
    main.o(i.SystemClock_Config) refers to stm32f4xx_hal_rcc.o(i.HAL_RCC_ClockConfig) for HAL_RCC_ClockConfig
    main.o(i.main) refers to stm32f4xx_hal.o(i.HAL_Init) for HAL_Init
    main.o(i.main) refers to main.o(i.SystemClock_Config) for SystemClock_Config
    main.o(i.main) refers to gpio.o(i.MX_GPIO_Init) for MX_GPIO_Init
    main.o(i.main) refers to dma.o(i.MX_DMA_Init) for MX_DMA_Init
    main.o(i.main) refers to tim.o(i.MX_TIM4_Init) for MX_TIM4_Init
    main.o(i.main) refers to tim.o(i.MX_TIM11_Init) for MX_TIM11_Init
    main.o(i.main) refers to usart.o(i.MX_USART2_UART_Init) for MX_USART2_UART_Init
    main.o(i.main) refers to tim.o(i.MX_TIM1_Init) for MX_TIM1_Init
    main.o(i.main) refers to tim.o(i.MX_TIM3_Init) for MX_TIM3_Init
    main.o(i.main) refers to tim.o(i.MX_TIM5_Init) for MX_TIM5_Init
    main.o(i.main) refers to stm32f4xx_hal_uart.o(i.HAL_UART_Receive_DMA) for HAL_UART_Receive_DMA
    main.o(i.main) refers to stm32f4xx_hal_tim.o(i.HAL_TIM_PWM_Start) for HAL_TIM_PWM_Start
    main.o(i.main) refers to stm32f4xx_hal_tim.o(i.HAL_TIM_Encoder_Start) for HAL_TIM_Encoder_Start
    main.o(i.main) refers to stm32f4xx_hal_tim.o(i.HAL_TIM_Base_Start_IT) for HAL_TIM_Base_Start_IT
    main.o(i.main) refers to motor.o(i.PID_param_init) for PID_param_init
    main.o(i.main) refers to engine.o(i.motor_init) for motor_init
    main.o(i.main) refers to freertos.o(i.MX_FREERTOS_Init) for MX_FREERTOS_Init
    main.o(i.main) refers to cmsis_os.o(i.osKernelStart) for osKernelStart
    main.o(i.main) refers to usart.o(.bss) for huart2
    main.o(i.main) refers to variate.o(.bss) for Command
    main.o(i.main) refers to tim.o(.bss) for htim3
    main.o(i.main) refers to variate.o(.data) for initial_pid_val
    gpio.o(i.MX_GPIO_Init) refers to memseta.o(.text) for __aeabi_memclr4
    gpio.o(i.MX_GPIO_Init) refers to stm32f4xx_hal_gpio.o(i.HAL_GPIO_WritePin) for HAL_GPIO_WritePin
    gpio.o(i.MX_GPIO_Init) refers to stm32f4xx_hal_gpio.o(i.HAL_GPIO_Init) for HAL_GPIO_Init
    freertos.o(i.Engine) refers to engine.o(i.motor_grab_cube) for motor_grab_cube
[...]
    i.HAL_UART_TxCpltCallback                0x08002524   Section        0  stm32f4xx_hal_uart.o(i.HAL_UART_TxCpltCallback)
    i.HAL_UART_TxHalfCpltCallback            0x08002526   Section        0  stm32f4xx_hal_uart.o(i.HAL_UART_TxHalfCpltCallback)
    i.HardFault_Handler                      0x08002528   Section        0  stm32f4xx_it.o(i.HardFault_Handler)
    i.LinearMotorInit                        0x0800252c   Section        0  linearmotor.o(i.LinearMotorInit)
    i.LinearMotorTask                        0x0800259c   Section        0  freertos.o(i.LinearMotorTask)
    i.MX_DMA_Init                            0x080025b4   Section        0  dma.o(i.MX_DMA_Init)
    i.MX_FREERTOS_Init                       0x080025f0   Section        0  freertos.o(i.MX_FREERTOS_Init)
    i.MX_GPIO_Init                           0x08002670   Section        0  gpio.o(i.MX_GPIO_Init)
    i.MX_TIM11_Init                          0x08002720   Section        0  tim.o(i.MX_TIM11_Init)
    i.MX_TIM1_Init                           0x08002788   Section        0  tim.o(i.MX_TIM1_Init)
    i.MX_TIM3_Init                           0x080027f8   Section        0  tim.o(i.MX_TIM3_Init)
    i.MX_TIM4_Init                           0x080028c0   Section        0  tim.o(i.MX_TIM4_Init)
    i.MX_TIM5_Init                           0x08002988   Section        0  tim.o(i.MX_TIM5_Init)
    i.MX_USART2_UART_Init                    0x080029f4   Section        0  usart.o(i.MX_USART2_UART_Init)
    i.MemManage_Handler                      0x08002a2c   Section        0  stm32f4xx_it.o(i.MemManage_Handler)
    i.NMI_Handler                            0x08002a2e   Section        0  stm32f4xx_it.o(i.NMI_Handler)
    i.PID_param_init                         0x08002a30   Section        0  motor.o(i.PID_param_init)
    i.PID_realize                            0x08002a84   Section        0  motor.o(i.PID_realize)
    i.PWM_Limit                              0x08002af8   Section        0  engine.o(i.PWM_Limit)
    i.RoundMotorTask                         0x08002b0c   Section        0  freertos.o(i.RoundMotorTask)
    i.StartDefaultTask                       0x08002b24   Section        0  freertos.o(i.StartDefaultTask)
    i.StartTaskMotor1                        0x08002b30   Section        0  roundmotor.o(i.StartTaskMotor1)
    i.StartTaskMotor2                        0x08002bd0   Section        0  linearmotor.o(i.StartTaskMotor2)
    i.SysTick_Handler                        0x08002cd4   Section        0  port.o(i.SysTick_Handler)
    i.SystemClock_Config                     0x08002d00   Section        0  main.o(i.SystemClock_Config)
    i.SystemInit                             0x08002d84   Section        0  system_stm32f4xx.o(i.SystemInit)
    i.TIM1_UP_TIM10_IRQHandler               0x08002da0   Section        0  stm32f4xx_it.o(i.TIM1_UP_TIM10_IRQHandler)
    i.TIM5_IRQHandler                        0x08002dac   Section        0  stm32f4xx_it.o(i.TIM5_IRQHandler)
    i.TIM8_TRG_COM_TIM14_IRQHandler          0x08002db8   Section        0  stm32f4xx_it.o(i.TIM8_TRG_COM_TIM14_IRQHandler)
    i.TIM_Base_SetConfig                     0x08002dc4   Section        0  stm32f4xx_hal_tim.o(i.TIM_Base_SetConfig)
    i.TIM_CCxChannelCmd                      0x08002e8c   Section        0  stm32f4xx_hal_tim.o(i.TIM_CCxChannelCmd)
    i.TIM_ETR_SetConfig                      0x08002ea6   Section        0  stm32f4xx_hal_tim.o(i.TIM_ETR_SetConfig)
    i.TIM_ITRx_SetConfig                     0x08002eba   Section        0  stm32f4xx_hal_tim.o(i.TIM_ITRx_SetConfig)
    TIM_ITRx_SetConfig                       0x08002ebb   Thumb Code    16  stm32f4xx_hal_tim.o(i.TIM_ITRx_SetConfig)
    i.TIM_OC1_SetConfig                      0x08002ecc   Section        0  stm32f4xx_hal_tim.o(i.TIM_OC1_SetConfig)
    TIM_OC1_SetConfig                        0x08002ecd   Thumb Code    88  stm32f4xx_hal_tim.o(i.TIM_OC1_SetConfig)
    i.TIM_OC2_SetConfig                      0x08002f2c   Section        0  stm32f4xx_hal_tim.o(i.TIM_OC2_SetConfig)
    i.TIM_OC3_SetConfig                      0x08002f98   Section        0  stm32f4xx_hal_tim.o(i.TIM_OC3_SetConfig)
    TIM_OC3_SetConfig                        0x08002f99   Thumb Code    96  stm32f4xx_hal_tim.o(i.TIM_OC3_SetConfig)
    i.TIM_OC4_SetConfig                      0x08003000   Section        0  stm32f4xx_hal_tim.o(i.TIM_OC4_SetConfig)
    TIM_OC4_SetConfig                        0x08003001   Thumb Code    70  stm32f4xx_hal_tim.o(i.TIM_OC4_SetConfig)
    i.TIM_TI1_ConfigInputStage               0x08003050   Section        0  stm32f4xx_hal_tim.o(i.TIM_TI1_ConfigInputStage)
    TIM_TI1_ConfigInputStage                 0x08003051   Thumb Code    34  stm32f4xx_hal_tim.o(i.TIM_TI1_ConfigInputStage)
    i.TIM_TI2_ConfigInputStage               0x08003072   Section        0  stm32f4xx_hal_tim.o(i.TIM_TI2_ConfigInputStage)
    TIM_TI2_ConfigInputStage                 0x08003073   Thumb Code    36  stm32f4xx_hal_tim.o(i.TIM_TI2_ConfigInputStage)
    i.Transmit                               0x08003098   Section        0  freertos.o(i.Transmit)
    i.Transmit_Motor1_Position               0x080030c0   Section        0  roundmotor.o(i.Transmit_Motor1_Position)
    i.UART_DMAAbortOnError                   0x0800312c   Section        0  stm32f4xx_hal_uart.o(i.UART_DMAAbortOnError)
    UART_DMAAbortOnError                     0x0800312d   Thumb Code    16  stm32f4xx_hal_uart.o(i.UART_DMAAbortOnError)
    i.UART_DMAError                          0x0800313c   Section        0  stm32f4xx_hal_uart.o(i.UART_DMAError)
    UART_DMAError                            0x0800313d   Thumb Code    74  stm32f4xx_hal_uart.o(i.UART_DMAError)
    i.UART_DMAReceiveCplt                    0x08003186   Section        0  stm32f4xx_hal_uart.o(i.UART_DMAReceiveCplt)
    UART_DMAReceiveCplt                      0x08003187   Thumb Code    60  stm32f4xx_hal_uart.o(i.UART_DMAReceiveCplt)
    i.UART_DMARxHalfCplt                     0x080031c2   Section        0  stm32f4xx_hal_uart.o(i.UART_DMARxHalfCplt)
    UART_DMARxHalfCplt                       0x080031c3   Thumb Code    10  stm32f4xx_hal_uart.o(i.UART_DMARxHalfCplt)
    i.UART_DMATransmitCplt                   0x080031cc   Section        0  stm32f4xx_hal_uart.o(i.UART_DMATransmitCplt)
    UART_DMATransmitCplt                     0x080031cd   Thumb Code    46  stm32f4xx_hal_uart.o(i.UART_DMATransmitCplt)
    i.UART_DMATxHalfCplt                     0x080031fa   Section        0  stm32f4xx_hal_uart.o(i.UART_DMATxHalfCplt)
    UART_DMATxHalfCplt                       0x080031fb   Thumb Code    10  stm32f4xx_hal_uart.o(i.UART_DMATxHalfCplt)
    i.UART_EndRxTransfer                     0x08003204   Section        0  stm32f4xx_hal_uart.o(i.UART_EndRxTransfer)
    UART_EndRxTransfer                       0x08003205   Thumb Code    28  stm32f4xx_hal_uart.o(i.UART_EndRxTransfer)
    i.UART_EndTxTransfer                     0x08003220   Section        0  stm32f4xx_hal_uart.o(i.UART_EndTxTransfer)
    UART_EndTxTransfer                       0x08003221   Thumb Code    18  stm32f4xx_hal_uart.o(i.UART_EndTxTransfer)
    i.UART_Receive_IT                        0x08003232   Section        0  stm32f4xx_hal_uart.o(i.UART_Receive_IT)
    UART_Receive_IT                          0x08003233   Thumb Code   150  stm32f4xx_hal_uart.o(i.UART_Receive_IT)
    i.UART_SetConfig                         0x080032c8   Section        0  stm32f4xx_hal_uart.o(i.UART_SetConfig)
    UART_SetConfig                           0x080032c9   Thumb Code   286  stm32f4xx_hal_uart.o(i.UART_SetConfig)
    i.UART_Transmit_IT                       0x080033f0   Section        0  stm32f4xx_hal_uart.o(i.UART_Transmit_IT)
    UART_Transmit_IT                         0x080033f1   Thumb Code    98  stm32f4xx_hal_uart.o(i.UART_Transmit_IT)
    i.USART2_IRQHandler                      0x08003454   Section        0  stm32f4xx_it.o(i.USART2_IRQHandler)
    i.UsageFault_Handler                     0x08003480   Section        0  stm32f4xx_it.o(i.UsageFault_Handler)
    i.__NVIC_SetPriority                     0x08003482   Section        0  stm32f4xx_hal_cortex.o(i.__NVIC_SetPriority)
    __NVIC_SetPriority                       0x08003483   Thumb Code    32  stm32f4xx_hal_cortex.o(i.__NVIC_SetPriority)
    i.__hardfp_fabs                          0x080034a2   Section        0  fabs.o(i.__hardfp_fabs)
    i.__scatterload_copy                     0x080034b6   Section       14  handlers.o(i.__scatterload_copy)
    i.__scatterload_null                     0x080034c4   Section        2  handlers.o(i.__scatterload_null)
    i.__scatterload_zeroinit                 0x080034c6   Section       14  handlers.o(i.__scatterload_zeroinit)
    i.main                                   0x080034d4   Section        0  main.o(i.main)
    i.makeFreeRtosPriority                   0x080035bc   Section        0  cmsis_os.o(i.makeFreeRtosPriority)
    makeFreeRtosPriority                     0x080035bd   Thumb Code    12  cmsis_os.o(i.makeFreeRtosPriority)
    i.motor_down_close                       0x080035c8   Section        0  engine.o(i.motor_down_close)
    i.motor_grab_ball                        0x080035f4   Section        0  engine.o(i.motor_grab_ball)
    i.motor_grab_cube                        0x08003650   Section        0  engine.o(i.motor_grab_cube)
    i.motor_grab_cube_down                   0x080036ac   Section        0  engine.o(i.motor_grab_cube_down)
    i.motor_grab_edge_ball                   0x080036d8   Section        0  engine.o(i.motor_grab_edge_ball)
    i.motor_grab_edge_cube                   0x08003750   Section        0  engine.o(i.motor_grab_edge_cube)
    i.motor_init                             0x080037c8   Section        0  engine.o(i.motor_init)
    i.motor_move                             0x080037d8   Section        0  engine.o(i.motor_move)
    i.motor_put_ball                         0x08003834   Section        0  engine.o(i.motor_put_ball)
    i.motor_put_cube                         0x08003848   Section        0  engine.o(i.motor_put_cube)
    i.motor_reset                            0x0800385c   Section        0  engine.o(i.motor_reset)
    i.motor_up_little                        0x08003880   Section        0  engine.o(i.motor_up_little)
    i.motor_up_open                          0x080038a4   Section        0  engine.o(i.motor_up_open)
    i.osDelay                                0x080038c4   Section        0  cmsis_os.o(i.osDelay)
    i.osKernelStart                          0x080038d2   Section        0  cmsis_os.o(i.osKernelStart)
    i.osThreadCreate                         0x080038dc   Section        0  cmsis_os.o(i.osThreadCreate)
    i.prvAddCurrentTaskToDelayedList         0x08003930   Section        0  tasks.o(i.prvAddCurrentTaskToDelayedList)
    prvAddCurrentTaskToDelayedList           0x08003931   Thumb Code   102  tasks.o(i.prvAddCurrentTaskToDelayedList)
    i.prvAddNewTaskToReadyList               0x080039a0   Section        0  tasks.o(i.prvAddNewTaskToReadyList)
    prvAddNewTaskToReadyList                 0x080039a1   Thumb Code   194  tasks.o(i.prvAddNewTaskToReadyList)
    i.prvDeleteTCB                           0x08003a70   Section        0  tasks.o(i.prvDeleteTCB)
    prvDeleteTCB                             0x08003a71   Thumb Code    52  tasks.o(i.prvDeleteTCB)
    i.prvHeapInit                            0x08003aa4   Section        0  heap_4.o(i.prvHeapInit)
    prvHeapInit                              0x08003aa5   Thumb Code    66  heap_4.o(i.prvHeapInit)
    i.prvIdleTask                            0x08003af0   Section        0  tasks.o(i.prvIdleTask)
    prvIdleTask                              0x08003af1   Thumb Code    82  tasks.o(i.prvIdleTask)
    i.prvInitialiseNewTask                   0x08003b50   Section        0  tasks.o(i.prvInitialiseNewTask)
    prvInitialiseNewTask                     0x08003b51   Thumb Code   152  tasks.o(i.prvInitialiseNewTask)
    i.prvInsertBlockIntoFreeList             0x08003be8   Section        0  heap_4.o(i.prvInsertBlockIntoFreeList)
    prvInsertBlockIntoFreeList               0x08003be9   Thumb Code    72  heap_4.o(i.prvInsertBlockIntoFreeList)
    i.prvResetNextTaskUnblockTime            0x08003c34   Section        0  tasks.o(i.prvResetNextTaskUnblockTime)
    prvResetNextTaskUnblockTime              0x08003c35   Thumb Code    26  tasks.o(i.prvResetNextTaskUnblockTime)
    i.prvTaskExitError                       0x08003c54   Section        0  port.o(i.prvTaskExitError)
    prvTaskExitError                         0x08003c55   Thumb Code    36  port.o(i.prvTaskExitError)
    i.pvPortMalloc                           0x08003c7c   Section        0  heap_4.o(i.pvPortMalloc)
    i.pwm_val_protect                        0x08003d54   Section        0  motor.o(i.pwm_val_protect)
    i.pxPortInitialiseStack                  0x08003d68   Section        0  port.o(i.pxPortInitialiseStack)
    i.read_encoder                           0x08003d94   Section        0  motor.o(i.read_encoder)
    i.set_motor1_rotate                      0x08003d9c   Section        0  roundmotor.o(i.set_motor1_rotate)
    i.set_motor2_rotate                      0x08003dc0   Section        0  linearmotor.o(i.set_motor2_rotate)
    i.set_target                             0x08003de0   Section        0  motor.o(i.set_target)
    i.uxListRemove                           0x08003de4   Section        0  list.o(i.uxListRemove)
    i.vApplicationGetIdleTaskMemory          0x08003e0c   Section        0  freertos.o(i.vApplicationGetIdleTaskMemory)
    i.vListInitialise                        0x08003e20   Section        0  list.o(i.vListInitialise)
    i.vListInitialiseItem                    0x08003e36   Section        0  list.o(i.vListInitialiseItem)
    i.vListInsert                            0x08003e3c   Section        0  list.o(i.vListInsert)
    i.vListInsertEnd                         0x08003e6c   Section        0  list.o(i.vListInsertEnd)
    i.vPortEnterCritical                     0x08003e84   Section        0  port.o(i.vPortEnterCritical)
    i.vPortExitCritical                      0x08003ec4   Section        0  port.o(i.vPortExitCritical)
    i.vPortFree                              0x08003eec   Section        0  heap_4.o(i.vPortFree)
    i.vPortSetupTimerInterrupt               0x08003f48   Section        0  port.o(i.vPortSetupTimerInterrupt)
    i.vTaskDelay                             0x08003f6c   Section        0  tasks.o(i.vTaskDelay)
    i.vTaskStartScheduler                    0x08003fb8   Section        0  tasks.o(i.vTaskStartScheduler)
    i.vTaskSuspendAll                        0x08004024   Section        0  tasks.o(i.vTaskSuspendAll)
    i.vTaskSwitchContext                     0x08004034   Section        0  tasks.o(i.vTaskSwitchContext)
    i.xPortStartScheduler                    0x08004090   Section        0  port.o(i.xPortStartScheduler)
    i.xTaskCreate                            0x08004184   Section        0  tasks.o(i.xTaskCreate)
    i.xTaskCreateStatic                      0x080041de   Section        0  tasks.o(i.xTaskCreateStatic)
    i.xTaskIncrementTick                     0x08004234   Section        0  tasks.o(i.xTaskIncrementTick)
    i.xTaskResumeAll                         0x080042fc   Section        0  tasks.o(i.xTaskResumeAll)
    .constdata                               0x080043c0   Section      140  freertos.o(.constdata)
    .constdata                               0x0800444c   Section        8  stm32f4xx_hal_dma.o(.constdata)
    flagBitshiftOffset                       0x0800444c   Data           8  stm32f4xx_hal_dma.o(.constdata)
    .constdata                               0x08004454   Section       16  system_stm32f4xx.o(.constdata)
    .constdata                               0x08004464   Section        8  system_stm32f4xx.o(.constdata)
    .conststring                             0x0800446c   Section       60  freertos.o(.conststring)
    .data                                    0x20000000   Section       20  freertos.o(.data)
    .data                                    0x20000014   Section        8  roundmotor.o(.data)
    cnt                                      0x20000014   Data           4  roundmotor.o(.data)
    last                                     0x20000018   Data           4  roundmotor.o(.data)
    .data                                    0x2000001c   Section        8  linearmotor.o(.data)
    cnt                                      0x2000001c   Data           1  linearmotor.o(.data)
    last                                     0x20000020   Data           4  linearmotor.o(.data)
    .data                                    0x20000024   Section       24  variate.o(.data)
    .data                                    0x2000003c   Section        4  variate.o(.data)
    .data                                    0x20000040   Section        4  variate.o(.data)
    .data                                    0x20000044   Section        4  variate.o(.data)
    .data                                    0x20000048   Section        2  variate.o(.data)
    .data                                    0x2000004c   Section        4  variate.o(.data)
    .data                                    0x20000050   Section        4  variate.o(.data)
    .data                                    0x20000054   Section        4  variate.o(.data)
    .data                                    0x20000058   Section        1  variate.o(.data)
    .data                                    0x2000005c   Section        4  variate.o(.data)
    .data                                    0x20000060   Section        4  variate.o(.data)
    .data                                    0x20000064   Section        2  variate.o(.data)
    .data                                    0x20000068   Section        4  variate.o(.data)
    .data                                    0x2000006c   Section        8  variate.o(.data)
    .data                                    0x20000074   Section        1  variate.o(.data)
    .data                                    0x20000078   Section        8  variate.o(.data)
    .data                                    0x20000080   Section        4  variate.o(.data)
    .data                                    0x20000084   Section        4  variate.o(.data)
    .data                                    0x20000088   Section        4  variate.o(.data)
    .data                                    0x2000008c   Section        4  variate.o(.data)
    .data                                    0x20000090   Section        1  variate.o(.data)
    .data                                    0x20000091   Section        1  variate.o(.data)
    .data                                    0x20000092   Section        1  variate.o(.data)
    .data                                    0x20000093   Section        1  variate.o(.data)
    .data                                    0x20000094   Section        1  variate.o(.data)
    .data                                    0x20000095   Section        1  variate.o(.data)
    .data                                    0x20000096   Section        1  variate.o(.data)
    .data                                    0x20000098   Section       12  stm32f4xx_hal.o(.data)
    .data                                    0x200000a4   Section        4  system_stm32f4xx.o(.data)
    .data                                    0x200000a8   Section       60  tasks.o(.data)
    pxDelayedTaskList                        0x200000ac   Data           4  tasks.o(.data)
    pxOverflowDelayedTaskList                0x200000b0   Data           4  tasks.o(.data)
    uxDeletedTasksWaitingCleanUp             0x200000b4   Data           4  tasks.o(.data)
    uxCurrentNumberOfTasks                   0x200000b8   Data           4  tasks.o(.data)
    xTickCount                               0x200000bc   Data           4  tasks.o(.data)
    uxTopReadyPriority                       0x200000c0   Data           4  tasks.o(.data)
    xSchedulerRunning                        0x200000c4   Data           4  tasks.o(.data)
    uxPendedTicks                            0x200000c8   Data           4  tasks.o(.data)
    xYieldPending                            0x200000cc   Data           4  tasks.o(.data)
    xNumOfOverflows                          0x200000d0   Data           4  tasks.o(.data)
    uxTaskNumber                             0x200000d4   Data           4  tasks.o(.data)
    xNextTaskUnblockTime                     0x200000d8   Data           4  tasks.o(.data)
    xIdleTaskHandle                          0x200000dc   Data           4  tasks.o(.data)
    uxSchedulerSuspended                     0x200000e0   Data           4  tasks.o(.data)
    .data                                    0x200000e4   Section       24  heap_4.o(.data)
    pxEnd                                    0x200000e4   Data           4  heap_4.o(.data)
    xFreeBytesRemaining                      0x200000e8   Data           4  heap_4.o(.data)
    xMinimumEverFreeBytesRemaining           0x200000ec   Data           4  heap_4.o(.data)
    xBlockAllocatedBit                       0x200000f0   Data           4  heap_4.o(.data)
    xStart                                   0x200000f4   Data           8  heap_4.o(.data)
    .data                                    0x200000fc   Section       12  port.o(.data)
    ucMaxSysCallPriority                     0x200000fc   Data           1  port.o(.data)
    uxCriticalNesting                        0x20000100   Data           4  port.o(.data)
    ulMaxPRIGROUPValue                       0x20000104   Data           4  port.o(.data)
    .bss                                     0x20000108   Section      596  freertos.o(.bss)
    xIdleTaskTCBBuffer                       0x20000108   Data          84  freertos.o(.bss)
    xIdleStack                               0x2000015c   Data         512  freertos.o(.bss)
    .bss                                     0x2000035c   Section      320  tim.o(.bss)
    .bss                                     0x2000049c   Section      256  usart.o(.bss)
    .bss                                     0x2000059c   Section       64  stm32f4xx_hal_timebase_tim.o(.bss)
    .bss                                     0x200005dc   Section      100  variate.o(.bss)
    .bss                                     0x20000640   Section       32  variate.o(.bss)
    .bss                                     0x20000660   Section       32  variate.o(.bss)
    .bss                                     0x20000680   Section      240  tasks.o(.bss)
    pxReadyTasksLists                        0x20000680   Data         140  tasks.o(.bss)
    xDelayedTaskList1                        0x2000070c   Data          20  tasks.o(.bss)
    xDelayedTaskList2                        0x20000720   Data          20  tasks.o(.bss)
    xPendingReadyList                        0x20000734   Data          20  tasks.o(.bss)
    xTasksWaitingTermination                 0x20000748   Data          20  tasks.o(.bss)
    xSuspendedTaskList                       0x2000075c   Data          20  tasks.o(.bss)
    .bss                                     0x20000770   Section    15360  heap_4.o(.bss)
    ucHeap                                   0x20000770   Data       15360  heap_4.o(.bss)
    STACK                                    0x20004370   Section     1024  startup_stm32f407xx.o(STACK)

    Global Symbols

    Symbol Name                              Value     Ov Type        Size  Object(Section)

    BuildAttributes$$THM_ISAv4$E$P$D$K$B$S$7EM$VFPi3$EXTD16$VFPS$VFMA$PE$A:L22UL41UL21$X:L11$S22US41US21$IEEE1$IW$USESV6$~STKCKD$USESV7$~SHL$OTIME$ROPI$IEEEJ$EBA8$MICROLIB$REQ8$PRES8$EABIv2 0x00000000   Number         0  anon$$obj.o ABSOLUTE
    __ARM_use_no_argv                        0x00000000   Number         0  main.o ABSOLUTE
    __arm_fini_                               - Undefined Weak Reference
    __cpp_initialize__aeabi_                  - Undefined Weak Reference
    __cxa_finalize                            - Undefined Weak Reference
    __decompress                              - Undefined Weak Reference
    _clock_init                               - Undefined Weak Reference
    _microlib_exit                            - Undefined Weak Reference
    __Vectors_Size                           0x00000188   Number         0  startup_stm32f407xx.o ABSOLUTE
    __Vectors                                0x08000000   Data           4  startup_stm32f407xx.o(RESET)
    __Vectors_End                            0x08000188   Data           0  startup_stm32f407xx.o(RESET)
    __main                                   0x08000189   Thumb Code     0  entry.o(.ARM.Collect$$$$00000000)
    _main_stk                                0x08000189   Thumb Code     0  entry2.o(.ARM.Collect$$$$00000001)
    _main_scatterload                        0x0800018d   Thumb Code     0  entry5.o(.ARM.Collect$$$$00000004)
    __main_after_scatterload                 0x08000191   Thumb Code     0  entry5.o(.ARM.Collect$$$$00000004)
    _main_clock                              0x08000191   Thumb Code     0  entry7b.o(.ARM.Collect$$$$00000008)
    _main_cpp_init                           0x08000191   Thumb Code     0  entry8b.o(.ARM.Collect$$$$0000000A)
    _main_init                               0x08000191   Thumb Code     0  entry9a.o(.ARM.Collect$$$$0000000B)
    __rt_lib_shutdown_fini                   0x08000199   Thumb Code     0  entry12b.o(.ARM.Collect$$$$0000000E)
    __rt_final_cpp                           0x0800019d   Thumb Code     0  entry10a.o(.ARM.Collect$$$$0000000F)
    __rt_final_exit                          0x0800019d   Thumb Code     0  entry11a.o(.ARM.Collect$$$$00000011)
    SVC_Handler                              0x080001a1   Thumb Code    28  port.o(.emb_text)
    __asm___6_port_c_39a90d8d__prvStartFirstTask 0x080001c1   Thumb Code    36  port.o(.emb_text)
    __asm___6_port_c_39a90d8d__prvEnableVFP  0x080001e9   Thumb Code    16  port.o(.emb_text)
    PendSV_Handler                           0x080001fd   Thumb Code    88  port.o(.emb_text)
    vPortGetIPSR                             0x08000259   Thumb Code     6  port.o(.emb_text)
    Reset_Handler                            0x08000261   Thumb Code     8  startup_stm32f407xx.o(.text)
    ADC_IRQHandler                           0x0800027b   Thumb Code     0  startup_stm32f407xx.o(.text)
    CAN1_RX0_IRQHandler                      0x0800027b   Thumb Code     0  startup_stm32f407xx.o(.text)
    CAN1_RX1_IRQHandler                      0x0800027b   Thumb Code     0  startup_stm32f407xx.o(.text)
    CAN1_SCE_IRQHandler                      0x0800027b   Thumb Code     0  startup_stm32f407xx.o(.text)
    CAN1_TX_IRQHandler                       0x0800027b   Thumb Code     0  startup_stm32f407xx.o(.text)
    CAN2_RX0_IRQHandler                      0x0800027b   Thumb Code     0  startup_stm32f407xx.o(.text)
    CAN2_RX1_IRQHandler                      0x0800027b   Thumb Code     0  startup_stm32f407xx.o(.text)
    CAN2_SCE_IRQHandler                      0x0800027b   Thumb Code     0  startup_stm32f407xx.o(.text)
    CAN2_TX_IRQHandler                       0x0800027b   Thumb Code     0  startup_stm32f407xx.o(.text)
    DCMI_IRQHandler                          0x0800027b   Thumb Code     0  startup_stm32f407xx.o(.text)
    DMA1_Stream0_IRQHandler                  0x0800027b   Thumb Code     0  startup_stm32f407xx.o(.text)
    DMA1_Stream1_IRQHandler                  0x0800027b   Thumb Code     0  startup_stm32f407xx.o(.text)
    DMA1_Stream2_IRQHandler                  0x0800027b   Thumb Code     0  startup_stm32f407xx.o(.text)
    DMA1_Stream3_IRQHandler                  0x0800027b   Thumb Code     0  startup_stm32f407xx.o(.text)
    DMA1_Stream4_IRQHandler                  0x0800027b   Thumb Code     0  startup_stm32f407xx.o(.text)
    DMA1_Stream7_IRQHandler                  0x0800027b   Thumb Code     0  startup_stm32f407xx.o(.text)
    DMA2_Stream0_IRQHandler                  0x0800027b   Thumb Code     0  startup_stm32f407xx.o(.text)
    DMA2_Stream1_IRQHandler                  0x0800027b   Thumb Code     0  startup_stm32f407xx.o(.text)
    DMA2_Stream2_IRQHandler                  0x0800027b   Thumb Code     0  startup_stm32f407xx.o(.text)
    DMA2_Stream3_IRQHandler                  0x0800027b   Thumb Code     0  startup_stm32f407xx.o(.text)
    DMA2_Stream4_IRQHandler                  0x0800027b   Thumb Code     0  startup_stm32f407xx.o(.text)
    DMA2_Stream5_IRQHandler                  0x0800027b   Thumb Code     0  startup_stm32f407xx.o(.text)
    DMA2_Stream6_IRQHandler                  0x0800027b   Thumb Code     0  startup_stm32f407xx.o(.text)
    DMA2_Stream7_IRQHandler                  0x0800027b   Thumb Code     0  startup_stm32f407xx.o(.text)
    ETH_IRQHandler                           0x0800027b   Thumb Code     0  startup_stm32f407xx.o(.text)
    ETH_WKUP_IRQHandler                      0x0800027b   Thumb Code     0  startup_stm32f407xx.o(.text)
    EXTI0_IRQHandler                         0x0800027b   Thumb Code     0  startup_stm32f407xx.o(.text)
    EXTI15_10_IRQHandler                     0x0800027b   Thumb Code     0  startup_stm32f407xx.o(.text)
    EXTI1_IRQHandler                         0x0800027b   Thumb Code     0  startup_stm32f407xx.o(.text)
    EXTI2_IRQHandler                         0x0800027b   Thumb Code     0  startup_stm32f407xx.o(.text)
    EXTI3_IRQHandler                         0x0800027b   Thumb Code     0  startup_stm32f407xx.o(.text)
    EXTI4_IRQHandler                         0x0800027b   Thumb Code     0  startup_stm32f407xx.o(.text)
    EXTI9_5_IRQHandler                       0x0800027b   Thumb Code     0  startup_stm32f407xx.o(.text)
    FLASH_IRQHandler                         0x0800027b   Thumb Code     0  startup_stm32f407xx.o(.text)
    FMC_IRQHandler                           0x0800027b   Thumb Code     0  startup_stm32f407xx.o(.text)
    FPU_IRQHandler                           0x0800027b   Thumb Code     0  startup_stm32f407xx.o(.text)
    HASH_RNG_IRQHandler                      0x0800027b   Thumb Code     0  startup_stm32f407xx.o(.text)
    I2C1_ER_IRQHandler                       0x0800027b   Thumb Code     0  startup_stm32f407xx.o(.text)
    I2C1_EV_IRQHandler                       0x0800027b   Thumb Code     0  startup_stm32f407xx.o(.text)
    I2C2_ER_IRQHandler                       0x0800027b   Thumb Code     0  startup_stm32f407xx.o(.text)
    I2C2_EV_IRQHandler                       0x0800027b   Thumb Code     0  startup_stm32f407xx.o(.text)
    I2C3_ER_IRQHandler                       0x0800027b   Thumb Code     0  startup_stm32f407xx.o(.text)
    I2C3_EV_IRQHandler                       0x0800027b   Thumb Code     0  startup_stm32f407xx.o(.text)
    OTG_FS_IRQHandler                        0x0800027b   Thumb Code     0  startup_stm32f407xx.o(.text)
    OTG_FS_WKUP_IRQHandler                   0x0800027b   Thumb Code     0  startup_stm32f407xx.o(.text)
    OTG_HS_EP1_IN_IRQHandler                 0x0800027b   Thumb Code     0  startup_stm32f407xx.o(.text)
    OTG_HS_EP1_OUT_IRQHandler                0x0800027b   Thumb Code     0  startup_stm32f407xx.o(.text)
    OTG_HS_IRQHandler                        0x0800027b   Thumb Code     0  startup_stm32f407xx.o(.text)
    OTG_HS_WKUP_IRQHandler                   0x0800027b   Thumb Code     0  startup_stm32f407xx.o(.text)
    PVD_IRQHandler                           0x0800027b   Thumb Code     0  startup_stm32f407xx.o(.text)
    RCC_IRQHandler                           0x0800027b   Thumb Code     0  startup_stm32f407xx.o(.text)
    RTC_Alarm_IRQHandler                     0x0800027b   Thumb Code     0  startup_stm32f407xx.o(.text)
    RTC_WKUP_IRQHandler                      0x0800027b   Thumb Code     0  startup_stm32f407xx.o(.text)
    SDIO_IRQHandler                          0x0800027b   Thumb Code     0  startup_stm32f407xx.o(.text)
    SPI1_IRQHandler                          0x0800027b   Thumb Code     0  startup_stm32f407xx.o(.text)
    SPI2_IRQHandler                          0x0800027b   Thumb Code     0  startup_stm32f407xx.o(.text)
    SPI3_IRQHandler                          0x0800027b   Thumb Code     0  startup_stm32f407xx.o(.text)
    TAMP_STAMP_IRQHandler                    0x0800027b   Thumb Code     0  startup_stm32f407xx.o(.text)
    TIM1_BRK_TIM9_IRQHandler                 0x0800027b   Thumb Code     0  startup_stm32f407xx.o(.text)
    TIM1_CC_IRQHandler                       0x0800027b   Thumb Code     0  startup_stm32f407xx.o(.text)
    TIM1_TRG_COM_TIM11_IRQHandler            0x0800027b   Thumb Code     0  startup_stm32f407xx.o(.text)
    TIM2_IRQHandler                          0x0800027b   Thumb Code     0  startup_stm32f407xx.o(.text)
    TIM3_IRQHandler                          0x0800027b   Thumb Code     0  startup_stm32f407xx.o(.text)
    TIM4_IRQHandler                          0x0800027b   Thumb Code     0  startup_stm32f407xx.o(.text)
    TIM6_DAC_IRQHandler                      0x0800027b   Thumb Code     0  startup_stm32f407xx.o(.text)
    TIM7_IRQHandler                          0x0800027b   Thumb Code     0  startup_stm32f407xx.o(.text)
    TIM8_BRK_TIM12_IRQHandler                0x0800027b   Thumb Code     0  startup_stm32f407xx.o(.text)
    TIM8_CC_IRQHandler                       0x0800027b   Thumb Code     0  startup_stm32f407xx.o(.text)
    TIM8_UP_TIM13_IRQHandler                 0x0800027b   Thumb Code     0  startup_stm32f407xx.o(.text)
    UART4_IRQHandler                         0x0800027b   Thumb Code     0  startup_stm32f407xx.o(.text)
    UART5_IRQHandler                         0x0800027b   Thumb Code     0  startup_stm32f407xx.o(.text)
    USART1_IRQHandler                        0x0800027b   Thumb Code     0  startup_stm32f407xx.o(.text)
    USART3_IRQHandler                        0x0800027b   Thumb Code     0  startup_stm32f407xx.o(.text)
    USART6_IRQHandler                        0x0800027b   Thumb Code     0  startup_stm32f407xx.o(.text)
    WWDG_IRQHandler                          0x0800027b   Thumb Code     0  startup_stm32f407xx.o(.text)
    __aeabi_uldivmod                         0x08000285   Thumb Code    98  uldiv.o(.text)
    __aeabi_memcpy                           0x080002e7   Thumb Code    36  memcpya.o(.text)
    __aeabi_memcpy4                          0x080002e7   Thumb Code     0  memcpya.o(.text)
    __aeabi_memcpy8                          0x080002e7   Thumb Code     0  memcpya.o(.text)
    __aeabi_memset                           0x0800030b   Thumb Code    14  memseta.o(.text)
    __aeabi_memset4                          0x0800030b   Thumb Code     0  memseta.o(.text)
    __aeabi_memset8                          0x0800030b   Thumb Code     0  memseta.o(.text)
    __aeabi_memclr                           0x08000319   Thumb Code     4  memseta.o(.text)
    __aeabi_memclr4                          0x08000319   Thumb Code     0  memseta.o(.text)
    __aeabi_memclr8                          0x08000319   Thumb Code     0  memseta.o(.text)
    memset                                   0x0800031d   Thumb Code    18  memseta.o(.text)
    __aeabi_dadd                             0x0800032f   Thumb Code   322  dadd.o(.text)
    __aeabi_dsub                             0x08000471   Thumb Code     6  dadd.o(.text)
    __aeabi_drsub                            0x08000477   Thumb Code     6  dadd.o(.text)
    __aeabi_dmul                             0x0800047d   Thumb Code   228  dmul.o(.text)
    __aeabi_ddiv                             0x08000561   Thumb Code   222  ddiv.o(.text)
    __aeabi_i2d                              0x0800063f   Thumb Code    34  dflti.o(.text)
    __aeabi_d2iz                             0x08000661   Thumb Code    62  dfixi.o(.text)
    __aeabi_d2uiz                            0x0800069f   Thumb Code    50  dfixui.o(.text)
    __aeabi_cdcmpeq                          0x080006d1   Thumb Code     0  cdcmple.o(.text)
    __aeabi_cdcmple                          0x080006d1   Thumb Code    48  cdcmple.o(.text)
    __aeabi_d2f                              0x08000701   Thumb Code    56  d2f.o(.text)
    __aeabi_llsl                             0x08000739   Thumb Code    30  llshl.o(.text)
    _ll_shift_l                              0x08000739   Thumb Code     0  llshl.o(.text)
    __aeabi_llsr                             0x08000757   Thumb Code    32  llushr.o(.text)
    _ll_ushift_r                             0x08000757   Thumb Code     0  llushr.o(.text)
    __aeabi_lasr                             0x08000777   Thumb Code    36  llsshr.o(.text)
    _ll_sshift_r                             0x08000777   Thumb Code     0  llsshr.o(.text)
    __I$use$fp                               0x0800079b   Thumb Code     0  iusefp.o(.text)
    _float_round                             0x0800079b   Thumb Code    18  fepilogue.o(.text)
    _float_epilogue                          0x080007ad   Thumb Code    92  fepilogue.o(.text)
    _double_round                            0x08000809   Thumb Code    30  depilogue.o(.text)
    _double_epilogue                         0x08000827   Thumb Code   156  depilogue.o(.text)
    __scatterload                            0x080008c5   Thumb Code    28  init.o(.text)
    __scatterload_rt2                        0x080008c5   Thumb Code     0  init.o(.text)
    BusFault_Handler                         0x080008e9   Thumb Code     2  stm32f4xx_it.o(i.BusFault_Handler)
    Calculate_Target                         0x080008ed   Thumb Code    56  linearmotor.o(i.Calculate_Target)
    Check_RoundMotor_Position                0x08000935   Thumb Code    66  roundmotor.o(i.Check_RoundMotor_Position)
    Command_Analysis                         0x08000985   Thumb Code   382  command.o(i.Command_Analysis)
    DMA1_Stream5_IRQHandler                  0x08000b8d   Thumb Code     6  stm32f4xx_it.o(i.DMA1_Stream5_IRQHandler)
    DMA1_Stream6_IRQHandler                  0x08000b99   Thumb Code     6  stm32f4xx_it.o(i.DMA1_Stream6_IRQHandler)
    DebugMon_Handler                         0x08000c49   Thumb Code     2  stm32f4xx_it.o(i.DebugMon_Handler)
    Engine                                   0x08000c4d   Thumb Code   262  freertos.o(i.Engine)
    Error_Handler                            0x08000d6d   Thumb Code     2  main.o(i.Error_Handler)
    FindCommand                              0x08000d71   Thumb Code    70  command.o(i.FindCommand)
    HAL_DMA_Abort_IT                         0x08000dbd   Thumb Code    36  stm32f4xx_hal_dma.o(i.HAL_DMA_Abort_IT)
    HAL_DMA_IRQHandler                       0x08000de1   Thumb Code   412  stm32f4xx_hal_dma.o(i.HAL_DMA_IRQHandler)
    HAL_DMA_Init                             0x08000f81   Thumb Code   206  stm32f4xx_hal_dma.o(i.HAL_DMA_Init)
    HAL_DMA_Start_IT                         0x08001055   Thumb Code   110  stm32f4xx_hal_dma.o(i.HAL_DMA_Start_IT)
    HAL_Delay                                0x080010c5   Thumb Code    32  stm32f4xx_hal.o(i.HAL_Delay)
    HAL_GPIO_Init                            0x080010e9   Thumb Code   394  stm32f4xx_hal_gpio.o(i.HAL_GPIO_Init)
    HAL_GPIO_WritePin                        0x080012a1   Thumb Code    10  stm32f4xx_hal_gpio.o(i.HAL_GPIO_WritePin)
    HAL_GetTick                              0x080012ad   Thumb Code     6  stm32f4xx_hal.o(i.HAL_GetTick)
    HAL_IncTick                              0x080012b9   Thumb Code    12  stm32f4xx_hal.o(i.HAL_IncTick)
    HAL_Init                                 0x080012c9   Thumb Code    48  stm32f4xx_hal.o(i.HAL_Init)
    HAL_InitTick                             0x080012fd   Thumb Code   100  stm32f4xx_hal_timebase_tim.o(i.HAL_InitTick)
    HAL_MspInit                              0x08001371   Thumb Code    42  stm32f4xx_hal_msp.o(i.HAL_MspInit)
    HAL_NVIC_EnableIRQ                       0x080013a1   Thumb Code    26  stm32f4xx_hal_cortex.o(i.HAL_NVIC_EnableIRQ)
    HAL_NVIC_SetPriority                     0x080013bd   Thumb Code    60  stm32f4xx_hal_cortex.o(i.HAL_NVIC_SetPriority)
    HAL_NVIC_SetPriorityGrouping             0x080013fd   Thumb Code    26  stm32f4xx_hal_cortex.o(i.HAL_NVIC_SetPriorityGrouping)
    HAL_RCC_ClockConfig                      0x08001421   Thumb Code   288  stm32f4xx_hal_rcc.o(i.HAL_RCC_ClockConfig)
    HAL_RCC_GetClockConfig                   0x08001555   Thumb Code    54  stm32f4xx_hal_rcc.o(i.HAL_RCC_GetClockConfig)
    HAL_RCC_GetPCLK1Freq                     0x08001595   Thumb Code    20  stm32f4xx_hal_rcc.o(i.HAL_RCC_GetPCLK1Freq)
    HAL_RCC_GetPCLK2Freq                     0x080015b5   Thumb Code    20  stm32f4xx_hal_rcc.o(i.HAL_RCC_GetPCLK2Freq)
    HAL_RCC_GetSysClockFreq                  0x080015d5   Thumb Code    88  stm32f4xx_hal_rcc.o(i.HAL_RCC_GetSysClockFreq)
    HAL_RCC_OscConfig                        0x08001635   Thumb Code   840  stm32f4xx_hal_rcc.o(i.HAL_RCC_OscConfig)
    HAL_TIMEx_BreakCallback                  0x08001991   Thumb Code     2  stm32f4xx_hal_tim_ex.o(i.HAL_TIMEx_BreakCallback)
    HAL_TIMEx_CommutCallback                 0x08001993   Thumb Code     2  stm32f4xx_hal_tim_ex.o(i.HAL_TIMEx_CommutCallback)
    HAL_TIMEx_MasterConfigSynchronization    0x08001995   Thumb Code   116  stm32f4xx_hal_tim_ex.o(i.HAL_TIMEx_MasterConfigSynchronization)
    HAL_TIM_Base_Init                        0x08001a25   Thumb Code    54  stm32f4xx_hal_tim.o(i.HAL_TIM_Base_Init)
    HAL_TIM_Base_MspInit                     0x08001a5d   Thumb Code    78  tim.o(i.HAL_TIM_Base_MspInit)
    HAL_TIM_Base_Start_IT                    0x08001abd   Thumb Code    34  stm32f4xx_hal_tim.o(i.HAL_TIM_Base_Start_IT)
    HAL_TIM_ConfigClockSource                0x08001adf   Thumb Code   214  stm32f4xx_hal_tim.o(i.HAL_TIM_ConfigClockSource)
    HAL_TIM_Encoder_Init                     0x08001bb5   Thumb Code   152  stm32f4xx_hal_tim.o(i.HAL_TIM_Encoder_Init)
    HAL_TIM_Encoder_MspInit                  0x08001c4d   Thumb Code   184  tim.o(i.HAL_TIM_Encoder_MspInit)
    HAL_TIM_Encoder_Start                    0x08001d19   Thumb Code    52  stm32f4xx_hal_tim.o(i.HAL_TIM_Encoder_Start)
    HAL_TIM_IC_CaptureCallback               0x08001d4d   Thumb Code     2  stm32f4xx_hal_tim.o(i.HAL_TIM_IC_CaptureCallback)
    HAL_TIM_IRQHandler                       0x08001d4f   Thumb Code   358  stm32f4xx_hal_tim.o(i.HAL_TIM_IRQHandler)
    HAL_TIM_MspPostInit                      0x08001eb5   Thumb Code   210  tim.o(i.HAL_TIM_MspPostInit)
    HAL_TIM_OC_DelayElapsedCallback          0x08001fa9   Thumb Code     2  stm32f4xx_hal_tim.o(i.HAL_TIM_OC_DelayElapsedCallback)
    HAL_TIM_PWM_ConfigChannel                0x08001fab   Thumb Code   208  stm32f4xx_hal_tim.o(i.HAL_TIM_PWM_ConfigChannel)
    HAL_TIM_PWM_Init                         0x0800207b   Thumb Code    54  stm32f4xx_hal_tim.o(i.HAL_TIM_PWM_Init)
    HAL_TIM_PWM_MspInit                      0x080020b1   Thumb Code     2  stm32f4xx_hal_tim.o(i.HAL_TIM_PWM_MspInit)
    HAL_TIM_PWM_PulseFinishedCallback        0x080020b3   Thumb Code     2  stm32f4xx_hal_tim.o(i.HAL_TIM_PWM_PulseFinishedCallback)
    HAL_TIM_PWM_Start                        0x080020b5   Thumb Code    58  stm32f4xx_hal_tim.o(i.HAL_TIM_PWM_Start)
    HAL_TIM_PeriodElapsedCallback            0x080020f9   Thumb Code    70  main.o(i.HAL_TIM_PeriodElapsedCallback)
    HAL_TIM_TriggerCallback                  0x08002155   Thumb Code     2  stm32f4xx_hal_tim.o(i.HAL_TIM_TriggerCallback)
    HAL_UART_ErrorCallback                   0x08002157   Thumb Code     2  stm32f4xx_hal_uart.o(i.HAL_UART_ErrorCallback)
    HAL_UART_IRQHandler                      0x08002159   Thumb Code   270  stm32f4xx_hal_uart.o(i.HAL_UART_IRQHandler)
    HAL_UART_IdleCpltCallback                0x0800226d   Thumb Code     8  main.o(i.HAL_UART_IdleCpltCallback)
    HAL_UART_Init                            0x08002279   Thumb Code    98  stm32f4xx_hal_uart.o(i.HAL_UART_Init)
    HAL_UART_MspInit                         0x080022dd   Thumb Code   242  usart.o(i.HAL_UART_MspInit)
    HAL_UART_Receive_DMA                     0x080023e9   Thumb Code   138  stm32f4xx_hal_uart.o(i.HAL_UART_Receive_DMA)
    HAL_UART_RxCpltCallback                  0x08002481   Thumb Code    20  main.o(i.HAL_UART_RxCpltCallback)
    HAL_UART_RxHalfCpltCallback              0x080024a1   Thumb Code     2  stm32f4xx_hal_uart.o(i.HAL_UART_RxHalfCpltCallback)
    HAL_UART_Transmit_DMA                    0x080024a5   Thumb Code   114  stm32f4xx_hal_uart.o(i.HAL_UART_Transmit_DMA)
    HAL_UART_TxCpltCallback                  0x08002525   Thumb Code     2  stm32f4xx_hal_uart.o(i.HAL_UART_TxCpltCallback)
    HAL_UART_TxHalfCpltCallback              0x08002527   Thumb Code     2  stm32f4xx_hal_uart.o(i.HAL_UART_TxHalfCpltCallback)
    HardFault_Handler                        0x08002529   Thumb Code     2  stm32f4xx_it.o(i.HardFault_Handler)
    LinearMotorInit                          0x0800252d   Thumb Code    80  linearmotor.o(i.LinearMotorInit)
    LinearMotorTask                          0x0800259d   Thumb Code    20  freertos.o(i.LinearMotorTask)
    MX_DMA_Init                              0x080025b5   Thumb Code    56  dma.o(i.MX_DMA_Init)
    MX_FREERTOS_Init                         0x080025f1   Thumb Code   118  freertos.o(i.MX_FREERTOS_Init)
    MX_GPIO_Init                             0x08002671   Thumb Code   166  gpio.o(i.MX_GPIO_Init)
    MX_TIM11_Init                            0x08002721   Thumb Code    96  tim.o(i.MX_TIM11_Init)
    MX_TIM1_Init                             0x08002789   Thumb Code   102  tim.o(i.MX_TIM1_Init)
    MX_TIM3_Init                             0x080027f9   Thumb Code   192  tim.o(i.MX_TIM3_Init)
    MX_TIM4_Init                             0x080028c1   Thumb Code   192  tim.o(i.MX_TIM4_Init)
    MX_TIM5_Init                             0x08002989   Thumb Code   100  tim.o(i.MX_TIM5_Init)
    MX_USART2_UART_Init                      0x080029f5   Thumb Code    48  usart.o(i.MX_USART2_UART_Init)
    MemManage_Handler                        0x08002a2d   Thumb Code     2  stm32f4xx_it.o(i.MemManage_Handler)
    NMI_Handler                              0x08002a2f   Thumb Code     2  stm32f4xx_it.o(i.NMI_Handler)
    PID_param_init                           0x08002a31   Thumb Code    76  motor.o(i.PID_param_init)
    PID_realize                              0x08002a85   Thumb Code   112  motor.o(i.PID_realize)
    PWM_Limit                                0x08002af9   Thumb Code    20  engine.o(i.PWM_Limit)
    RoundMotorTask                           0x08002b0d   Thumb Code    20  freertos.o(i.RoundMotorTask)
    StartDefaultTask                         0x08002b25   Thumb Code    12  freertos.o(i.StartDefaultTask)
    StartTaskMotor1                          0x08002b31   Thumb Code   120  roundmotor.o(i.StartTaskMotor1)
    StartTaskMotor2                          0x08002bd1   Thumb Code   216  linearmotor.o(i.StartTaskMotor2)
    SysTick_Handler                          0x08002cd5   Thumb Code    38  port.o(i.SysTick_Handler)
    SystemClock_Config                       0x08002d01   Thumb Code   122  main.o(i.SystemClock_Config)
    SystemInit                               0x08002d85   Thumb Code    22  system_stm32f4xx.o(i.SystemInit)
    TIM1_UP_TIM10_IRQHandler                 0x08002da1   Thumb Code     6  stm32f4xx_it.o(i.TIM1_UP_TIM10_IRQHandler)
    TIM5_IRQHandler                          0x08002dad   Thumb Code     6  stm32f4xx_it.o(i.TIM5_IRQHandler)
    TIM8_TRG_COM_TIM14_IRQHandler            0x08002db9   Thumb Code     6  stm32f4xx_it.o(i.TIM8_TRG_COM_TIM14_IRQHandler)
    TIM_Base_SetConfig                       0x08002dc5   Thumb Code   156  stm32f4xx_hal_tim.o(i.TIM_Base_SetConfig)
    TIM_CCxChannelCmd                        0x08002e8d   Thumb Code    26  stm32f4xx_hal_tim.o(i.TIM_CCxChannelCmd)
    TIM_ETR_SetConfig                        0x08002ea7   Thumb Code    20  stm32f4xx_hal_tim.o(i.TIM_ETR_SetConfig)
    TIM_OC2_SetConfig                        0x08002f2d   Thumb Code    98  stm32f4xx_hal_tim.o(i.TIM_OC2_SetConfig)
    Transmit                                 0x08003099   Thumb Code    32  freertos.o(i.Transmit)
    Transmit_Motor1_Position                 0x080030c1   Thumb Code    76  roundmotor.o(i.Transmit_Motor1_Position)
    USART2_IRQHandler                        0x08003455   Thumb Code    38  stm32f4xx_it.o(i.USART2_IRQHandler)
    UsageFault_Handler                       0x08003481   Thumb Code     2  stm32f4xx_it.o(i.UsageFault_Handler)
    __hardfp_fabs                            0x080034a3   Thumb Code    20  fabs.o(i.__hardfp_fabs)
    __scatterload_copy                       0x080034b7   Thumb Code    14  handlers.o(i.__scatterload_copy)
    __scatterload_null                       0x080034c5   Thumb Code     2  handlers.o(i.__scatterload_null)
    __scatterload_zeroinit                   0x080034c7   Thumb Code    14  handlers.o(i.__scatterload_zeroinit)
    main                                     0x080034d5   Thumb Code   198  main.o(i.main)
    motor_down_close                         0x080035c9   Thumb Code    40  engine.o(i.motor_down_close)
    motor_grab_ball                          0x080035f5   Thumb Code    86  engine.o(i.motor_grab_ball)
    motor_grab_cube                          0x08003651   Thumb Code    86  engine.o(i.motor_grab_cube)
    motor_grab_cube_down                     0x080036ad   Thumb Code    40  engine.o(i.motor_grab_cube_down)
    motor_grab_edge_ball                     0x080036d9   Thumb Code   116  engine.o(i.motor_grab_edge_ball)
    motor_grab_edge_cube                     0x08003751   Thumb Code   116  engine.o(i.motor_grab_edge_cube)
    motor_init                               0x080037c9   Thumb Code    14  engine.o(i.motor_init)
    motor_move                               0x080037d9   Thumb Code    88  engine.o(i.motor_move)
    motor_put_ball                           0x08003835   Thumb Code    14  engine.o(i.motor_put_ball)
    motor_put_cube                           0x08003849   Thumb Code    14  engine.o(i.motor_put_cube)
    motor_reset                              0x0800385d   Thumb Code    30  engine.o(i.motor_reset)
    motor_up_little                          0x08003881   Thumb Code    30  engine.o(i.motor_up_little)
    motor_up_open                            0x080038a5   Thumb Code    28  engine.o(i.motor_up_open)
    osDelay                                  0x080038c5   Thumb Code    14  cmsis_os.o(i.osDelay)
    osKernelStart                            0x080038d3   Thumb Code    10  cmsis_os.o(i.osKernelStart)
    osThreadCreate                           0x080038dd   Thumb Code    84  cmsis_os.o(i.osThreadCreate)
    pvPortMalloc                             0x08003c7d   Thumb Code   210  heap_4.o(i.pvPortMalloc)
    pwm_val_protect                          0x08003d55   Thumb Code    18  motor.o(i.pwm_val_protect)
    pxPortInitialiseStack                    0x08003d69   Thumb Code    40  port.o(i.pxPortInitialiseStack)
    read_encoder                             0x08003d95   Thumb Code     6  motor.o(i.read_encoder)
    set_motor1_rotate                        0x08003d9d   Thumb Code    32  roundmotor.o(i.set_motor1_rotate)
    set_motor2_rotate                        0x08003dc1   Thumb Code    28  linearmotor.o(i.set_motor2_rotate)
    set_target                               0x08003de1   Thumb Code     4  motor.o(i.set_target)
    uxListRemove                             0x08003de5   Thumb Code    38  list.o(i.uxListRemove)
    vApplicationGetIdleTaskMemory            0x08003e0d   Thumb Code    16  freertos.o(i.vApplicationGetIdleTaskMemory)
    vListInitialise                          0x08003e21   Thumb Code    22  list.o(i.vListInitialise)
    vListInitialiseItem                      0x08003e37   Thumb Code     6  list.o(i.vListInitialiseItem)
    vListInsert                              0x08003e3d   Thumb Code    48  list.o(i.vListInsert)
    vListInsertEnd                           0x08003e6d   Thumb Code    24  list.o(i.vListInsertEnd)
    vPortEnterCritical                       0x08003e85   Thumb Code    54  port.o(i.vPortEnterCritical)
    vPortExitCritical                        0x08003ec5   Thumb Code    34  port.o(i.vPortExitCritical)
    vPortFree                                0x08003eed   Thumb Code    88  heap_4.o(i.vPortFree)
    vPortSetupTimerInterrupt                 0x08003f49   Thumb Code    32  port.o(i.vPortSetupTimerInterrupt)
    vTaskDelay                               0x08003f6d   Thumb Code    66  tasks.o(i.vTaskDelay)
    vTaskStartScheduler                      0x08003fb9   Thumb Code    90  tasks.o(i.vTaskStartScheduler)
    vTaskSuspendAll                          0x08004025   Thumb Code    10  tasks.o(i.vTaskSuspendAll)
    vTaskSwitchContext                       0x08004035   Thumb Code    82  tasks.o(i.vTaskSwitchContext)
    xPortStartScheduler                      0x08004091   Thumb Code   222  port.o(i.xPortStartScheduler)
    xTaskCreate                              0x08004185   Thumb Code    90  tasks.o(i.xTaskCreate)
    xTaskCreateStatic                        0x080041df   Thumb Code    86  tasks.o(i.xTaskCreateStatic)
    xTaskIncrementTick                       0x08004235   Thumb Code   192  tasks.o(i.xTaskIncrementTick)
    xTaskResumeAll                           0x080042fd   Thumb Code   182  tasks.o(i.xTaskResumeAll)
    AHBPrescTable                            0x08004454   Data          16  system_stm32f4xx.o(.constdata)
    APBPrescTable                            0x08004464   Data           8  system_stm32f4xx.o(.constdata)
    Region$$Table$$Base                      0x080044a8   Number         0  anon$$obj.o(Region$$Table)
    Region$$Table$$Limit                     0x080044c8   Number         0  anon$$obj.o(Region$$Table)
    defaultTaskHandle                        0x20000000   Data           4  freertos.o(.data)
    myTask02Handle                           0x20000004   Data           4  freertos.o(.data)
    myTask03Handle                           0x20000008   Data           4  freertos.o(.data)
    myTask04Handle                           0x2000000c   Data           4  freertos.o(.data)
    myTask05Handle                           0x20000010   Data           4  freertos.o(.data)
    initial_pid_val                          0x20000024   Data          24  variate.o(.data)
    pwm1                                     0x2000003c   Data           4  variate.o(.data)
    encoder1                                 0x20000040   Data           4  variate.o(.data)
    pid1_err_limit                           0x20000044   Data           4  variate.o(.data)
    Motor1EncoderOverflowCnt                 0x20000048   Data           2  variate.o(.data)
    RoundEncoder                             0x2000004c   Data           4  variate.o(.data)
    Round_Finish                             0x20000050   Data           4  variate.o(.data)
    pwm2                                     0x20000054   Data           4  variate.o(.data)
    flag2                                    0x20000058   Data           1  variate.o(.data)
    encoder2                                 0x2000005c   Data           4  variate.o(.data)
    pid2_err_limit                           0x20000060   Data           4  variate.o(.data)
    Motor2EncoderOverflowCnt                 0x20000064   Data           2  variate.o(.data)
    Linear_Finish                            0x20000068   Data           4  variate.o(.data)
    transmit                                 0x2000006c   Data           8  variate.o(.data)
    RxFlag                                   0x20000074   Data           1  variate.o(.data)
    Linear_length                            0x20000078   Data           8  variate.o(.data)
    Round_Angle                              0x20000080   Data           4  variate.o(.data)
    Start_Flag                               0x20000084   Data           4  variate.o(.data)
    old_angle                                0x20000088   Data           4  variate.o(.data)
    old_length                               0x2000008c   Data           4  variate.o(.data)
    NewMessage1                              0x20000090   Data           1  variate.o(.data)
    NewMessage2                              0x20000091   Data           1  variate.o(.data)
    Mode_Command                             0x20000092   Data           1  variate.o(.data)
    Round_Command                            0x20000093   Data           1  variate.o(.data)
    Linear_Command                           0x20000094   Data           1  variate.o(.data)
    Check_Sum                                0x20000095   Data           1  variate.o(.data)
    Linear_IntCommand                        0x20000096   Data           1  variate.o(.data)
    uwTickFreq                               0x20000098   Data           1  stm32f4xx_hal.o(.data)
    uwTickPrio                               0x2000009c   Data           4  stm32f4xx_hal.o(.data)
    uwTick                                   0x200000a0   Data           4  stm32f4xx_hal.o(.data)
    SystemCoreClock                          0x200000a4   Data           4  system_stm32f4xx.o(.data)
    pxCurrentTCB                             0x200000a8   Data           4  tasks.o(.data)
    htim1                                    0x2000035c   Data          64  tim.o(.bss)
    htim3                                    0x2000039c   Data          64  tim.o(.bss)
    htim4                                    0x200003dc   Data          64  tim.o(.bss)
    htim5                                    0x2000041c   Data          64  tim.o(.bss)
    htim11                                   0x2000045c   Data          64  tim.o(.bss)
    huart2                                   0x2000049c   Data          64  usart.o(.bss)
    hdma_usart2_rx                           0x200004dc   Data          96  usart.o(.bss)
    hdma_usart2_tx                           0x2000053c   Data          96  usart.o(.bss)
    htim14                                   0x2000059c   Data          64  stm32f4xx_hal_timebase_tim.o(.bss)
    Command                                  0x200005dc   Data         100  variate.o(.bss)
    pid1                                     0x20000640   Data          32  variate.o(.bss)
    pid2                                     0x20000660   Data          32  variate.o(.bss)
    __initial_sp                             0x20004770   Data           0  startup_stm32f407xx.o(STACK)



==============================================================================

Memory Map of the image

  Image Entry point : 0x08000189

  Load Region LR_IROM1 (Base: 0x08000000, Size: 0x000045d0, Max: 0x00080000, ABSOLUTE)

    Execution Region ER_IROM1 (Exec base: 0x08000000, Load base: 0x08000000, Size: 0x000044c8, Max: 0x00080000, ABSOLUTE)

    Exec Addr    Load Addr    Size         Type   Attr      Idx    E Section Name        Object

    0x08000000   0x08000000   0x00000188   Data   RO            3    RESET               startup_stm32f407xx.o
    0x08000188   0x08000188   0x00000000   Code   RO         4840  * .ARM.Collect$$$$00000000  mc_w.l(entry.o)
    0x08000188   0x08000188   0x00000004   Code   RO         4871    .ARM.Collect$$$$00000001  mc_w.l(entry2.o)
    0x0800018c   0x0800018c   0x00000004   Code   RO         4874    .ARM.Collect$$$$00000004  mc_w.l(entry5.o)
    0x08000190   0x08000190   0x00000000   Code   RO         4876    .ARM.Collect$$$$00000008  mc_w.l(entry7b.o)
    0x08000190   0x08000190   0x00000000   Code   RO         4878    .ARM.Collect$$$$0000000A  mc_w.l(entry8b.o)
    0x08000190   0x08000190   0x00000008   Code   RO         4879    .ARM.Collect$$$$0000000B  mc_w.l(entry9a.o)
    0x08000198   0x08000198   0x00000004   Code   RO         4886    .ARM.Collect$$$$0000000E  mc_w.l(entry12b.o)
    0x0800019c   0x0800019c   0x00000000   Code   RO         4881    .ARM.Collect$$$$0000000F  mc_w.l(entry10a.o)
    0x0800019c   0x0800019c   0x00000000   Code   RO         4883    .ARM.Collect$$$$00000011  mc_w.l(entry11a.o)
    0x0800019c   0x0800019c   0x00000004   Code   RO         4872    .ARM.Collect$$$$00002712  mc_w.l(entry2.o)
    0x080001a0   0x080001a0   0x000000be   Code   RO         4757    .emb_text           port.o
    0x0800025e   0x0800025e   0x00000002   PAD
    0x08000260   0x08000260   0x00000024   Code   RO            4    .text               startup_stm32f407xx.o
    0x08000284   0x08000284   0x00000062   Code   RO         4843    .text               mc_w.l(uldiv.o)
    0x080002e6   0x080002e6   0x00000024   Code   RO         4845    .text               mc_w.l(memcpya.o)
    0x0800030a   0x0800030a   0x00000024   Code   RO         4849    .text               mc_w.l(memseta.o)
    0x0800032e   0x0800032e   0x0000014e   Code   RO         4853    .text               mf_w.l(dadd.o)
    0x0800047c   0x0800047c   0x000000e4   Code   RO         4855    .text               mf_w.l(dmul.o)
    0x08000560   0x08000560   0x000000de   Code   RO         4857    .text               mf_w.l(ddiv.o)
    0x0800063e   0x0800063e   0x00000022   Code   RO         4861    .text               mf_w.l(dflti.o)
    0x08000660   0x08000660   0x0000003e   Code   RO         4863    .text               mf_w.l(dfixi.o)
    0x0800069e   0x0800069e   0x00000032   Code   RO         4865    .text               mf_w.l(dfixui.o)
    0x080006d0   0x080006d0   0x00000030   Code   RO         4867    .text               mf_w.l(cdcmple.o)
    0x08000700   0x08000700   0x00000038   Code   RO         4869    .text               mf_w.l(d2f.o)
    0x08000738   0x08000738   0x0000001e   Code   RO         4887    .text               mc_w.l(llshl.o)
    0x08000756   0x08000756   0x00000020   Code   RO         4889    .text               mc_w.l(llushr.o)
    0x08000776   0x08000776   0x00000024   Code   RO         4891    .text               mc_w.l(llsshr.o)
    0x0800079a   0x0800079a   0x00000000   Code   RO         4893    .text               mc_w.l(iusefp.o)
    0x0800079a   0x0800079a   0x0000006e   Code   RO         4894    .text               mf_w.l(fepilogue.o)
    0x08000808   0x08000808   0x000000ba   Code   RO         4896    .text               mf_w.l(depilogue.o)
    0x080008c2   0x080008c2   0x00000002   PAD
    0x080008c4   0x080008c4   0x00000024   Code   RO         4898    .text               mc_w.l(init.o)
    0x080008e8   0x080008e8   0x00000002   Code   RO          596    i.BusFault_Handler  stm32f4xx_it.o
    0x080008ea   0x080008ea   0x00000002   PAD
    0x080008ec   0x080008ec   0x00000048   Code   RO          850    i.Calculate_Target  linearmotor.o
    0x08000934   0x08000934   0x00000050   Code   RO          753    i.Check_RoundMotor_Position  roundmotor.o
    0x08000984   0x08000984   0x00000208   Code   RO         1007    i.Command_Analysis  command.o
    0x08000b8c   0x08000b8c   0x0000000c   Code   RO          597    i.DMA1_Stream5_IRQHandler  stm32f4xx_it.o
    0x08000b98   0x08000b98   0x0000000c   Code   RO          598    i.DMA1_Stream6_IRQHandler  stm32f4xx_it.o
    0x08000ba4   0x08000ba4   0x00000028   Code   RO         1556    i.DMA_CalcBaseAndBitshift  stm32f4xx_hal_dma.o
    0x08000bcc   0x08000bcc   0x00000054   Code   RO         1557    i.DMA_CheckFifoParam  stm32f4xx_hal_dma.o
    0x08000c20   0x08000c20   0x00000028   Code   RO         1558    i.DMA_SetConfig     stm32f4xx_hal_dma.o
    0x08000c48   0x08000c48   0x00000002   Code   RO          599    i.DebugMon_Handler  stm32f4xx_it.o
    0x08000c4a   0x08000c4a   0x00000002   PAD
    0x08000c4c   0x08000c4c   0x00000120   Code   RO          369    i.Engine            freertos.o
    0x08000d6c   0x08000d6c   0x00000002   Code   RO           13    i.Error_Handler     main.o
    0x08000d6e   0x08000d6e   0x00000002   PAD
    0x08000d70   0x08000d70   0x0000004c   Code   RO         1008    i.FindCommand       command.o
    0x08000dbc   0x08000dbc   0x00000024   Code   RO         1560    i.HAL_DMA_Abort_IT  stm32f4xx_hal_dma.o
    0x08000de0   0x08000de0   0x000001a0   Code   RO         1564    i.HAL_DMA_IRQHandler  stm32f4xx_hal_dma.o
    0x08000f80   0x08000f80   0x000000d4   Code   RO         1565    i.HAL_DMA_Init      stm32f4xx_hal_dma.o
    0x08001054   0x08001054   0x0000006e   Code   RO         1569    i.HAL_DMA_Start_IT  stm32f4xx_hal_dma.o
    0x080010c2   0x080010c2   0x00000002   PAD
    0x080010c4   0x080010c4   0x00000024   Code   RO         1978    i.HAL_Delay         stm32f4xx_hal.o
    0x080010e8   0x080010e8   0x000001b8   Code   RO         1452    i.HAL_GPIO_Init     stm32f4xx_hal_gpio.o
    0x080012a0   0x080012a0   0x0000000a   Code   RO         1456    i.HAL_GPIO_WritePin  stm32f4xx_hal_gpio.o
    0x080012aa   0x080012aa   0x00000002   PAD
    0x080012ac   0x080012ac   0x0000000c   Code   RO         1984    i.HAL_GetTick       stm32f4xx_hal.o
    0x080012b8   0x080012b8   0x00000010   Code   RO         1990    i.HAL_IncTick       stm32f4xx_hal.o
    0x080012c8   0x080012c8   0x00000034   Code   RO         1991    i.HAL_Init          stm32f4xx_hal.o
    0x080012fc   0x080012fc   0x00000074   Code   RO          714    i.HAL_InitTick      stm32f4xx_hal_timebase_tim.o
    0x08001370   0x08001370   0x00000030   Code   RO          690    i.HAL_MspInit       stm32f4xx_hal_msp.o
    0x080013a0   0x080013a0   0x0000001a   Code   RO         1841    i.HAL_NVIC_EnableIRQ  stm32f4xx_hal_cortex.o
    0x080013ba   0x080013ba   0x00000002   PAD
    0x080013bc   0x080013bc   0x00000040   Code   RO         1847    i.HAL_NVIC_SetPriority  stm32f4xx_hal_cortex.o
    0x080013fc   0x080013fc   0x00000024   Code   RO         1848    i.HAL_NVIC_SetPriorityGrouping  stm32f4xx_hal_cortex.o
    0x08001420   0x08001420   0x00000134   Code   RO         1098    i.HAL_RCC_ClockConfig  stm32f4xx_hal_rcc.o
    0x08001554   0x08001554   0x00000040   Code   RO         1102    i.HAL_RCC_GetClockConfig  stm32f4xx_hal_rcc.o
    0x08001594   0x08001594   0x00000020   Code   RO         1105    i.HAL_RCC_GetPCLK1Freq  stm32f4xx_hal_rcc.o
    0x080015b4   0x080015b4   0x00000020   Code   RO         1106    i.HAL_RCC_GetPCLK2Freq  stm32f4xx_hal_rcc.o
    0x080015d4   0x080015d4   0x00000060   Code   RO         1107    i.HAL_RCC_GetSysClockFreq  stm32f4xx_hal_rcc.o
    0x08001634   0x08001634   0x0000035c   Code   RO         1110    i.HAL_RCC_OscConfig  stm32f4xx_hal_rcc.o
    0x08001990   0x08001990   0x00000002   Code   RO         2906    i.HAL_TIMEx_BreakCallback  stm32f4xx_hal_tim_ex.o
    0x08001992   0x08001992   0x00000002   Code   RO         2907    i.HAL_TIMEx_CommutCallback  stm32f4xx_hal_tim_ex.o
    0x08001994   0x08001994   0x00000090   Code   RO         2924    i.HAL_TIMEx_MasterConfigSynchronization  stm32f4xx_hal_tim_ex.o
    0x08001a24   0x08001a24   0x00000036   Code   RO         2231    i.HAL_TIM_Base_Init  stm32f4xx_hal_tim.o
    0x08001a5a   0x08001a5a   0x00000002   PAD
    0x08001a5c   0x08001a5c   0x00000060   Code   RO          471    i.HAL_TIM_Base_MspInit  tim.o
    0x08001abc   0x08001abc   0x00000022   Code   RO         2236    i.HAL_TIM_Base_Start_IT  stm32f4xx_hal_tim.o
    0x08001ade   0x08001ade   0x000000d6   Code   RO         2240    i.HAL_TIM_ConfigClockSource  stm32f4xx_hal_tim.o
    0x08001bb4   0x08001bb4   0x00000098   Code   RO         2249    i.HAL_TIM_Encoder_Init  stm32f4xx_hal_tim.o
    0x08001c4c   0x08001c4c   0x000000cc   Code   RO          473    i.HAL_TIM_Encoder_MspInit  tim.o
    0x08001d18   0x08001d18   0x00000034   Code   RO         2252    i.HAL_TIM_Encoder_Start  stm32f4xx_hal_tim.o
    0x08001d4c   0x08001d4c   0x00000002   Code   RO         2260    i.HAL_TIM_IC_CaptureCallback  stm32f4xx_hal_tim.o
    0x08001d4e   0x08001d4e   0x00000166   Code   RO         2274    i.HAL_TIM_IRQHandler  stm32f4xx_hal_tim.o
    0x08001eb4   0x08001eb4   0x000000f4   Code   RO          474    i.HAL_TIM_MspPostInit  tim.o
    0x08001fa8   0x08001fa8   0x00000002   Code   RO         2277    i.HAL_TIM_OC_DelayElapsedCallback  stm32f4xx_hal_tim.o
    0x08001faa   0x08001faa   0x000000d0   Code   RO         2298    i.HAL_TIM_PWM_ConfigChannel  stm32f4xx_hal_tim.o
    0x0800207a   0x0800207a   0x00000036   Code   RO         2301    i.HAL_TIM_PWM_Init  stm32f4xx_hal_tim.o
    0x080020b0   0x080020b0   0x00000002   Code   RO         2303    i.HAL_TIM_PWM_MspInit  stm32f4xx_hal_tim.o
    0x080020b2   0x080020b2   0x00000002   Code   RO         2304    i.HAL_TIM_PWM_PulseFinishedCallback  stm32f4xx_hal_tim.o
    0x080020b4   0x080020b4   0x00000044   Code   RO         2306    i.HAL_TIM_PWM_Start  stm32f4xx_hal_tim.o
    0x080020f8   0x080020f8   0x0000005c   Code   RO           14    i.HAL_TIM_PeriodElapsedCallback  main.o
    0x08002154   0x08002154   0x00000002   Code   RO         2317    i.HAL_TIM_TriggerCallback  stm32f4xx_hal_tim.o
    0x08002156   0x08002156   0x00000002   Code   RO         3178    i.HAL_UART_ErrorCallback  stm32f4xx_hal_uart.o
    0x08002158   0x08002158   0x00000114   Code   RO         3181    i.HAL_UART_IRQHandler  stm32f4xx_hal_uart.o
    0x0800226c   0x0800226c   0x0000000c   Code   RO           15    i.HAL_UART_IdleCpltCallback  main.o
    0x08002278   0x08002278   0x00000062   Code   RO         3182    i.HAL_UART_Init     stm32f4xx_hal_uart.o
    0x080022da   0x080022da   0x00000002   PAD
    0x080022dc   0x080022dc   0x0000010c   Code   RO          555    i.HAL_UART_MspInit  usart.o
    0x080023e8   0x080023e8   0x00000098   Code   RO         3186    i.HAL_UART_Receive_DMA  stm32f4xx_hal_uart.o
    0x08002480   0x08002480   0x00000020   Code   RO           16    i.HAL_UART_RxCpltCallback  main.o
    0x080024a0   0x080024a0   0x00000002   Code   RO         3189    i.HAL_UART_RxHalfCpltCallback  stm32f4xx_hal_uart.o
    0x080024a2   0x080024a2   0x00000002   PAD
    0x080024a4   0x080024a4   0x00000080   Code   RO         3191    i.HAL_UART_Transmit_DMA  stm32f4xx_hal_uart.o
    0x08002524   0x08002524   0x00000002   Code   RO         3193    i.HAL_UART_TxCpltCallback  stm32f4xx_hal_uart.o
    0x08002526   0x08002526   0x00000002   Code   RO         3194    i.HAL_UART_TxHalfCpltCallback  stm32f4xx_hal_uart.o
    0x08002528   0x08002528   0x00000002   Code   RO          600    i.HardFault_Handler  stm32f4xx_it.o
    0x0800252a   0x0800252a   0x00000002   PAD
    0x0800252c   0x0800252c   0x00000070   Code   RO          851    i.LinearMotorInit   linearmotor.o
    0x0800259c   0x0800259c   0x00000018   Code   RO          370    i.LinearMotorTask   freertos.o
    0x080025b4   0x080025b4   0x0000003c   Code   RO          443    i.MX_DMA_Init       dma.o
    0x080025f0   0x080025f0   0x00000080   Code   RO          371    i.MX_FREERTOS_Init  freertos.o
    0x08002670   0x08002670   0x000000b0   Code   RO          252    i.MX_GPIO_Init      gpio.o
    0x08002720   0x08002720   0x00000068   Code   RO          475    i.MX_TIM11_Init     tim.o
    0x08002788   0x08002788   0x00000070   Code   RO          476    i.MX_TIM1_Init      tim.o
    0x080027f8   0x080027f8   0x000000c8   Code   RO          477    i.MX_TIM3_Init      tim.o
    0x080028c0   0x080028c0   0x000000c8   Code   RO          478    i.MX_TIM4_Init      tim.o
    0x08002988   0x08002988   0x0000006c   Code   RO          479    i.MX_TIM5_Init      tim.o
    0x080029f4   0x080029f4   0x00000038   Code   RO          556    i.MX_USART2_UART_Init  usart.o
    0x08002a2c   0x08002a2c   0x00000002   Code   RO          601    i.MemManage_Handler  stm32f4xx_it.o
    0x08002a2e   0x08002a2e   0x00000002   Code   RO          602    i.NMI_Handler       stm32f4xx_it.o
    0x08002a30   0x08002a30   0x00000054   Code   RO          802    i.PID_param_init    motor.o
    0x08002a84   0x08002a84   0x00000074   Code   RO          803    i.PID_realize       motor.o
    0x08002af8   0x08002af8   0x00000014   Code   RO          896    i.PWM_Limit         engine.o
    0x08002b0c   0x08002b0c   0x00000018   Code   RO          372    i.RoundMotorTask    freertos.o
    0x08002b24   0x08002b24   0x0000000c   Code   RO          373    i.StartDefaultTask  freertos.o
    0x08002b30   0x08002b30   0x000000a0   Code   RO          754    i.StartTaskMotor1   roundmotor.o
    0x08002bd0   0x08002bd0   0x00000104   Code   RO          852    i.StartTaskMotor2   linearmotor.o
    0x08002cd4   0x08002cd4   0x0000002c   Code   RO         4758    i.SysTick_Handler   port.o
    0x08002d00   0x08002d00   0x00000084   Code   RO           17    i.SystemClock_Config  main.o
    0x08002d84   0x08002d84   0x0000001c   Code   RO         3484    i.SystemInit        system_stm32f4xx.o
    0x08002da0   0x08002da0   0x0000000c   Code   RO          603    i.TIM1_UP_TIM10_IRQHandler  stm32f4xx_it.o
    0x08002dac   0x08002dac   0x0000000c   Code   RO          604    i.TIM5_IRQHandler   stm32f4xx_it.o
    0x08002db8   0x08002db8   0x0000000c   Code   RO          605    i.TIM8_TRG_COM_TIM14_IRQHandler  stm32f4xx_it.o
    0x08002dc4   0x08002dc4   0x000000c8   Code   RO         2319    i.TIM_Base_SetConfig  stm32f4xx_hal_tim.o
    0x08002e8c   0x08002e8c   0x0000001a   Code   RO         2320    i.TIM_CCxChannelCmd  stm32f4xx_hal_tim.o
    0x08002ea6   0x08002ea6   0x00000014   Code   RO         2330    i.TIM_ETR_SetConfig  stm32f4xx_hal_tim.o
    0x08002eba   0x08002eba   0x00000010   Code   RO         2331    i.TIM_ITRx_SetConfig  stm32f4xx_hal_tim.o
    0x08002eca   0x08002eca   0x00000002   PAD
    0x08002ecc   0x08002ecc   0x00000060   Code   RO         2332    i.TIM_OC1_SetConfig  stm32f4xx_hal_tim.o
    0x08002f2c   0x08002f2c   0x0000006c   Code   RO         2333    i.TIM_OC2_SetConfig  stm32f4xx_hal_tim.o
    0x08002f98   0x08002f98   0x00000068   Code   RO         2334    i.TIM_OC3_SetConfig  stm32f4xx_hal_tim.o
    0x08003000   0x08003000   0x00000050   Code   RO         2335    i.TIM_OC4_SetConfig  stm32f4xx_hal_tim.o
    0x08003050   0x08003050   0x00000022   Code   RO         2337    i.TIM_TI1_ConfigInputStage  stm32f4xx_hal_tim.o
    0x08003072   0x08003072   0x00000024   Code   RO         2339    i.TIM_TI2_ConfigInputStage  stm32f4xx_hal_tim.o
    0x08003096   0x08003096   0x00000002   PAD
    0x08003098   0x08003098   0x00000028   Code   RO          374    i.Transmit          freertos.o
    0x080030c0   0x080030c0   0x0000006c   Code   RO          755    i.Transmit_Motor1_Position  roundmotor.o
    0x0800312c   0x0800312c   0x00000010   Code   RO         3195    i.UART_DMAAbortOnError  stm32f4xx_hal_uart.o
    0x0800313c   0x0800313c   0x0000004a   Code   RO         3196    i.UART_DMAError     stm32f4xx_hal_uart.o
    0x08003186   0x08003186   0x0000003c   Code   RO         3197    i.UART_DMAReceiveCplt  stm32f4xx_hal_uart.o
    0x080031c2   0x080031c2   0x0000000a   Code   RO         3199    i.UART_DMARxHalfCplt  stm32f4xx_hal_uart.o
    0x080031cc   0x080031cc   0x0000002e   Code   RO         3201    i.UART_DMATransmitCplt  stm32f4xx_hal_uart.o
    0x080031fa   0x080031fa   0x0000000a   Code   RO         3203    i.UART_DMATxHalfCplt  stm32f4xx_hal_uart.o
    0x08003204   0x08003204   0x0000001c   Code   RO         3205    i.UART_EndRxTransfer  stm32f4xx_hal_uart.o
    0x08003220   0x08003220   0x00000012   Code   RO         3206    i.UART_EndTxTransfer  stm32f4xx_hal_uart.o
    0x08003232   0x08003232   0x00000096   Code   RO         3207    i.UART_Receive_IT   stm32f4xx_hal_uart.o
    0x080032c8   0x080032c8   0x00000128   Code   RO         3208    i.UART_SetConfig    stm32f4xx_hal_uart.o
    0x080033f0   0x080033f0   0x00000062   Code   RO         3209    i.UART_Transmit_IT  stm32f4xx_hal_uart.o
    0x08003452   0x08003452   0x00000002   PAD
    0x08003454   0x08003454   0x0000002c   Code   RO          606    i.USART2_IRQHandler  stm32f4xx_it.o
    0x08003480   0x08003480   0x00000002   Code   RO          607    i.UsageFault_Handler  stm32f4xx_it.o
    0x08003482   0x08003482   0x00000020   Code   RO         1854    i.__NVIC_SetPriority  stm32f4xx_hal_cortex.o
    0x080034a2   0x080034a2   0x00000014   Code   RO         4834    i.__hardfp_fabs     m_wm.l(fabs.o)
    0x080034b6   0x080034b6   0x0000000e   Code   RO         4902    i.__scatterload_copy  mc_w.l(handlers.o)
    0x080034c4   0x080034c4   0x00000002   Code   RO         4903    i.__scatterload_null  mc_w.l(handlers.o)
    0x080034c6   0x080034c6   0x0000000e   Code   RO         4904    i.__scatterload_zeroinit  mc_w.l(handlers.o)
    0x080034d4   0x080034d4   0x000000e8   Code   RO           18    i.main              main.o
    0x080035bc   0x080035bc   0x0000000c   Code   RO         4326    i.makeFreeRtosPriority  cmsis_os.o
    0x080035c8   0x080035c8   0x0000002c   Code   RO          897    i.motor_down_close  engine.o
    0x080035f4   0x080035f4   0x0000005c   Code   RO          899    i.motor_grab_ball   engine.o
    0x08003650   0x08003650   0x0000005c   Code   RO          900    i.motor_grab_cube   engine.o
    0x080036ac   0x080036ac   0x0000002c   Code   RO          901    i.motor_grab_cube_down  engine.o
    0x080036d8   0x080036d8   0x00000078   Code   RO          902    i.motor_grab_edge_ball  engine.o
    0x08003750   0x08003750   0x00000078   Code   RO          903    i.motor_grab_edge_cube  engine.o
    0x080037c8   0x080037c8   0x0000000e   Code   RO          904    i.motor_init        engine.o
    0x080037d6   0x080037d6   0x00000002   PAD
    0x080037d8   0x080037d8   0x0000005c   Code   RO          905    i.motor_move        engine.o
    0x08003834   0x08003834   0x00000014   Code   RO          906    i.motor_put_ball    engine.o
    0x08003848   0x08003848   0x00000014   Code   RO          907    i.motor_put_cube    engine.o
    0x0800385c   0x0800385c   0x00000024   Code   RO          908    i.motor_reset       engine.o
    0x08003880   0x08003880   0x00000024   Code   RO          909    i.motor_up_little   engine.o
    0x080038a4   0x080038a4   0x00000020   Code   RO          910    i.motor_up_open     engine.o
    0x080038c4   0x080038c4   0x0000000e   Code   RO         4328    i.osDelay           cmsis_os.o
    0x080038d2   0x080038d2   0x0000000a   Code   RO         4331    i.osKernelStart     cmsis_os.o
    0x080038dc   0x080038dc   0x00000054   Code   RO         4365    i.osThreadCreate    cmsis_os.o
    0x08003930   0x08003930   0x00000070   Code   RO         4017    i.prvAddCurrentTaskToDelayedList  tasks.o
    0x080039a0   0x080039a0   0x000000d0   Code   RO         4018    i.prvAddNewTaskToReadyList  tasks.o
    0x08003a70   0x08003a70   0x00000034   Code   RO         4019    i.prvDeleteTCB      tasks.o
    0x08003aa4   0x08003aa4   0x0000004c   Code   RO         4696    i.prvHeapInit       heap_4.o
    0x08003af0   0x08003af0   0x00000060   Code   RO         4020    i.prvIdleTask       tasks.o
    0x08003b50   0x08003b50   0x00000098   Code   RO         4021    i.prvInitialiseNewTask  tasks.o
    0x08003be8   0x08003be8   0x0000004c   Code   RO         4697    i.prvInsertBlockIntoFreeList  heap_4.o
    0x08003c34   0x08003c34   0x00000020   Code   RO         4022    i.prvResetNextTaskUnblockTime  tasks.o
    0x08003c54   0x08003c54   0x00000028   Code   RO         4759    i.prvTaskExitError  port.o
    0x08003c7c   0x08003c7c   0x000000d8   Code   RO         4698    i.pvPortMalloc      heap_4.o
    0x08003d54   0x08003d54   0x00000012   Code   RO          804    i.pwm_val_protect   motor.o
    0x08003d66   0x08003d66   0x00000002   PAD
    0x08003d68   0x08003d68   0x0000002c   Code   RO         4760    i.pxPortInitialiseStack  port.o
    0x08003d94   0x08003d94   0x00000006   Code   RO          805    i.read_encoder      motor.o
    0x08003d9a   0x08003d9a   0x00000002   PAD
    0x08003d9c   0x08003d9c   0x00000024   Code   RO          756    i.set_motor1_rotate  roundmotor.o
    0x08003dc0   0x08003dc0   0x00000020   Code   RO          853    i.set_motor2_rotate  linearmotor.o
    0x08003de0   0x08003de0   0x00000004   Code   RO          806    i.set_target        motor.o
    0x08003de4   0x08003de4   0x00000026   Code   RO         3653    i.uxListRemove      list.o
    0x08003e0a   0x08003e0a   0x00000002   PAD
    0x08003e0c   0x08003e0c   0x00000014   Code   RO          375    i.vApplicationGetIdleTaskMemory  freertos.o
    0x08003e20   0x08003e20   0x00000016   Code   RO         3654    i.vListInitialise   list.o
    0x08003e36   0x08003e36   0x00000006   Code   RO         3655    i.vListInitialiseItem  list.o
    0x08003e3c   0x08003e3c   0x00000030   Code   RO         3656    i.vListInsert       list.o
    0x08003e6c   0x08003e6c   0x00000018   Code   RO         3657    i.vListInsertEnd    list.o
    0x08003e84   0x08003e84   0x00000040   Code   RO         4762    i.vPortEnterCritical  port.o
    0x08003ec4   0x08003ec4   0x00000028   Code   RO         4763    i.vPortExitCritical  port.o
    0x08003eec   0x08003eec   0x0000005c   Code   RO         4699    i.vPortFree         heap_4.o
    0x08003f48   0x08003f48   0x00000024   Code   RO         4764    i.vPortSetupTimerInterrupt  port.o
    0x08003f6c   0x08003f6c   0x0000004c   Code   RO         4030    i.vTaskDelay        tasks.o
    0x08003fb8   0x08003fb8   0x0000006c   Code   RO         4043    i.vTaskStartScheduler  tasks.o
    0x08004024   0x08004024   0x00000010   Code   RO         4045    i.vTaskSuspendAll   tasks.o
    0x08004034   0x08004034   0x0000005c   Code   RO         4046    i.vTaskSwitchContext  tasks.o
    0x08004090   0x08004090   0x000000f4   Code   RO         4766    i.xPortStartScheduler  port.o
    0x08004184   0x08004184   0x0000005a   Code   RO         4048    i.xTaskCreate       tasks.o
    0x080041de   0x080041de   0x00000056   Code   RO         4049    i.xTaskCreateStatic  tasks.o
    0x08004234   0x08004234   0x000000c8   Code   RO         4056    i.xTaskIncrementTick  tasks.o
    0x080042fc   0x080042fc   0x000000c4   Code   RO         4062    i.xTaskResumeAll    tasks.o
    0x080043c0   0x080043c0   0x0000008c   Data   RO          377    .constdata          freertos.o
    0x0800444c   0x0800444c   0x00000008   Data   RO         1571    .constdata          stm32f4xx_hal_dma.o
    0x08004454   0x08004454   0x00000010   Data   RO         3485    .constdata          system_stm32f4xx.o
    0x08004464   0x08004464   0x00000008   Data   RO         3486    .constdata          system_stm32f4xx.o
    0x0800446c   0x0800446c   0x0000003c   Data   RO          378    .conststring        freertos.o
    0x080044a8   0x080044a8   0x00000020   Data   RO         4900    Region$$Table       anon$$obj.o


    Execution Region RW_IRAM2 (Exec base: 0x10000000, Load base: 0x080045d0, Size: 0x00000000, Max: 0x00010000, ABSOLUTE)

    **** No section assigned to this execution region ****


    Execution Region RW_IRAM1 (Exec base: 0x20000000, Load base: 0x080044c8, Size: 0x00004770, Max: 0x00020000, ABSOLUTE)

    Exec Addr    Load Addr    Size         Type   Attr      Idx    E Section Name        Object

    0x20000000   0x080044c8   0x00000014   Data   RW          379    .data               freertos.o
    0x20000014   0x080044dc   0x00000008   Data   RW          757    .data               roundmotor.o
    0x2000001c   0x080044e4   0x00000008   Data   RW          854    .data               linearmotor.o
    0x20000024   0x080044ec   0x00000018   Data   RW         1043    .data               variate.o
    0x2000003c   0x08004504   0x00000004   Data   RW         1044    .data               variate.o
    0x20000040   0x08004508   0x00000004   Data   RW         1046    .data               variate.o
    0x20000044   0x0800450c   0x00000004   Data   RW         1047    .data               variate.o
    0x20000048   0x08004510   0x00000002   Data   RW         1048    .data               variate.o
    0x2000004a   0x08004512   0x00000002   PAD
    0x2000004c   0x08004514   0x00000004   Data   RW         1049    .data               variate.o
    0x20000050   0x08004518   0x00000004   Data   RW         1050    .data               variate.o
    0x20000054   0x0800451c   0x00000004   Data   RW         1051    .data               variate.o
    0x20000058   0x08004520   0x00000001   Data   RW         1052    .data               variate.o
    0x20000059   0x08004521   0x00000003   PAD
    0x2000005c   0x08004524   0x00000004   Data   RW         1053    .data               variate.o
    0x20000060   0x08004528   0x00000004   Data   RW         1054    .data               variate.o
    0x20000064   0x0800452c   0x00000002   Data   RW         1055    .data               variate.o
    0x20000066   0x0800452e   0x00000002   PAD
    0x20000068   0x08004530   0x00000004   Data   RW         1056    .data               variate.o
    0x2000006c   0x08004534   0x00000008   Data   RW         1057    .data               variate.o
    0x20000074   0x0800453c   0x00000001   Data   RW         1058    .data               variate.o
    0x20000075   0x0800453d   0x00000003   PAD
    0x20000078   0x08004540   0x00000008   Data   RW         1060    .data               variate.o
    0x20000080   0x08004548   0x00000004   Data   RW         1061    .data               variate.o
    0x20000084   0x0800454c   0x00000004   Data   RW         1062    .data               variate.o
    0x20000088   0x08004550   0x00000004   Data   RW         1063    .data               variate.o
    0x2000008c   0x08004554   0x00000004   Data   RW         1064    .data               variate.o
    0x20000090   0x08004558   0x00000001   Data   RW         1065    .data               variate.o
    0x20000091   0x08004559   0x00000001   Data   RW         1066    .data               variate.o
    0x20000092   0x0800455a   0x00000001   Data   RW         1067    .data               variate.o
    0x20000093   0x0800455b   0x00000001   Data   RW         1068    .data               variate.o
    0x20000094   0x0800455c   0x00000001   Data   RW         1069    .data               variate.o
    0x20000095   0x0800455d   0x00000001   Data   RW         1070    .data               variate.o
    0x20000096   0x0800455e   0x00000001   Data   RW         1071    .data               variate.o
    0x20000097   0x0800455f   0x00000001   PAD
    0x20000098   0x08004560   0x0000000c   Data   RW         1998    .data               stm32f4xx_hal.o
    0x200000a4   0x0800456c   0x00000004   Data   RW         3487    .data               system_stm32f4xx.o
    0x200000a8   0x08004570   0x0000003c   Data   RW         4065    .data               tasks.o
    0x200000e4   0x080045ac   0x00000018   Data   RW         4704    .data               heap_4.o
    0x200000fc   0x080045c4   0x0000000c   Data   RW         4767    .data               port.o
    0x20000108        -       0x00000254   Zero   RW          376    .bss                freertos.o
    0x2000035c        -       0x00000140   Zero   RW          480    .bss                tim.o
    0x2000049c        -       0x00000100   Zero   RW          557    .bss                usart.o
    0x2000059c        -       0x00000040   Zero   RW          717    .bss                stm32f4xx_hal_timebase_tim.o
    0x200005dc        -       0x00000064   Zero   RW         1040    .bss                variate.o
    0x20000640        -       0x00000020   Zero   RW         1041    .bss                variate.o
    0x20000660        -       0x00000020   Zero   RW         1042    .bss                variate.o
    0x20000680        -       0x000000f0   Zero   RW         4064    .bss                tasks.o
    0x20000770        -       0x00003c00   Zero   RW         4703    .bss                heap_4.o
    0x20004370        -       0x00000400   Zero   RW            1    STACK               startup_stm32f407xx.o


==============================================================================

Image component sizes


      Code (inc. data)   RO Data    RW Data    ZI Data      Debug   Object Name

       120          0          0          0          0      26205   cmsis_os.o
       596        144          0          0          0       1469   command.o
         0          0          0          0          0       7576   croutine.o
        60          4          0          0          0        898   dma.o
       782         60          0          0          0       8228   engine.o
         0          0          0          0          0      18548   event_groups.o
       536         56        200         20        596       5649   freertos.o
       176         10          0          0          0     681667   gpio.o
       460         24          0         24      15360       7755   heap_4.o
       476         96          0          8          0       2599   linearmotor.o
       138          0          0          0          0       3922   list.o
       502         82          0          0          0     715166   main.o
       228         12          0          0          0       3305   motor.o
       702         72          0         12          0      11712   port.o
       384         90          0          8          0       2541   roundmotor.o
        36          8        392          0       1024        888   startup_stm32f407xx.o
       116         18          0         12          0       9122   stm32f4xx_hal.o
       158         14          0          0          0      33474   stm32f4xx_hal_cortex.o
       938         16          8          0          0       6926   stm32f4xx_hal_dma.o
       450         46          0          0          0       2572   stm32f4xx_hal_gpio.o
        48          6          0          0          0        970   stm32f4xx_hal_msp.o
      1392         82          0          0          0       6293   stm32f4xx_hal_rcc.o
      1924         90          0          0          0      19581   stm32f4xx_hal_tim.o
       148         28          0          0          0       2689   stm32f4xx_hal_tim_ex.o
       116         16          0          0         64       1596   stm32f4xx_hal_timebase_tim.o
      1468         44          0          0          0      14484   stm32f4xx_hal_uart.o
       116         36          0          0          0       7000   stm32f4xx_it.o
         0          0          0          0          0        448   stream_buffer.o
        28          6         24          4          0       1331   system_stm32f4xx.o
      1516        110          0         60        240      20490   tasks.o
      1268        114          0          0        320       6808   tim.o
         0          0          0          0          0       2548   timers.o
       324         34          0          0        256       2176   usart.o
         0          0          0        105        164       2625   variate.o

    ----------------------------------------------------------------------
     15242       1318        656        264      18024    1639261   Object Totals
         0          0         32          0          0          0   (incl. Generated)
        36          0          0         11          0          0   (incl. Padding)

    ----------------------------------------------------------------------

      Code (inc. data)   RO Data    RW Data    ZI Data      Debug   Library Member Name

        20          0          0          0          0        124   fabs.o
         0          0          0          0          0          0   entry.o
         0          0          0          0          0          0   entry10a.o
         0          0          0          0          0          0   entry11a.o
         4          0          0          0          0          0   entry12b.o
         8          4          0          0          0          0   entry2.o
         4          0          0          0          0          0   entry5.o
         0          0          0          0          0          0   entry7b.o
         0          0          0          0          0          0   entry8b.o
         8          4          0          0          0          0   entry9a.o
        30          0          0          0          0          0   handlers.o
        36          8          0          0          0         68   init.o
         0          0          0          0          0          0   iusefp.o
        30          0          0          0          0         68   llshl.o
        36          0          0          0          0         68   llsshr.o
        32          0          0          0          0         68   llushr.o
        36          0          0          0          0         68   memcpya.o
        36          0          0          0          0        108   memseta.o
        98          0          0          0          0         92   uldiv.o
        48          0          0          0          0         68   cdcmple.o
        56          0          0          0          0         88   d2f.o
       334          0          0          0          0        148   dadd.o
       222          0          0          0          0        100   ddiv.o
       186          0          0          0          0        176   depilogue.o
        62          0          0          0          0         80   dfixi.o
        50          0          0          0          0         76   dfixui.o
        34          0          0          0          0         76   dflti.o
       228          0          0          0          0         96   dmul.o
       110          0          0          0          0        168   fepilogue.o

    ----------------------------------------------------------------------
      1710         16          0          0          0       1740   Library Totals
         2          0          0          0          0          0   (incl. Padding)

    ----------------------------------------------------------------------

      Code (inc. data)   RO Data    RW Data    ZI Data      Debug   Library Name

        20          0          0          0          0        124   m_wm.l
       358         16          0          0          0        540   mc_w.l
      1330          0          0          0          0       1076   mf_w.l

    ----------------------------------------------------------------------
      1710         16          0          0          0       1740   Library Totals

    ----------------------------------------------------------------------

==============================================================================


      Code (inc. data)   RO Data    RW Data    ZI Data      Debug   

     16952       1334        656        264      18024    1624025   Grand Totals
     16952       1334        656        264      18024    1624025   ELF Image Totals
     16952       1334        656        264          0          0   ROM Totals

==============================================================================

    Total RO  Size (Code + RO Data)                17608 (  17.20kB)
    Total RW  Size (RW Data + ZI Data)             18288 (  17.86kB)
    Total ROM Size (Code + RO Data + RW Data)      17872 (  17.45kB)

==============================================================================

