Component: ARM Compiler 5.06 update 5 (build 528) Tool: armlink [4d35e2]

==============================================================================

Section Cross References

    startup_stm32f407xx.o(RESET) refers to startup_stm32f407xx.o(STACK) for __initial_sp
    startup_stm32f407xx.o(RESET) refers to startup_stm32f407xx.o(.text) for Reset_Handler
    startup_stm32f407xx.o(RESET) refers to stm32f4xx_it.o(i.NMI_Handler) for NMI_Handler
    startup_stm32f407xx.o(RESET) refers to stm32f4xx_it.o(i.HardFault_Handler) for HardFault_Handler
    startup_stm32f407xx.o(RESET) refers to stm32f4xx_it.o(i.MemManage_Handler) for MemManage_Handler
    startup_stm32f407xx.o(RESET) refers to stm32f4xx_it.o(i.BusFault_Handler) for BusFault_Handler
    startup_stm32f407xx.o(RESET) refers to stm32f4xx_it.o(i.UsageFault_Handler) for UsageFault_Handler
    startup_stm32f407xx.o(RESET) refers to port.o(.emb_text) for SVC_Handler
    startup_stm32f407xx.o(RESET) refers to stm32f4xx_it.o(i.DebugMon_Handler) for DebugMon_Handler
    startup_stm32f407xx.o(RESET) refers to port.o(i.SysTick_Handler) for SysTick_Handler
    startup_stm32f407xx.o(RESET) refers to stm32f4xx_it.o(i.DMA1_Stream5_IRQHandler) for DMA1_Stream5_IRQHandler
    startup_stm32f407xx.o(RESET) refers to stm32f4xx_it.o(i.DMA1_Stream6_IRQHandler) for DMA1_Stream6_IRQHandler
    startup_stm32f407xx.o(RESET) refers to stm32f4xx_it.o(i.TIM1_UP_TIM10_IRQHandler) for TIM1_UP_TIM10_IRQHandler
    startup_stm32f407xx.o(RESET) refers to stm32f4xx_it.o(i.USART2_IRQHandler) for USART2_IRQHandler
    startup_stm32f407xx.o(RESET) refers to stm32f4xx_it.o(i.TIM8_TRG_COM_TIM14_IRQHandler) for TIM8_TRG_COM_TIM14_IRQHandler
    startup_stm32f407xx.o(RESET) refers to stm32f4xx_it.o(i.TIM5_IRQHandler) for TIM5_IRQHandler
    startup_stm32f407xx.o(.text) refers to system_stm32f4xx.o(i.SystemInit) for SystemInit
    startup_stm32f407xx.o(.text) refers to entry.o(.ARM.Collect$$$$00000000) for __main
    main.o(i.HAL_TIM_PeriodElapsedCallback) refers to stm32f4xx_hal.o(i.HAL_IncTick) for HAL_IncTick
    main.o(i.HAL_TIM_PeriodElapsedCallback) refers to tim.o(.bss) for htim1
    main.o(i.HAL_TIM_PeriodElapsedCallback) refers to variate.o(.data) for Motor1EncoderOverflowCnt
    main.o(i.HAL_TIM_PeriodElapsedCallback) refers to variate.o(.data) for Motor2EncoderOverflowCnt
    main.o(i.HAL_UART_IdleCpltCallback) refers to variate.o(.data) for RxFlag
    main.o(i.HAL_UART_RxCpltCallback) refers to stm32f4xx_hal_uart.o(i.HAL_UART_Receive_DMA) for HAL_UART_Receive_DMA
    main.o(i.HAL_UART_RxCpltCallback) refers to variate.o(.bss) for Command
    main.o(i.HAL_UART_RxCpltCallback) refers to usart.o(.bss) for huart2
    main.o(i.SystemClock_Config) refers to memseta.o(.text) for __aeabi_memclr4
    main.o(i.SystemClock_Config) refers to stm32f4xx_hal_rcc.o(i.HAL_RCC_OscConfig) for HAL_RCC_OscConfig
    main.o(i.SystemClock_Config) refers to stm32f4xx_hal_rcc.o(i.HAL_RCC_ClockConfig) for HAL_RCC_ClockConfig
    main.o(i.main) refers to stm32f4xx_hal.o(i.HAL_Init) for HAL_Init
    main.o(i.main) refers to main.o(i.SystemClock_Config) for SystemClock_Config
    main.o(i.main) refers to gpio.o(i.MX_GPIO_Init) for MX_GPIO_Init
    main.o(i.main) refers to dma.o(i.MX_DMA_Init) for MX_DMA_Init
    main.o(i.main) refers to tim.o(i.MX_TIM4_Init) for MX_TIM4_Init
    main.o(i.main) refers to tim.o(i.MX_TIM11_Init) for MX_TIM11_Init
    main.o(i.main) refers to usart.o(i.MX_USART2_UART_Init) for MX_USART2_UART_Init
    main.o(i.main) refers to tim.o(i.MX_TIM1_Init) for MX_TIM1_Init
    main.o(i.main) refers to tim.o(i.MX_TIM3_Init) for MX_TIM3_Init
    main.o(i.main) refers to tim.o(i.MX_TIM5_Init) for MX_TIM5_Init
    main.o(i.main) refers to stm32f4xx_hal_uart.o(i.HAL_UART_Receive_DMA) for HAL_UART_Receive_DMA
    main.o(i.main) refers to stm32f4xx_hal_tim.o(i.HAL_TIM_PWM_Start) for HAL_TIM_PWM_Start
    main.o(i.main) refers to stm32f4xx_hal_tim.o(i.HAL_TIM_Encoder_Start) for HAL_TIM_Encoder_Start
    main.o(i.main) refers to stm32f4xx_hal_tim.o(i.HAL_TIM_Base_Start_IT) for HAL_TIM_Base_Start_IT
    main.o(i.main) refers to motor.o(i.PID_param_init) for PID_param_init
    main.o(i.main) refers to engine.o(i.motor_init) for motor_init
    main.o(i.main) refers to freertos.o(i.MX_FREERTOS_Init) for MX_FREERTOS_Init
    main.o(i.main) refers to cmsis_os.o(i.osKernelStart) for osKernelStart
    main.o(i.main) refers to usart.o(.bss) for huart2
    main.o(i.main) refers to variate.o(.bss) for Command
    main.o(i.main) refers to tim.o(.bss) for htim3
    main.o(i.main) refers to variate.o(.data) for initial_pid_val
    gpio.o(i.MX_GPIO_Init) refers to memseta.o(.text) for __aeabi_memclr4
    gpio.o(i.MX_GPIO_Init) refers to stm32f4xx_hal_gpio.o(i.HAL_GPIO_WritePin) for HAL_GPIO_WritePin
    gpio.o(i.MX_GPIO_Init) refers to stm32f4xx_hal_gpio.o(i.HAL_GPIO_Init) for HAL_GPIO_Init
    freertos.o(i.Engine) refers to engine.o(i.motor_grab_cube) for motor_grab_cube
[...]
    i.HAL_UART_ErrorCallback                 0x080021b2   Section        0  stm32f4xx_hal_uart.o(i.HAL_UART_ErrorCallback)
    i.HAL_UART_IRQHandler                    0x080021b4   Section        0  stm32f4xx_hal_uart.o(i.HAL_UART_IRQHandler)
    i.HAL_UART_IdleCpltCallback              0x080022c8   Section        0  main.o(i.HAL_UART_IdleCpltCallback)
    i.HAL_UART_Init                          0x080022d4   Section        0  stm32f4xx_hal_uart.o(i.HAL_UART_Init)
    i.HAL_UART_MspInit                       0x08002338   Section        0  usart.o(i.HAL_UART_MspInit)
    i.HAL_UART_Receive_DMA                   0x08002444   Section        0  stm32f4xx_hal_uart.o(i.HAL_UART_Receive_DMA)
    i.HAL_UART_RxCpltCallback                0x080024dc   Section        0  main.o(i.HAL_UART_RxCpltCallback)
    i.HAL_UART_RxHalfCpltCallback            0x080024fc   Section        0  stm32f4xx_hal_uart.o(i.HAL_UART_RxHalfCpltCallback)
    i.HAL_UART_Transmit_DMA                  0x08002500   Section        0  stm32f4xx_hal_uart.o(i.HAL_UART_Transmit_DMA)
    i.HAL_UART_TxCpltCallback                0x08002580   Section        0  stm32f4xx_hal_uart.o(i.HAL_UART_TxCpltCallback)
    i.HAL_UART_TxHalfCpltCallback            0x08002582   Section        0  stm32f4xx_hal_uart.o(i.HAL_UART_TxHalfCpltCallback)
    i.HardFault_Handler                      0x08002584   Section        0  stm32f4xx_it.o(i.HardFault_Handler)
    i.LinearMotorInit                        0x08002588   Section        0  linearmotor.o(i.LinearMotorInit)
    i.LinearMotorTask                        0x080025f8   Section        0  freertos.o(i.LinearMotorTask)
    i.MX_DMA_Init                            0x08002620   Section        0  dma.o(i.MX_DMA_Init)
    i.MX_FREERTOS_Init                       0x0800265c   Section        0  freertos.o(i.MX_FREERTOS_Init)
    i.MX_GPIO_Init                           0x080026dc   Section        0  gpio.o(i.MX_GPIO_Init)
    i.MX_TIM11_Init                          0x0800278c   Section        0  tim.o(i.MX_TIM11_Init)
    i.MX_TIM1_Init                           0x080027f4   Section        0  tim.o(i.MX_TIM1_Init)
    i.MX_TIM3_Init                           0x08002864   Section        0  tim.o(i.MX_TIM3_Init)
    i.MX_TIM4_Init                           0x0800292c   Section        0  tim.o(i.MX_TIM4_Init)
    i.MX_TIM5_Init                           0x080029f4   Section        0  tim.o(i.MX_TIM5_Init)
    i.MX_USART2_UART_Init                    0x08002a60   Section        0  usart.o(i.MX_USART2_UART_Init)
    i.MemManage_Handler                      0x08002a98   Section        0  stm32f4xx_it.o(i.MemManage_Handler)
    i.NMI_Handler                            0x08002a9a   Section        0  stm32f4xx_it.o(i.NMI_Handler)
    i.PID_param_init                         0x08002a9c   Section        0  motor.o(i.PID_param_init)
    i.PID_realize                            0x08002af0   Section        0  motor.o(i.PID_realize)
    i.PWM_Limit                              0x08002b64   Section        0  engine.o(i.PWM_Limit)
    i.RoundMotorTask                         0x08002b78   Section        0  freertos.o(i.RoundMotorTask)
    i.StartDefaultTask                       0x08002b90   Section        0  freertos.o(i.StartDefaultTask)
    i.StartTaskMotor1                        0x08002b9c   Section        0  roundmotor.o(i.StartTaskMotor1)
    i.StartTaskMotor2                        0x08002cf4   Section        0  linearmotor.o(i.StartTaskMotor2)
    i.SysTick_Handler                        0x08002de4   Section        0  port.o(i.SysTick_Handler)
    i.SystemClock_Config                     0x08002e10   Section        0  main.o(i.SystemClock_Config)
    i.SystemInit                             0x08002e94   Section        0  system_stm32f4xx.o(i.SystemInit)
    i.TIM1_UP_TIM10_IRQHandler               0x08002eb0   Section        0  stm32f4xx_it.o(i.TIM1_UP_TIM10_IRQHandler)
    i.TIM5_IRQHandler                        0x08002ebc   Section        0  stm32f4xx_it.o(i.TIM5_IRQHandler)
    i.TIM8_TRG_COM_TIM14_IRQHandler          0x08002ec8   Section        0  stm32f4xx_it.o(i.TIM8_TRG_COM_TIM14_IRQHandler)
    i.TIM_Base_SetConfig                     0x08002ed4   Section        0  stm32f4xx_hal_tim.o(i.TIM_Base_SetConfig)
    i.TIM_CCxChannelCmd                      0x08002f9c   Section        0  stm32f4xx_hal_tim.o(i.TIM_CCxChannelCmd)
    i.TIM_ETR_SetConfig                      0x08002fb6   Section        0  stm32f4xx_hal_tim.o(i.TIM_ETR_SetConfig)
    i.TIM_ITRx_SetConfig                     0x08002fca   Section        0  stm32f4xx_hal_tim.o(i.TIM_ITRx_SetConfig)
    TIM_ITRx_SetConfig                       0x08002fcb   Thumb Code    16  stm32f4xx_hal_tim.o(i.TIM_ITRx_SetConfig)
    i.TIM_OC1_SetConfig                      0x08002fdc   Section        0  stm32f4xx_hal_tim.o(i.TIM_OC1_SetConfig)
    TIM_OC1_SetConfig                        0x08002fdd   Thumb Code    88  stm32f4xx_hal_tim.o(i.TIM_OC1_SetConfig)
    i.TIM_OC2_SetConfig                      0x0800303c   Section        0  stm32f4xx_hal_tim.o(i.TIM_OC2_SetConfig)
    i.TIM_OC3_SetConfig                      0x080030a8   Section        0  stm32f4xx_hal_tim.o(i.TIM_OC3_SetConfig)
    TIM_OC3_SetConfig                        0x080030a9   Thumb Code    96  stm32f4xx_hal_tim.o(i.TIM_OC3_SetConfig)
    i.TIM_OC4_SetConfig                      0x08003110   Section        0  stm32f4xx_hal_tim.o(i.TIM_OC4_SetConfig)
    TIM_OC4_SetConfig                        0x08003111   Thumb Code    70  stm32f4xx_hal_tim.o(i.TIM_OC4_SetConfig)
    i.TIM_TI1_ConfigInputStage               0x08003160   Section        0  stm32f4xx_hal_tim.o(i.TIM_TI1_ConfigInputStage)
    TIM_TI1_ConfigInputStage                 0x08003161   Thumb Code    34  stm32f4xx_hal_tim.o(i.TIM_TI1_ConfigInputStage)
    i.TIM_TI2_ConfigInputStage               0x08003182   Section        0  stm32f4xx_hal_tim.o(i.TIM_TI2_ConfigInputStage)
    TIM_TI2_ConfigInputStage                 0x08003183   Thumb Code    36  stm32f4xx_hal_tim.o(i.TIM_TI2_ConfigInputStage)
    i.Transmit                               0x080031a8   Section        0  freertos.o(i.Transmit)
    i.UART_DMAAbortOnError                   0x080031d0   Section        0  stm32f4xx_hal_uart.o(i.UART_DMAAbortOnError)
    UART_DMAAbortOnError                     0x080031d1   Thumb Code    16  stm32f4xx_hal_uart.o(i.UART_DMAAbortOnError)
    i.UART_DMAError                          0x080031e0   Section        0  stm32f4xx_hal_uart.o(i.UART_DMAError)
    UART_DMAError                            0x080031e1   Thumb Code    74  stm32f4xx_hal_uart.o(i.UART_DMAError)
    i.UART_DMAReceiveCplt                    0x0800322a   Section        0  stm32f4xx_hal_uart.o(i.UART_DMAReceiveCplt)
    UART_DMAReceiveCplt                      0x0800322b   Thumb Code    60  stm32f4xx_hal_uart.o(i.UART_DMAReceiveCplt)
    i.UART_DMARxHalfCplt                     0x08003266   Section        0  stm32f4xx_hal_uart.o(i.UART_DMARxHalfCplt)
    UART_DMARxHalfCplt                       0x08003267   Thumb Code    10  stm32f4xx_hal_uart.o(i.UART_DMARxHalfCplt)
    i.UART_DMATransmitCplt                   0x08003270   Section        0  stm32f4xx_hal_uart.o(i.UART_DMATransmitCplt)
    UART_DMATransmitCplt                     0x08003271   Thumb Code    46  stm32f4xx_hal_uart.o(i.UART_DMATransmitCplt)
    i.UART_DMATxHalfCplt                     0x0800329e   Section        0  stm32f4xx_hal_uart.o(i.UART_DMATxHalfCplt)
    UART_DMATxHalfCplt                       0x0800329f   Thumb Code    10  stm32f4xx_hal_uart.o(i.UART_DMATxHalfCplt)
    i.UART_EndRxTransfer                     0x080032a8   Section        0  stm32f4xx_hal_uart.o(i.UART_EndRxTransfer)
    UART_EndRxTransfer                       0x080032a9   Thumb Code    28  stm32f4xx_hal_uart.o(i.UART_EndRxTransfer)
    i.UART_EndTxTransfer                     0x080032c4   Section        0  stm32f4xx_hal_uart.o(i.UART_EndTxTransfer)
    UART_EndTxTransfer                       0x080032c5   Thumb Code    18  stm32f4xx_hal_uart.o(i.UART_EndTxTransfer)
    i.UART_Receive_IT                        0x080032d6   Section        0  stm32f4xx_hal_uart.o(i.UART_Receive_IT)
    UART_Receive_IT                          0x080032d7   Thumb Code   150  stm32f4xx_hal_uart.o(i.UART_Receive_IT)
    i.UART_SetConfig                         0x0800336c   Section        0  stm32f4xx_hal_uart.o(i.UART_SetConfig)
    UART_SetConfig                           0x0800336d   Thumb Code   286  stm32f4xx_hal_uart.o(i.UART_SetConfig)
    i.UART_Transmit_IT                       0x08003494   Section        0  stm32f4xx_hal_uart.o(i.UART_Transmit_IT)
    UART_Transmit_IT                         0x08003495   Thumb Code    98  stm32f4xx_hal_uart.o(i.UART_Transmit_IT)
    i.USART2_IRQHandler                      0x080034f8   Section        0  stm32f4xx_it.o(i.USART2_IRQHandler)
    i.UsageFault_Handler                     0x08003524   Section        0  stm32f4xx_it.o(i.UsageFault_Handler)
    i.__NVIC_SetPriority                     0x08003526   Section        0  stm32f4xx_hal_cortex.o(i.__NVIC_SetPriority)
    __NVIC_SetPriority                       0x08003527   Thumb Code    32  stm32f4xx_hal_cortex.o(i.__NVIC_SetPriority)
    i.__hardfp_fabs                          0x08003546   Section        0  fabs.o(i.__hardfp_fabs)
    i.__scatterload_copy                     0x0800355a   Section       14  handlers.o(i.__scatterload_copy)
    i.__scatterload_null                     0x08003568   Section        2  handlers.o(i.__scatterload_null)
    i.__scatterload_zeroinit                 0x0800356a   Section       14  handlers.o(i.__scatterload_zeroinit)
    i.main                                   0x08003578   Section        0  main.o(i.main)
    i.makeFreeRtosPriority                   0x08003660   Section        0  cmsis_os.o(i.makeFreeRtosPriority)
    makeFreeRtosPriority                     0x08003661   Thumb Code    12  cmsis_os.o(i.makeFreeRtosPriority)
    i.motor_down_close                       0x0800366c   Section        0  engine.o(i.motor_down_close)
    i.motor_grab_ball                        0x08003698   Section        0  engine.o(i.motor_grab_ball)
    i.motor_grab_cube                        0x080036f4   Section        0  engine.o(i.motor_grab_cube)
    i.motor_grab_cube_down                   0x08003750   Section        0  engine.o(i.motor_grab_cube_down)
    i.motor_grab_edge_ball                   0x0800377c   Section        0  engine.o(i.motor_grab_edge_ball)
    i.motor_grab_edge_cube                   0x080037f4   Section        0  engine.o(i.motor_grab_edge_cube)
    i.motor_init                             0x0800386c   Section        0  engine.o(i.motor_init)
    i.motor_move                             0x0800387c   Section        0  engine.o(i.motor_move)
    i.motor_put_ball                         0x080038d4   Section        0  engine.o(i.motor_put_ball)
    i.motor_put_cube                         0x080038e8   Section        0  engine.o(i.motor_put_cube)
    i.motor_reset                            0x080038fc   Section        0  engine.o(i.motor_reset)
    i.motor_up_little                        0x08003920   Section        0  engine.o(i.motor_up_little)
    i.motor_up_open                          0x08003944   Section        0  engine.o(i.motor_up_open)
    i.osDelay                                0x08003964   Section        0  cmsis_os.o(i.osDelay)
    i.osKernelStart                          0x08003972   Section        0  cmsis_os.o(i.osKernelStart)
    i.osThreadCreate                         0x0800397c   Section        0  cmsis_os.o(i.osThreadCreate)
    i.prvAddCurrentTaskToDelayedList         0x080039d0   Section        0  tasks.o(i.prvAddCurrentTaskToDelayedList)
    prvAddCurrentTaskToDelayedList           0x080039d1   Thumb Code   102  tasks.o(i.prvAddCurrentTaskToDelayedList)
    i.prvAddNewTaskToReadyList               0x08003a40   Section        0  tasks.o(i.prvAddNewTaskToReadyList)
    prvAddNewTaskToReadyList                 0x08003a41   Thumb Code   194  tasks.o(i.prvAddNewTaskToReadyList)
    i.prvDeleteTCB                           0x08003b10   Section        0  tasks.o(i.prvDeleteTCB)
    prvDeleteTCB                             0x08003b11   Thumb Code    52  tasks.o(i.prvDeleteTCB)
    i.prvHeapInit                            0x08003b44   Section        0  heap_4.o(i.prvHeapInit)
    prvHeapInit                              0x08003b45   Thumb Code    66  heap_4.o(i.prvHeapInit)
    i.prvIdleTask                            0x08003b90   Section        0  tasks.o(i.prvIdleTask)
    prvIdleTask                              0x08003b91   Thumb Code    82  tasks.o(i.prvIdleTask)
    i.prvInitialiseNewTask                   0x08003bf0   Section        0  tasks.o(i.prvInitialiseNewTask)
    prvInitialiseNewTask                     0x08003bf1   Thumb Code   152  tasks.o(i.prvInitialiseNewTask)
    i.prvInsertBlockIntoFreeList             0x08003c88   Section        0  heap_4.o(i.prvInsertBlockIntoFreeList)
    prvInsertBlockIntoFreeList               0x08003c89   Thumb Code    72  heap_4.o(i.prvInsertBlockIntoFreeList)
    i.prvResetNextTaskUnblockTime            0x08003cd4   Section        0  tasks.o(i.prvResetNextTaskUnblockTime)
    prvResetNextTaskUnblockTime              0x08003cd5   Thumb Code    26  tasks.o(i.prvResetNextTaskUnblockTime)
    i.prvTaskExitError                       0x08003cf4   Section        0  port.o(i.prvTaskExitError)
    prvTaskExitError                         0x08003cf5   Thumb Code    36  port.o(i.prvTaskExitError)
    i.pvPortMalloc                           0x08003d1c   Section        0  heap_4.o(i.pvPortMalloc)
    i.pwm_val_protect                        0x08003df4   Section        0  motor.o(i.pwm_val_protect)
    i.pxPortInitialiseStack                  0x08003e08   Section        0  port.o(i.pxPortInitialiseStack)
    i.read_encoder                           0x08003e34   Section        0  motor.o(i.read_encoder)
    i.set_motor1_rotate                      0x08003e3c   Section        0  roundmotor.o(i.set_motor1_rotate)
    i.set_motor2_rotate                      0x08003e60   Section        0  linearmotor.o(i.set_motor2_rotate)
    i.set_target                             0x08003e80   Section        0  motor.o(i.set_target)
    i.uxListRemove                           0x08003e84   Section        0  list.o(i.uxListRemove)
    i.vApplicationGetIdleTaskMemory          0x08003eac   Section        0  freertos.o(i.vApplicationGetIdleTaskMemory)
    i.vListInitialise                        0x08003ec0   Section        0  list.o(i.vListInitialise)
    i.vListInitialiseItem                    0x08003ed6   Section        0  list.o(i.vListInitialiseItem)
    i.vListInsert                            0x08003edc   Section        0  list.o(i.vListInsert)
    i.vListInsertEnd                         0x08003f0c   Section        0  list.o(i.vListInsertEnd)
    i.vPortEnterCritical                     0x08003f24   Section        0  port.o(i.vPortEnterCritical)
    i.vPortExitCritical                      0x08003f64   Section        0  port.o(i.vPortExitCritical)
    i.vPortFree                              0x08003f8c   Section        0  heap_4.o(i.vPortFree)
    i.vPortSetupTimerInterrupt               0x08003fe8   Section        0  port.o(i.vPortSetupTimerInterrupt)
    i.vTaskDelay                             0x0800400c   Section        0  tasks.o(i.vTaskDelay)
    i.vTaskStartScheduler                    0x08004058   Section        0  tasks.o(i.vTaskStartScheduler)
    i.vTaskSuspendAll                        0x080040c4   Section        0  tasks.o(i.vTaskSuspendAll)
    i.vTaskSwitchContext                     0x080040d4   Section        0  tasks.o(i.vTaskSwitchContext)
    i.xPortStartScheduler                    0x08004130   Section        0  port.o(i.xPortStartScheduler)
    i.xTaskCreate                            0x08004224   Section        0  tasks.o(i.xTaskCreate)
    i.xTaskCreateStatic                      0x0800427e   Section        0  tasks.o(i.xTaskCreateStatic)
    i.xTaskIncrementTick                     0x080042d4   Section        0  tasks.o(i.xTaskIncrementTick)
    i.xTaskResumeAll                         0x0800439c   Section        0  tasks.o(i.xTaskResumeAll)
    .constdata                               0x08004460   Section      140  freertos.o(.constdata)
    .constdata                               0x080044ec   Section        8  stm32f4xx_hal_dma.o(.constdata)
    flagBitshiftOffset                       0x080044ec   Data           8  stm32f4xx_hal_dma.o(.constdata)
    .constdata                               0x080044f4   Section       16  system_stm32f4xx.o(.constdata)
    .constdata                               0x08004504   Section        8  system_stm32f4xx.o(.constdata)
    .conststring                             0x0800450c   Section       60  freertos.o(.conststring)
    .data                                    0x20000000   Section       20  freertos.o(.data)
    .data                                    0x20000014   Section        8  roundmotor.o(.data)
    cnt                                      0x20000014   Data           1  roundmotor.o(.data)
    last                                     0x20000018   Data           4  roundmotor.o(.data)
    .data                                    0x2000001c   Section        8  linearmotor.o(.data)
    cnt                                      0x2000001c   Data           1  linearmotor.o(.data)
    last                                     0x20000020   Data           4  linearmotor.o(.data)
    .data                                    0x20000024   Section       24  variate.o(.data)
    .data                                    0x2000003c   Section        4  variate.o(.data)
    .data                                    0x20000040   Section        1  variate.o(.data)
    .data                                    0x20000044   Section        4  variate.o(.data)
    .data                                    0x20000048   Section        4  variate.o(.data)
    .data                                    0x2000004c   Section        2  variate.o(.data)
    .data                                    0x20000050   Section        4  variate.o(.data)
    .data                                    0x20000054   Section        4  variate.o(.data)
    .data                                    0x20000058   Section        4  variate.o(.data)
    .data                                    0x2000005c   Section        1  variate.o(.data)
    .data                                    0x20000060   Section        4  variate.o(.data)
    .data                                    0x20000064   Section        4  variate.o(.data)
    .data                                    0x20000068   Section        2  variate.o(.data)
    .data                                    0x2000006c   Section        4  variate.o(.data)
    .data                                    0x20000070   Section        8  variate.o(.data)
    .data                                    0x20000078   Section        1  variate.o(.data)
    .data                                    0x2000007c   Section        4  variate.o(.data)
    .data                                    0x20000080   Section        8  variate.o(.data)
    .data                                    0x20000088   Section        4  variate.o(.data)
    .data                                    0x2000008c   Section        4  variate.o(.data)
    .data                                    0x20000090   Section        4  variate.o(.data)
    .data                                    0x20000094   Section        4  variate.o(.data)
    .data                                    0x20000098   Section        1  variate.o(.data)
    .data                                    0x20000099   Section        1  variate.o(.data)
    .data                                    0x2000009a   Section        1  variate.o(.data)
    .data                                    0x2000009b   Section        1  variate.o(.data)
    .data                                    0x2000009c   Section        1  variate.o(.data)
    .data                                    0x200000a0   Section       12  stm32f4xx_hal.o(.data)
    .data                                    0x200000ac   Section        4  system_stm32f4xx.o(.data)
    .data                                    0x200000b0   Section       60  tasks.o(.data)
    pxDelayedTaskList                        0x200000b4   Data           4  tasks.o(.data)
    pxOverflowDelayedTaskList                0x200000b8   Data           4  tasks.o(.data)
    uxDeletedTasksWaitingCleanUp             0x200000bc   Data           4  tasks.o(.data)
    uxCurrentNumberOfTasks                   0x200000c0   Data           4  tasks.o(.data)
    xTickCount                               0x200000c4   Data           4  tasks.o(.data)
    uxTopReadyPriority                       0x200000c8   Data           4  tasks.o(.data)
    xSchedulerRunning                        0x200000cc   Data           4  tasks.o(.data)
    uxPendedTicks                            0x200000d0   Data           4  tasks.o(.data)
    xYieldPending                            0x200000d4   Data           4  tasks.o(.data)
    xNumOfOverflows                          0x200000d8   Data           4  tasks.o(.data)
    uxTaskNumber                             0x200000dc   Data           4  tasks.o(.data)
    xNextTaskUnblockTime                     0x200000e0   Data           4  tasks.o(.data)
    xIdleTaskHandle                          0x200000e4   Data           4  tasks.o(.data)
    uxSchedulerSuspended                     0x200000e8   Data           4  tasks.o(.data)
    .data                                    0x200000ec   Section       24  heap_4.o(.data)
    pxEnd                                    0x200000ec   Data           4  heap_4.o(.data)
    xFreeBytesRemaining                      0x200000f0   Data           4  heap_4.o(.data)
    xMinimumEverFreeBytesRemaining           0x200000f4   Data           4  heap_4.o(.data)
    xBlockAllocatedBit                       0x200000f8   Data           4  heap_4.o(.data)
    xStart                                   0x200000fc   Data           8  heap_4.o(.data)
    .data                                    0x20000104   Section       12  port.o(.data)
    ucMaxSysCallPriority                     0x20000104   Data           1  port.o(.data)
    uxCriticalNesting                        0x20000108   Data           4  port.o(.data)
    ulMaxPRIGROUPValue                       0x2000010c   Data           4  port.o(.data)
    .bss                                     0x20000110   Section      596  freertos.o(.bss)
    xIdleTaskTCBBuffer                       0x20000110   Data          84  freertos.o(.bss)
    xIdleStack                               0x20000164   Data         512  freertos.o(.bss)
    .bss                                     0x20000364   Section      320  tim.o(.bss)
    .bss                                     0x200004a4   Section      256  usart.o(.bss)
    .bss                                     0x200005a4   Section       64  stm32f4xx_hal_timebase_tim.o(.bss)
    .bss                                     0x200005e4   Section      100  variate.o(.bss)
    .bss                                     0x20000648   Section       32  variate.o(.bss)
    .bss                                     0x20000668   Section       32  variate.o(.bss)
    .bss                                     0x20000688   Section      240  tasks.o(.bss)
    pxReadyTasksLists                        0x20000688   Data         140  tasks.o(.bss)
    xDelayedTaskList1                        0x20000714   Data          20  tasks.o(.bss)
    xDelayedTaskList2                        0x20000728   Data          20  tasks.o(.bss)
    xPendingReadyList                        0x2000073c   Data          20  tasks.o(.bss)
    xTasksWaitingTermination                 0x20000750   Data          20  tasks.o(.bss)
    xSuspendedTaskList                       0x20000764   Data          20  tasks.o(.bss)
    .bss                                     0x20000778   Section    15360  heap_4.o(.bss)
    ucHeap                                   0x20000778   Data       15360  heap_4.o(.bss)
    STACK                                    0x20004378   Section     1024  startup_stm32f407xx.o(STACK)

    Global Symbols

    Symbol Name                              Value     Ov Type        Size  Object(Section)

    BuildAttributes$$THM_ISAv4$E$P$D$K$B$S$7EM$VFPi3$EXTD16$VFPS$VFMA$PE$A:L22UL41UL21$X:L11$S22US41US21$IEEE1$IW$USESV6$~STKCKD$USESV7$~SHL$OTIME$ROPI$IEEEJ$EBA8$MICROLIB$REQ8$PRES8$EABIv2 0x00000000   Number         0  anon$$obj.o ABSOLUTE
    __ARM_use_no_argv                        0x00000000   Number         0  main.o ABSOLUTE
    __cpp_initialize__aeabi_                  - Undefined Weak Reference
    __cxa_finalize                            - Undefined Weak Reference
    __decompress                              - Undefined Weak Reference
    _clock_init                               - Undefined Weak Reference
    _microlib_exit                            - Undefined Weak Reference
    __Vectors_Size                           0x00000188   Number         0  startup_stm32f407xx.o ABSOLUTE
    __Vectors                                0x08000000   Data           4  startup_stm32f407xx.o(RESET)
    __Vectors_End                            0x08000188   Data           0  startup_stm32f407xx.o(RESET)
    __main                                   0x08000189   Thumb Code     0  entry.o(.ARM.Collect$$$$00000000)
    _main_stk                                0x08000189   Thumb Code     0  entry2.o(.ARM.Collect$$$$00000001)
    _main_scatterload                        0x0800018d   Thumb Code     0  entry5.o(.ARM.Collect$$$$00000004)
    __main_after_scatterload                 0x08000191   Thumb Code     0  entry5.o(.ARM.Collect$$$$00000004)
    _main_clock                              0x08000191   Thumb Code     0  entry7b.o(.ARM.Collect$$$$00000008)
    _main_cpp_init                           0x08000191   Thumb Code     0  entry8b.o(.ARM.Collect$$$$0000000A)
    _main_init                               0x08000191   Thumb Code     0  entry9a.o(.ARM.Collect$$$$0000000B)
    __rt_final_cpp                           0x08000199   Thumb Code     0  entry10a.o(.ARM.Collect$$$$0000000D)
    __rt_final_exit                          0x08000199   Thumb Code     0  entry11a.o(.ARM.Collect$$$$0000000F)
    SVC_Handler                              0x0800019d   Thumb Code    28  port.o(.emb_text)
    __asm___6_port_c_39a90d8d__prvStartFirstTask 0x080001bd   Thumb Code    36  port.o(.emb_text)
    __asm___6_port_c_39a90d8d__prvEnableVFP  0x080001e5   Thumb Code    16  port.o(.emb_text)
    PendSV_Handler                           0x080001f9   Thumb Code    88  port.o(.emb_text)
    vPortGetIPSR                             0x08000255   Thumb Code     6  port.o(.emb_text)
    Reset_Handler                            0x0800025d   Thumb Code     8  startup_stm32f407xx.o(.text)
    ADC_IRQHandler                           0x08000277   Thumb Code     0  startup_stm32f407xx.o(.text)
    CAN1_RX0_IRQHandler                      0x08000277   Thumb Code     0  startup_stm32f407xx.o(.text)
    CAN1_RX1_IRQHandler                      0x08000277   Thumb Code     0  startup_stm32f407xx.o(.text)
    CAN1_SCE_IRQHandler                      0x08000277   Thumb Code     0  startup_stm32f407xx.o(.text)
    CAN1_TX_IRQHandler                       0x08000277   Thumb Code     0  startup_stm32f407xx.o(.text)
    CAN2_RX0_IRQHandler                      0x08000277   Thumb Code     0  startup_stm32f407xx.o(.text)
    CAN2_RX1_IRQHandler                      0x08000277   Thumb Code     0  startup_stm32f407xx.o(.text)
    CAN2_SCE_IRQHandler                      0x08000277   Thumb Code     0  startup_stm32f407xx.o(.text)
    CAN2_TX_IRQHandler                       0x08000277   Thumb Code     0  startup_stm32f407xx.o(.text)
    DCMI_IRQHandler                          0x08000277   Thumb Code     0  startup_stm32f407xx.o(.text)
    DMA1_Stream0_IRQHandler                  0x08000277   Thumb Code     0  startup_stm32f407xx.o(.text)
    DMA1_Stream1_IRQHandler                  0x08000277   Thumb Code     0  startup_stm32f407xx.o(.text)
    DMA1_Stream2_IRQHandler                  0x08000277   Thumb Code     0  startup_stm32f407xx.o(.text)
    DMA1_Stream3_IRQHandler                  0x08000277   Thumb Code     0  startup_stm32f407xx.o(.text)
    DMA1_Stream4_IRQHandler                  0x08000277   Thumb Code     0  startup_stm32f407xx.o(.text)
    DMA1_Stream7_IRQHandler                  0x08000277   Thumb Code     0  startup_stm32f407xx.o(.text)
    DMA2_Stream0_IRQHandler                  0x08000277   Thumb Code     0  startup_stm32f407xx.o(.text)
    DMA2_Stream1_IRQHandler                  0x08000277   Thumb Code     0  startup_stm32f407xx.o(.text)
    DMA2_Stream2_IRQHandler                  0x08000277   Thumb Code     0  startup_stm32f407xx.o(.text)
    DMA2_Stream3_IRQHandler                  0x08000277   Thumb Code     0  startup_stm32f407xx.o(.text)
    DMA2_Stream4_IRQHandler                  0x08000277   Thumb Code     0  startup_stm32f407xx.o(.text)
    DMA2_Stream5_IRQHandler                  0x08000277   Thumb Code     0  startup_stm32f407xx.o(.text)
    DMA2_Stream6_IRQHandler                  0x08000277   Thumb Code     0  startup_stm32f407xx.o(.text)
    DMA2_Stream7_IRQHandler                  0x08000277   Thumb Code     0  startup_stm32f407xx.o(.text)
    ETH_IRQHandler                           0x08000277   Thumb Code     0  startup_stm32f407xx.o(.text)
    ETH_WKUP_IRQHandler                      0x08000277   Thumb Code     0  startup_stm32f407xx.o(.text)
    EXTI0_IRQHandler                         0x08000277   Thumb Code     0  startup_stm32f407xx.o(.text)
    EXTI15_10_IRQHandler                     0x08000277   Thumb Code     0  startup_stm32f407xx.o(.text)
    EXTI1_IRQHandler                         0x08000277   Thumb Code     0  startup_stm32f407xx.o(.text)
    EXTI2_IRQHandler                         0x08000277   Thumb Code     0  startup_stm32f407xx.o(.text)
    EXTI3_IRQHandler                         0x08000277   Thumb Code     0  startup_stm32f407xx.o(.text)
    EXTI4_IRQHandler                         0x08000277   Thumb Code     0  startup_stm32f407xx.o(.text)
    EXTI9_5_IRQHandler                       0x08000277   Thumb Code     0  startup_stm32f407xx.o(.text)
    FLASH_IRQHandler                         0x08000277   Thumb Code     0  startup_stm32f407xx.o(.text)
    FMC_IRQHandler                           0x08000277   Thumb Code     0  startup_stm32f407xx.o(.text)
    FPU_IRQHandler                           0x08000277   Thumb Code     0  startup_stm32f407xx.o(.text)
    HASH_RNG_IRQHandler                      0x08000277   Thumb Code     0  startup_stm32f407xx.o(.text)
    I2C1_ER_IRQHandler                       0x08000277   Thumb Code     0  startup_stm32f407xx.o(.text)
    I2C1_EV_IRQHandler                       0x08000277   Thumb Code     0  startup_stm32f407xx.o(.text)
    I2C2_ER_IRQHandler                       0x08000277   Thumb Code     0  startup_stm32f407xx.o(.text)
    I2C2_EV_IRQHandler                       0x08000277   Thumb Code     0  startup_stm32f407xx.o(.text)
    I2C3_ER_IRQHandler                       0x08000277   Thumb Code     0  startup_stm32f407xx.o(.text)
    I2C3_EV_IRQHandler                       0x08000277   Thumb Code     0  startup_stm32f407xx.o(.text)
    OTG_FS_IRQHandler                        0x08000277   Thumb Code     0  startup_stm32f407xx.o(.text)
    OTG_FS_WKUP_IRQHandler                   0x08000277   Thumb Code     0  startup_stm32f407xx.o(.text)
    OTG_HS_EP1_IN_IRQHandler                 0x08000277   Thumb Code     0  startup_stm32f407xx.o(.text)
    OTG_HS_EP1_OUT_IRQHandler                0x08000277   Thumb Code     0  startup_stm32f407xx.o(.text)
    OTG_HS_IRQHandler                        0x08000277   Thumb Code     0  startup_stm32f407xx.o(.text)
    OTG_HS_WKUP_IRQHandler                   0x08000277   Thumb Code     0  startup_stm32f407xx.o(.text)
    PVD_IRQHandler                           0x08000277   Thumb Code     0  startup_stm32f407xx.o(.text)
    RCC_IRQHandler                           0x08000277   Thumb Code     0  startup_stm32f407xx.o(.text)
    RTC_Alarm_IRQHandler                     0x08000277   Thumb Code     0  startup_stm32f407xx.o(.text)
    RTC_WKUP_IRQHandler                      0x08000277   Thumb Code     0  startup_stm32f407xx.o(.text)
    SDIO_IRQHandler                          0x08000277   Thumb Code     0  startup_stm32f407xx.o(.text)
    SPI1_IRQHandler                          0x08000277   Thumb Code     0  startup_stm32f407xx.o(.text)
    SPI2_IRQHandler                          0x08000277   Thumb Code     0  startup_stm32f407xx.o(.text)
    SPI3_IRQHandler                          0x08000277   Thumb Code     0  startup_stm32f407xx.o(.text)
    TAMP_STAMP_IRQHandler                    0x08000277   Thumb Code     0  startup_stm32f407xx.o(.text)
    TIM1_BRK_TIM9_IRQHandler                 0x08000277   Thumb Code     0  startup_stm32f407xx.o(.text)
    TIM1_CC_IRQHandler                       0x08000277   Thumb Code     0  startup_stm32f407xx.o(.text)
    TIM1_TRG_COM_TIM11_IRQHandler            0x08000277   Thumb Code     0  startup_stm32f407xx.o(.text)
    TIM2_IRQHandler                          0x08000277   Thumb Code     0  startup_stm32f407xx.o(.text)
    TIM3_IRQHandler                          0x08000277   Thumb Code     0  startup_stm32f407xx.o(.text)
    TIM4_IRQHandler                          0x08000277   Thumb Code     0  startup_stm32f407xx.o(.text)
    TIM6_DAC_IRQHandler                      0x08000277   Thumb Code     0  startup_stm32f407xx.o(.text)
    TIM7_IRQHandler                          0x08000277   Thumb Code     0  startup_stm32f407xx.o(.text)
    TIM8_BRK_TIM12_IRQHandler                0x08000277   Thumb Code     0  startup_stm32f407xx.o(.text)
    TIM8_CC_IRQHandler                       0x08000277   Thumb Code     0  startup_stm32f407xx.o(.text)
    TIM8_UP_TIM13_IRQHandler                 0x08000277   Thumb Code     0  startup_stm32f407xx.o(.text)
    UART4_IRQHandler                         0x08000277   Thumb Code     0  startup_stm32f407xx.o(.text)
    UART5_IRQHandler                         0x08000277   Thumb Code     0  startup_stm32f407xx.o(.text)
    USART1_IRQHandler                        0x08000277   Thumb Code     0  startup_stm32f407xx.o(.text)
    USART3_IRQHandler                        0x08000277   Thumb Code     0  startup_stm32f407xx.o(.text)
    USART6_IRQHandler                        0x08000277   Thumb Code     0  startup_stm32f407xx.o(.text)
    WWDG_IRQHandler                          0x08000277   Thumb Code     0  startup_stm32f407xx.o(.text)
    __aeabi_uldivmod                         0x08000281   Thumb Code    98  uldiv.o(.text)
    __aeabi_memcpy                           0x080002e3   Thumb Code    36  memcpya.o(.text)
    __aeabi_memcpy4                          0x080002e3   Thumb Code     0  memcpya.o(.text)
    __aeabi_memcpy8                          0x080002e3   Thumb Code     0  memcpya.o(.text)
    __aeabi_memset                           0x08000307   Thumb Code    14  memseta.o(.text)
    __aeabi_memset4                          0x08000307   Thumb Code     0  memseta.o(.text)
    __aeabi_memset8                          0x08000307   Thumb Code     0  memseta.o(.text)
    __aeabi_memclr                           0x08000315   Thumb Code     4  memseta.o(.text)
    __aeabi_memclr4                          0x08000315   Thumb Code     0  memseta.o(.text)
    __aeabi_memclr8                          0x08000315   Thumb Code     0  memseta.o(.text)
    memset                                   0x08000319   Thumb Code    18  memseta.o(.text)
    __aeabi_dadd                             0x0800032b   Thumb Code   322  dadd.o(.text)
    __aeabi_dsub                             0x0800046d   Thumb Code     6  dadd.o(.text)
    __aeabi_drsub                            0x08000473   Thumb Code     6  dadd.o(.text)
    __aeabi_dmul                             0x08000479   Thumb Code   228  dmul.o(.text)
    __aeabi_ddiv                             0x0800055d   Thumb Code   222  ddiv.o(.text)
    __aeabi_i2d                              0x0800063b   Thumb Code    34  dflti.o(.text)
    __aeabi_d2iz                             0x0800065d   Thumb Code    62  dfixi.o(.text)
    __aeabi_d2uiz                            0x0800069b   Thumb Code    50  dfixui.o(.text)
    __aeabi_cdcmpeq                          0x080006cd   Thumb Code     0  cdcmple.o(.text)
    __aeabi_cdcmple                          0x080006cd   Thumb Code    48  cdcmple.o(.text)
    __aeabi_d2f                              0x080006fd   Thumb Code    56  d2f.o(.text)
    __aeabi_llsl                             0x08000735   Thumb Code    30  llshl.o(.text)
    _ll_shift_l                              0x08000735   Thumb Code     0  llshl.o(.text)
    __aeabi_llsr                             0x08000753   Thumb Code    32  llushr.o(.text)
    _ll_ushift_r                             0x08000753   Thumb Code     0  llushr.o(.text)
    __aeabi_lasr                             0x08000773   Thumb Code    36  llsshr.o(.text)
    _ll_sshift_r                             0x08000773   Thumb Code     0  llsshr.o(.text)
    __I$use$fp                               0x08000797   Thumb Code     0  iusefp.o(.text)
    _float_round                             0x08000797   Thumb Code    18  fepilogue.o(.text)
    _float_epilogue                          0x080007a9   Thumb Code    92  fepilogue.o(.text)
    _double_round                            0x08000805   Thumb Code    30  depilogue.o(.text)
    _double_epilogue                         0x08000823   Thumb Code   156  depilogue.o(.text)
    __scatterload                            0x080008c1   Thumb Code    28  init.o(.text)
    __scatterload_rt2                        0x080008c1   Thumb Code     0  init.o(.text)
    BusFault_Handler                         0x080008e5   Thumb Code     2  stm32f4xx_it.o(i.BusFault_Handler)
    Calculate_Length                         0x080008e9   Thumb Code    54  linearmotor.o(i.Calculate_Length)
    Calculate_Target                         0x0800093d   Thumb Code    56  linearmotor.o(i.Calculate_Target)
    Command_Analysis                         0x08000985   Thumb Code   548  command.o(i.Command_Analysis)
    DMA1_Stream5_IRQHandler                  0x08000c2d   Thumb Code     6  stm32f4xx_it.o(i.DMA1_Stream5_IRQHandler)
    DMA1_Stream6_IRQHandler                  0x08000c39   Thumb Code     6  stm32f4xx_it.o(i.DMA1_Stream6_IRQHandler)
    DebugMon_Handler                         0x08000ce9   Thumb Code     2  stm32f4xx_it.o(i.DebugMon_Handler)
    Engine                                   0x08000ced   Thumb Code   272  freertos.o(i.Engine)
    Error_Handler                            0x08000e15   Thumb Code     2  main.o(i.Error_Handler)
    HAL_DMA_Abort_IT                         0x08000e17   Thumb Code    36  stm32f4xx_hal_dma.o(i.HAL_DMA_Abort_IT)
    HAL_DMA_IRQHandler                       0x08000e3d   Thumb Code   412  stm32f4xx_hal_dma.o(i.HAL_DMA_IRQHandler)
    HAL_DMA_Init                             0x08000fdd   Thumb Code   206  stm32f4xx_hal_dma.o(i.HAL_DMA_Init)
    HAL_DMA_Start_IT                         0x080010b1   Thumb Code   110  stm32f4xx_hal_dma.o(i.HAL_DMA_Start_IT)
    HAL_Delay                                0x08001121   Thumb Code    32  stm32f4xx_hal.o(i.HAL_Delay)
    HAL_GPIO_Init                            0x08001145   Thumb Code   394  stm32f4xx_hal_gpio.o(i.HAL_GPIO_Init)
    HAL_GPIO_WritePin                        0x080012fd   Thumb Code    10  stm32f4xx_hal_gpio.o(i.HAL_GPIO_WritePin)
    HAL_GetTick                              0x08001309   Thumb Code     6  stm32f4xx_hal.o(i.HAL_GetTick)
    HAL_IncTick                              0x08001315   Thumb Code    12  stm32f4xx_hal.o(i.HAL_IncTick)
    HAL_Init                                 0x08001325   Thumb Code    48  stm32f4xx_hal.o(i.HAL_Init)
    HAL_InitTick                             0x08001359   Thumb Code   100  stm32f4xx_hal_timebase_tim.o(i.HAL_InitTick)
    HAL_MspInit                              0x080013cd   Thumb Code    42  stm32f4xx_hal_msp.o(i.HAL_MspInit)
    HAL_NVIC_EnableIRQ                       0x080013fd   Thumb Code    26  stm32f4xx_hal_cortex.o(i.HAL_NVIC_EnableIRQ)
    HAL_NVIC_SetPriority                     0x08001419   Thumb Code    60  stm32f4xx_hal_cortex.o(i.HAL_NVIC_SetPriority)
    HAL_NVIC_SetPriorityGrouping             0x08001459   Thumb Code    26  stm32f4xx_hal_cortex.o(i.HAL_NVIC_SetPriorityGrouping)
    HAL_RCC_ClockConfig                      0x0800147d   Thumb Code   288  stm32f4xx_hal_rcc.o(i.HAL_RCC_ClockConfig)
    HAL_RCC_GetClockConfig                   0x080015b1   Thumb Code    54  stm32f4xx_hal_rcc.o(i.HAL_RCC_GetClockConfig)
    HAL_RCC_GetPCLK1Freq                     0x080015f1   Thumb Code    20  stm32f4xx_hal_rcc.o(i.HAL_RCC_GetPCLK1Freq)
    HAL_RCC_GetPCLK2Freq                     0x08001611   Thumb Code    20  stm32f4xx_hal_rcc.o(i.HAL_RCC_GetPCLK2Freq)
    HAL_RCC_GetSysClockFreq                  0x08001631   Thumb Code    88  stm32f4xx_hal_rcc.o(i.HAL_RCC_GetSysClockFreq)
    HAL_RCC_OscConfig                        0x08001691   Thumb Code   840  stm32f4xx_hal_rcc.o(i.HAL_RCC_OscConfig)
    HAL_TIMEx_BreakCallback                  0x080019ed   Thumb Code     2  stm32f4xx_hal_tim_ex.o(i.HAL_TIMEx_BreakCallback)
    HAL_TIMEx_CommutCallback                 0x080019ef   Thumb Code     2  stm32f4xx_hal_tim_ex.o(i.HAL_TIMEx_CommutCallback)
    HAL_TIMEx_MasterConfigSynchronization    0x080019f1   Thumb Code   116  stm32f4xx_hal_tim_ex.o(i.HAL_TIMEx_MasterConfigSynchronization)
    HAL_TIM_Base_Init                        0x08001a81   Thumb Code    54  stm32f4xx_hal_tim.o(i.HAL_TIM_Base_Init)
    HAL_TIM_Base_MspInit                     0x08001ab9   Thumb Code    78  tim.o(i.HAL_TIM_Base_MspInit)
    HAL_TIM_Base_Start_IT                    0x08001b19   Thumb Code    34  stm32f4xx_hal_tim.o(i.HAL_TIM_Base_Start_IT)
    HAL_TIM_ConfigClockSource                0x08001b3b   Thumb Code   214  stm32f4xx_hal_tim.o(i.HAL_TIM_ConfigClockSource)
    HAL_TIM_Encoder_Init                     0x08001c11   Thumb Code   152  stm32f4xx_hal_tim.o(i.HAL_TIM_Encoder_Init)
    HAL_TIM_Encoder_MspInit                  0x08001ca9   Thumb Code   184  tim.o(i.HAL_TIM_Encoder_MspInit)
    HAL_TIM_Encoder_Start                    0x08001d75   Thumb Code    52  stm32f4xx_hal_tim.o(i.HAL_TIM_Encoder_Start)
    HAL_TIM_IC_CaptureCallback               0x08001da9   Thumb Code     2  stm32f4xx_hal_tim.o(i.HAL_TIM_IC_CaptureCallback)
    HAL_TIM_IRQHandler                       0x08001dab   Thumb Code   358  stm32f4xx_hal_tim.o(i.HAL_TIM_IRQHandler)
    HAL_TIM_MspPostInit                      0x08001f11   Thumb Code   210  tim.o(i.HAL_TIM_MspPostInit)
    HAL_TIM_OC_DelayElapsedCallback          0x08002005   Thumb Code     2  stm32f4xx_hal_tim.o(i.HAL_TIM_OC_DelayElapsedCallback)
    HAL_TIM_PWM_ConfigChannel                0x08002007   Thumb Code   208  stm32f4xx_hal_tim.o(i.HAL_TIM_PWM_ConfigChannel)
    HAL_TIM_PWM_Init                         0x080020d7   Thumb Code    54  stm32f4xx_hal_tim.o(i.HAL_TIM_PWM_Init)
    HAL_TIM_PWM_MspInit                      0x0800210d   Thumb Code     2  stm32f4xx_hal_tim.o(i.HAL_TIM_PWM_MspInit)
    HAL_TIM_PWM_PulseFinishedCallback        0x0800210f   Thumb Code     2  stm32f4xx_hal_tim.o(i.HAL_TIM_PWM_PulseFinishedCallback)
    HAL_TIM_PWM_Start                        0x08002111   Thumb Code    58  stm32f4xx_hal_tim.o(i.HAL_TIM_PWM_Start)
    HAL_TIM_PeriodElapsedCallback            0x08002155   Thumb Code    70  main.o(i.HAL_TIM_PeriodElapsedCallback)
    HAL_TIM_TriggerCallback                  0x080021b1   Thumb Code     2  stm32f4xx_hal_tim.o(i.HAL_TIM_TriggerCallback)
    HAL_UART_ErrorCallback                   0x080021b3   Thumb Code     2  stm32f4xx_hal_uart.o(i.HAL_UART_ErrorCallback)
    HAL_UART_IRQHandler                      0x080021b5   Thumb Code   270  stm32f4xx_hal_uart.o(i.HAL_UART_IRQHandler)
    HAL_UART_IdleCpltCallback                0x080022c9   Thumb Code     8  main.o(i.HAL_UART_IdleCpltCallback)
    HAL_UART_Init                            0x080022d5   Thumb Code    98  stm32f4xx_hal_uart.o(i.HAL_UART_Init)
    HAL_UART_MspInit                         0x08002339   Thumb Code   242  usart.o(i.HAL_UART_MspInit)
    HAL_UART_Receive_DMA                     0x08002445   Thumb Code   138  stm32f4xx_hal_uart.o(i.HAL_UART_Receive_DMA)
    HAL_UART_RxCpltCallback                  0x080024dd   Thumb Code    20  main.o(i.HAL_UART_RxCpltCallback)
    HAL_UART_RxHalfCpltCallback              0x080024fd   Thumb Code     2  stm32f4xx_hal_uart.o(i.HAL_UART_RxHalfCpltCallback)
    HAL_UART_Transmit_DMA                    0x08002501   Thumb Code   114  stm32f4xx_hal_uart.o(i.HAL_UART_Transmit_DMA)
    HAL_UART_TxCpltCallback                  0x08002581   Thumb Code     2  stm32f4xx_hal_uart.o(i.HAL_UART_TxCpltCallback)
    HAL_UART_TxHalfCpltCallback              0x08002583   Thumb Code     2  stm32f4xx_hal_uart.o(i.HAL_UART_TxHalfCpltCallback)
    HardFault_Handler                        0x08002585   Thumb Code     2  stm32f4xx_it.o(i.HardFault_Handler)
    LinearMotorInit                          0x08002589   Thumb Code    80  linearmotor.o(i.LinearMotorInit)
    LinearMotorTask                          0x080025f9   Thumb Code    30  freertos.o(i.LinearMotorTask)
    MX_DMA_Init                              0x08002621   Thumb Code    56  dma.o(i.MX_DMA_Init)
    MX_FREERTOS_Init                         0x0800265d   Thumb Code   118  freertos.o(i.MX_FREERTOS_Init)
    MX_GPIO_Init                             0x080026dd   Thumb Code   166  gpio.o(i.MX_GPIO_Init)
    MX_TIM11_Init                            0x0800278d   Thumb Code    96  tim.o(i.MX_TIM11_Init)
    MX_TIM1_Init                             0x080027f5   Thumb Code   102  tim.o(i.MX_TIM1_Init)
    MX_TIM3_Init                             0x08002865   Thumb Code   192  tim.o(i.MX_TIM3_Init)
    MX_TIM4_Init                             0x0800292d   Thumb Code   192  tim.o(i.MX_TIM4_Init)
    MX_TIM5_Init                             0x080029f5   Thumb Code   100  tim.o(i.MX_TIM5_Init)
    MX_USART2_UART_Init                      0x08002a61   Thumb Code    48  usart.o(i.MX_USART2_UART_Init)
    MemManage_Handler                        0x08002a99   Thumb Code     2  stm32f4xx_it.o(i.MemManage_Handler)
    NMI_Handler                              0x08002a9b   Thumb Code     2  stm32f4xx_it.o(i.NMI_Handler)
    PID_param_init                           0x08002a9d   Thumb Code    76  motor.o(i.PID_param_init)
    PID_realize                              0x08002af1   Thumb Code   112  motor.o(i.PID_realize)
    PWM_Limit                                0x08002b65   Thumb Code    20  engine.o(i.PWM_Limit)
    RoundMotorTask                           0x08002b79   Thumb Code    20  freertos.o(i.RoundMotorTask)
    StartDefaultTask                         0x08002b91   Thumb Code    12  freertos.o(i.StartDefaultTask)
    StartTaskMotor1                          0x08002b9d   Thumb Code   274  roundmotor.o(i.StartTaskMotor1)
    StartTaskMotor2                          0x08002cf5   Thumb Code   198  linearmotor.o(i.StartTaskMotor2)
    SysTick_Handler                          0x08002de5   Thumb Code    38  port.o(i.SysTick_Handler)
    SystemClock_Config                       0x08002e11   Thumb Code   122  main.o(i.SystemClock_Config)
    SystemInit                               0x08002e95   Thumb Code    22  system_stm32f4xx.o(i.SystemInit)
    TIM1_UP_TIM10_IRQHandler                 0x08002eb1   Thumb Code     6  stm32f4xx_it.o(i.TIM1_UP_TIM10_IRQHandler)
    TIM5_IRQHandler                          0x08002ebd   Thumb Code     6  stm32f4xx_it.o(i.TIM5_IRQHandler)
    TIM8_TRG_COM_TIM14_IRQHandler            0x08002ec9   Thumb Code     6  stm32f4xx_it.o(i.TIM8_TRG_COM_TIM14_IRQHandler)
    TIM_Base_SetConfig                       0x08002ed5   Thumb Code   156  stm32f4xx_hal_tim.o(i.TIM_Base_SetConfig)
    TIM_CCxChannelCmd                        0x08002f9d   Thumb Code    26  stm32f4xx_hal_tim.o(i.TIM_CCxChannelCmd)
    TIM_ETR_SetConfig                        0x08002fb7   Thumb Code    20  stm32f4xx_hal_tim.o(i.TIM_ETR_SetConfig)
    TIM_OC2_SetConfig                        0x0800303d   Thumb Code    98  stm32f4xx_hal_tim.o(i.TIM_OC2_SetConfig)
    Transmit                                 0x080031a9   Thumb Code    32  freertos.o(i.Transmit)
    USART2_IRQHandler                        0x080034f9   Thumb Code    38  stm32f4xx_it.o(i.USART2_IRQHandler)
    UsageFault_Handler                       0x08003525   Thumb Code     2  stm32f4xx_it.o(i.UsageFault_Handler)
    __hardfp_fabs                            0x08003547   Thumb Code    20  fabs.o(i.__hardfp_fabs)
    __scatterload_copy                       0x0800355b   Thumb Code    14  handlers.o(i.__scatterload_copy)
    __scatterload_null                       0x08003569   Thumb Code     2  handlers.o(i.__scatterload_null)
    __scatterload_zeroinit                   0x0800356b   Thumb Code    14  handlers.o(i.__scatterload_zeroinit)
    main                                     0x08003579   Thumb Code   198  main.o(i.main)
    motor_down_close                         0x0800366d   Thumb Code    40  engine.o(i.motor_down_close)
    motor_grab_ball                          0x08003699   Thumb Code    86  engine.o(i.motor_grab_ball)
    motor_grab_cube                          0x080036f5   Thumb Code    86  engine.o(i.motor_grab_cube)
    motor_grab_cube_down                     0x08003751   Thumb Code    40  engine.o(i.motor_grab_cube_down)
    motor_grab_edge_ball                     0x0800377d   Thumb Code   116  engine.o(i.motor_grab_edge_ball)
    motor_grab_edge_cube                     0x080037f5   Thumb Code   116  engine.o(i.motor_grab_edge_cube)
    motor_init                               0x0800386d   Thumb Code    14  engine.o(i.motor_init)
    motor_move                               0x0800387d   Thumb Code    84  engine.o(i.motor_move)
    motor_put_ball                           0x080038d5   Thumb Code    14  engine.o(i.motor_put_ball)
    motor_put_cube                           0x080038e9   Thumb Code    14  engine.o(i.motor_put_cube)
    motor_reset                              0x080038fd   Thumb Code    30  engine.o(i.motor_reset)
    motor_up_little                          0x08003921   Thumb Code    30  engine.o(i.motor_up_little)
    motor_up_open                            0x08003945   Thumb Code    28  engine.o(i.motor_up_open)
    osDelay                                  0x08003965   Thumb Code    14  cmsis_os.o(i.osDelay)
    osKernelStart                            0x08003973   Thumb Code    10  cmsis_os.o(i.osKernelStart)
    osThreadCreate                           0x0800397d   Thumb Code    84  cmsis_os.o(i.osThreadCreate)
    pvPortMalloc                             0x08003d1d   Thumb Code   210  heap_4.o(i.pvPortMalloc)
    pwm_val_protect                          0x08003df5   Thumb Code    18  motor.o(i.pwm_val_protect)
    pxPortInitialiseStack                    0x08003e09   Thumb Code    40  port.o(i.pxPortInitialiseStack)
    read_encoder                             0x08003e35   Thumb Code     6  motor.o(i.read_encoder)
    set_motor1_rotate                        0x08003e3d   Thumb Code    32  roundmotor.o(i.set_motor1_rotate)
    set_motor2_rotate                        0x08003e61   Thumb Code    28  linearmotor.o(i.set_motor2_rotate)
    set_target                               0x08003e81   Thumb Code     4  motor.o(i.set_target)
    uxListRemove                             0x08003e85   Thumb Code    38  list.o(i.uxListRemove)
    vApplicationGetIdleTaskMemory            0x08003ead   Thumb Code    16  freertos.o(i.vApplicationGetIdleTaskMemory)
    vListInitialise                          0x08003ec1   Thumb Code    22  list.o(i.vListInitialise)
    vListInitialiseItem                      0x08003ed7   Thumb Code     6  list.o(i.vListInitialiseItem)
    vListInsert                              0x08003edd   Thumb Code    48  list.o(i.vListInsert)
    vListInsertEnd                           0x08003f0d   Thumb Code    24  list.o(i.vListInsertEnd)
    vPortEnterCritical                       0x08003f25   Thumb Code    54  port.o(i.vPortEnterCritical)
    vPortExitCritical                        0x08003f65   Thumb Code    34  port.o(i.vPortExitCritical)
    vPortFree                                0x08003f8d   Thumb Code    88  heap_4.o(i.vPortFree)
    vPortSetupTimerInterrupt                 0x08003fe9   Thumb Code    32  port.o(i.vPortSetupTimerInterrupt)
    vTaskDelay                               0x0800400d   Thumb Code    66  tasks.o(i.vTaskDelay)
    vTaskStartScheduler                      0x08004059   Thumb Code    90  tasks.o(i.vTaskStartScheduler)
    vTaskSuspendAll                          0x080040c5   Thumb Code    10  tasks.o(i.vTaskSuspendAll)
    vTaskSwitchContext                       0x080040d5   Thumb Code    82  tasks.o(i.vTaskSwitchContext)
    xPortStartScheduler                      0x08004131   Thumb Code   222  port.o(i.xPortStartScheduler)
    xTaskCreate                              0x08004225   Thumb Code    90  tasks.o(i.xTaskCreate)
    xTaskCreateStatic                        0x0800427f   Thumb Code    86  tasks.o(i.xTaskCreateStatic)
    xTaskIncrementTick                       0x080042d5   Thumb Code   192  tasks.o(i.xTaskIncrementTick)
    xTaskResumeAll                           0x0800439d   Thumb Code   182  tasks.o(i.xTaskResumeAll)
    AHBPrescTable                            0x080044f4   Data          16  system_stm32f4xx.o(.constdata)
    APBPrescTable                            0x08004504   Data           8  system_stm32f4xx.o(.constdata)
    Region$$Table$$Base                      0x08004548   Number         0  anon$$obj.o(Region$$Table)
    Region$$Table$$Limit                     0x08004568   Number         0  anon$$obj.o(Region$$Table)
    defaultTaskHandle                        0x20000000   Data           4  freertos.o(.data)
    myTask02Handle                           0x20000004   Data           4  freertos.o(.data)
    myTask03Handle                           0x20000008   Data           4  freertos.o(.data)
    myTask04Handle                           0x2000000c   Data           4  freertos.o(.data)
    myTask05Handle                           0x20000010   Data           4  freertos.o(.data)
    initial_pid_val                          0x20000024   Data          24  variate.o(.data)
    pwm1                                     0x2000003c   Data           4  variate.o(.data)
    flag1                                    0x20000040   Data           1  variate.o(.data)
    encoder1                                 0x20000044   Data           4  variate.o(.data)
    pid1_err_limit                           0x20000048   Data           4  variate.o(.data)
    Motor1EncoderOverflowCnt                 0x2000004c   Data           2  variate.o(.data)
    RoundEncoder                             0x20000050   Data           4  variate.o(.data)
    Round_Finish                             0x20000054   Data           4  variate.o(.data)
    pwm2                                     0x20000058   Data           4  variate.o(.data)
    flag2                                    0x2000005c   Data           1  variate.o(.data)
    encoder2                                 0x20000060   Data           4  variate.o(.data)
    pid2_err_limit                           0x20000064   Data           4  variate.o(.data)
    Motor2EncoderOverflowCnt                 0x20000068   Data           2  variate.o(.data)
    Linear_Finish                            0x2000006c   Data           4  variate.o(.data)
    transmit                                 0x20000070   Data           8  variate.o(.data)
    RxFlag                                   0x20000078   Data           1  variate.o(.data)
    Find_Flag                                0x2000007c   Data           4  variate.o(.data)
    Linear_length                            0x20000080   Data           8  variate.o(.data)
    Round_Angle                              0x20000088   Data           4  variate.o(.data)
    Start_Flag                               0x2000008c   Data           4  variate.o(.data)
    old_angle                                0x20000090   Data           4  variate.o(.data)
    old_length                               0x20000094   Data           4  variate.o(.data)
    Mode_Command                             0x20000098   Data           1  variate.o(.data)
    Round_Command                            0x20000099   Data           1  variate.o(.data)
    Linear_Command                           0x2000009a   Data           1  variate.o(.data)
    Check_Sum                                0x2000009b   Data           1  variate.o(.data)
    Linear_IntCommand                        0x2000009c   Data           1  variate.o(.data)
    uwTickFreq                               0x200000a0   Data           1  stm32f4xx_hal.o(.data)
    uwTickPrio                               0x200000a4   Data           4  stm32f4xx_hal.o(.data)
    uwTick                                   0x200000a8   Data           4  stm32f4xx_hal.o(.data)
    SystemCoreClock                          0x200000ac   Data           4  system_stm32f4xx.o(.data)
    pxCurrentTCB                             0x200000b0   Data           4  tasks.o(.data)
    htim1                                    0x20000364   Data          64  tim.o(.bss)
    htim3                                    0x200003a4   Data          64  tim.o(.bss)
    htim4                                    0x200003e4   Data          64  tim.o(.bss)
    htim5                                    0x20000424   Data          64  tim.o(.bss)
    htim11                                   0x20000464   Data          64  tim.o(.bss)
    huart2                                   0x200004a4   Data          64  usart.o(.bss)
    hdma_usart2_rx                           0x200004e4   Data          96  usart.o(.bss)
    hdma_usart2_tx                           0x20000544   Data          96  usart.o(.bss)
    htim14                                   0x200005a4   Data          64  stm32f4xx_hal_timebase_tim.o(.bss)
    Command                                  0x200005e4   Data         100  variate.o(.bss)
    pid1                                     0x20000648   Data          32  variate.o(.bss)
    pid2                                     0x20000668   Data          32  variate.o(.bss)
    __initial_sp                             0x20004778   Data           0  startup_stm32f407xx.o(STACK)



==============================================================================

Memory Map of the image

  Image Entry point : 0x08000189

  Load Region LR_IROM1 (Base: 0x08000000, Size: 0x00004678, Max: 0x00080000, ABSOLUTE)

    Execution Region ER_IROM1 (Exec base: 0x08000000, Load base: 0x08000000, Size: 0x00004568, Max: 0x00080000, ABSOLUTE)

    Exec Addr    Load Addr    Size         Type   Attr      Idx    E Section Name        Object

    0x08000000   0x08000000   0x00000188   Data   RO            3    RESET               startup_stm32f407xx.o
    0x08000188   0x08000188   0x00000000   Code   RO         4696  * .ARM.Collect$$$$00000000  mc_w.l(entry.o)
    0x08000188   0x08000188   0x00000004   Code   RO         4727    .ARM.Collect$$$$00000001  mc_w.l(entry2.o)
    0x0800018c   0x0800018c   0x00000004   Code   RO         4730    .ARM.Collect$$$$00000004  mc_w.l(entry5.o)
    0x08000190   0x08000190   0x00000000   Code   RO         4732    .ARM.Collect$$$$00000008  mc_w.l(entry7b.o)
    0x08000190   0x08000190   0x00000000   Code   RO         4734    .ARM.Collect$$$$0000000A  mc_w.l(entry8b.o)
    0x08000190   0x08000190   0x00000008   Code   RO         4735    .ARM.Collect$$$$0000000B  mc_w.l(entry9a.o)
    0x08000198   0x08000198   0x00000000   Code   RO         4737    .ARM.Collect$$$$0000000D  mc_w.l(entry10a.o)
    0x08000198   0x08000198   0x00000000   Code   RO         4739    .ARM.Collect$$$$0000000F  mc_w.l(entry11a.o)
    0x08000198   0x08000198   0x00000004   Code   RO         4728    .ARM.Collect$$$$00002712  mc_w.l(entry2.o)
    0x0800019c   0x0800019c   0x000000be   Code   RO         4613    .emb_text           port.o
    0x0800025a   0x0800025a   0x00000002   PAD
    0x0800025c   0x0800025c   0x00000024   Code   RO            4    .text               startup_stm32f407xx.o
    0x08000280   0x08000280   0x00000062   Code   RO         4699    .text               mc_w.l(uldiv.o)
    0x080002e2   0x080002e2   0x00000024   Code   RO         4701    .text               mc_w.l(memcpya.o)
    0x08000306   0x08000306   0x00000024   Code   RO         4705    .text               mc_w.l(memseta.o)
    0x0800032a   0x0800032a   0x0000014e   Code   RO         4709    .text               mf_w.l(dadd.o)
    0x08000478   0x08000478   0x000000e4   Code   RO         4711    .text               mf_w.l(dmul.o)
    0x0800055c   0x0800055c   0x000000de   Code   RO         4713    .text               mf_w.l(ddiv.o)
    0x0800063a   0x0800063a   0x00000022   Code   RO         4717    .text               mf_w.l(dflti.o)
    0x0800065c   0x0800065c   0x0000003e   Code   RO         4719    .text               mf_w.l(dfixi.o)
    0x0800069a   0x0800069a   0x00000032   Code   RO         4721    .text               mf_w.l(dfixui.o)
    0x080006cc   0x080006cc   0x00000030   Code   RO         4723    .text               mf_w.l(cdcmple.o)
    0x080006fc   0x080006fc   0x00000038   Code   RO         4725    .text               mf_w.l(d2f.o)
    0x08000734   0x08000734   0x0000001e   Code   RO         4741    .text               mc_w.l(llshl.o)
    0x08000752   0x08000752   0x00000020   Code   RO         4743    .text               mc_w.l(llushr.o)
    0x08000772   0x08000772   0x00000024   Code   RO         4745    .text               mc_w.l(llsshr.o)
    0x08000796   0x08000796   0x00000000   Code   RO         4747    .text               mc_w.l(iusefp.o)
    0x08000796   0x08000796   0x0000006e   Code   RO         4748    .text               mf_w.l(fepilogue.o)
    0x08000804   0x08000804   0x000000ba   Code   RO         4750    .text               mf_w.l(depilogue.o)
    0x080008be   0x080008be   0x00000002   PAD
    0x080008c0   0x080008c0   0x00000024   Code   RO         4752    .text               mc_w.l(init.o)
    0x080008e4   0x080008e4   0x00000002   Code   RO          497    i.BusFault_Handler  stm32f4xx_it.o
    0x080008e6   0x080008e6   0x00000002   PAD
    0x080008e8   0x080008e8   0x00000054   Code   RO          745    i.Calculate_Length  linearmotor.o
    0x0800093c   0x0800093c   0x00000048   Code   RO          746    i.Calculate_Target  linearmotor.o
    0x08000984   0x08000984   0x000002a8   Code   RO          908    i.Command_Analysis  command.o
    0x08000c2c   0x08000c2c   0x0000000c   Code   RO          498    i.DMA1_Stream5_IRQHandler  stm32f4xx_it.o
    0x08000c38   0x08000c38   0x0000000c   Code   RO          499    i.DMA1_Stream6_IRQHandler  stm32f4xx_it.o
    0x08000c44   0x08000c44   0x00000028   Code   RO         1449    i.DMA_CalcBaseAndBitshift  stm32f4xx_hal_dma.o
    0x08000c6c   0x08000c6c   0x00000054   Code   RO         1450    i.DMA_CheckFifoParam  stm32f4xx_hal_dma.o
    0x08000cc0   0x08000cc0   0x00000028   Code   RO         1451    i.DMA_SetConfig     stm32f4xx_hal_dma.o
    0x08000ce8   0x08000ce8   0x00000002   Code   RO          500    i.DebugMon_Handler  stm32f4xx_it.o
    0x08000cea   0x08000cea   0x00000002   PAD
    0x08000cec   0x08000cec   0x00000128   Code   RO          273    i.Engine            freertos.o
    0x08000e14   0x08000e14   0x00000002   Code   RO           13    i.Error_Handler     main.o
    0x08000e16   0x08000e16   0x00000024   Code   RO         1453    i.HAL_DMA_Abort_IT  stm32f4xx_hal_dma.o
    0x08000e3a   0x08000e3a   0x00000002   PAD
    0x08000e3c   0x08000e3c   0x000001a0   Code   RO         1457    i.HAL_DMA_IRQHandler  stm32f4xx_hal_dma.o
    0x08000fdc   0x08000fdc   0x000000d4   Code   RO         1458    i.HAL_DMA_Init      stm32f4xx_hal_dma.o
    0x080010b0   0x080010b0   0x0000006e   Code   RO         1462    i.HAL_DMA_Start_IT  stm32f4xx_hal_dma.o
    0x0800111e   0x0800111e   0x00000002   PAD
    0x08001120   0x08001120   0x00000024   Code   RO         1871    i.HAL_Delay         stm32f4xx_hal.o
    0x08001144   0x08001144   0x000001b8   Code   RO         1345    i.HAL_GPIO_Init     stm32f4xx_hal_gpio.o
    0x080012fc   0x080012fc   0x0000000a   Code   RO         1349    i.HAL_GPIO_WritePin  stm32f4xx_hal_gpio.o
    0x08001306   0x08001306   0x00000002   PAD
    0x08001308   0x08001308   0x0000000c   Code   RO         1877    i.HAL_GetTick       stm32f4xx_hal.o
    0x08001314   0x08001314   0x00000010   Code   RO         1883    i.HAL_IncTick       stm32f4xx_hal.o
    0x08001324   0x08001324   0x00000034   Code   RO         1884    i.HAL_Init          stm32f4xx_hal.o
    0x08001358   0x08001358   0x00000074   Code   RO          615    i.HAL_InitTick      stm32f4xx_hal_timebase_tim.o
    0x080013cc   0x080013cc   0x00000030   Code   RO          591    i.HAL_MspInit       stm32f4xx_hal_msp.o
    0x080013fc   0x080013fc   0x0000001a   Code   RO         1734    i.HAL_NVIC_EnableIRQ  stm32f4xx_hal_cortex.o
    0x08001416   0x08001416   0x00000002   PAD
    0x08001418   0x08001418   0x00000040   Code   RO         1740    i.HAL_NVIC_SetPriority  stm32f4xx_hal_cortex.o
    0x08001458   0x08001458   0x00000024   Code   RO         1741    i.HAL_NVIC_SetPriorityGrouping  stm32f4xx_hal_cortex.o
    0x0800147c   0x0800147c   0x00000134   Code   RO          991    i.HAL_RCC_ClockConfig  stm32f4xx_hal_rcc.o
    0x080015b0   0x080015b0   0x00000040   Code   RO          995    i.HAL_RCC_GetClockConfig  stm32f4xx_hal_rcc.o
    0x080015f0   0x080015f0   0x00000020   Code   RO          998    i.HAL_RCC_GetPCLK1Freq  stm32f4xx_hal_rcc.o
    0x08001610   0x08001610   0x00000020   Code   RO          999    i.HAL_RCC_GetPCLK2Freq  stm32f4xx_hal_rcc.o
    0x08001630   0x08001630   0x00000060   Code   RO         1000    i.HAL_RCC_GetSysClockFreq  stm32f4xx_hal_rcc.o
    0x08001690   0x08001690   0x0000035c   Code   RO         1003    i.HAL_RCC_OscConfig  stm32f4xx_hal_rcc.o
    0x080019ec   0x080019ec   0x00000002   Code   RO         2799    i.HAL_TIMEx_BreakCallback  stm32f4xx_hal_tim_ex.o
    0x080019ee   0x080019ee   0x00000002   Code   RO         2800    i.HAL_TIMEx_CommutCallback  stm32f4xx_hal_tim_ex.o
    0x080019f0   0x080019f0   0x00000090   Code   RO         2817    i.HAL_TIMEx_MasterConfigSynchronization  stm32f4xx_hal_tim_ex.o
    0x08001a80   0x08001a80   0x00000036   Code   RO         2124    i.HAL_TIM_Base_Init  stm32f4xx_hal_tim.o
    0x08001ab6   0x08001ab6   0x00000002   PAD
    0x08001ab8   0x08001ab8   0x00000060   Code   RO          372    i.HAL_TIM_Base_MspInit  tim.o
    0x08001b18   0x08001b18   0x00000022   Code   RO         2129    i.HAL_TIM_Base_Start_IT  stm32f4xx_hal_tim.o
    0x08001b3a   0x08001b3a   0x000000d6   Code   RO         2133    i.HAL_TIM_ConfigClockSource  stm32f4xx_hal_tim.o
    0x08001c10   0x08001c10   0x00000098   Code   RO         2142    i.HAL_TIM_Encoder_Init  stm32f4xx_hal_tim.o
    0x08001ca8   0x08001ca8   0x000000cc   Code   RO          374    i.HAL_TIM_Encoder_MspInit  tim.o
    0x08001d74   0x08001d74   0x00000034   Code   RO         2145    i.HAL_TIM_Encoder_Start  stm32f4xx_hal_tim.o
    0x08001da8   0x08001da8   0x00000002   Code   RO         2153    i.HAL_TIM_IC_CaptureCallback  stm32f4xx_hal_tim.o
    0x08001daa   0x08001daa   0x00000166   Code   RO         2167    i.HAL_TIM_IRQHandler  stm32f4xx_hal_tim.o
    0x08001f10   0x08001f10   0x000000f4   Code   RO          375    i.HAL_TIM_MspPostInit  tim.o
    0x08002004   0x08002004   0x00000002   Code   RO         2170    i.HAL_TIM_OC_DelayElapsedCallback  stm32f4xx_hal_tim.o
    0x08002006   0x08002006   0x000000d0   Code   RO         2191    i.HAL_TIM_PWM_ConfigChannel  stm32f4xx_hal_tim.o
    0x080020d6   0x080020d6   0x00000036   Code   RO         2194    i.HAL_TIM_PWM_Init  stm32f4xx_hal_tim.o
    0x0800210c   0x0800210c   0x00000002   Code   RO         2196    i.HAL_TIM_PWM_MspInit  stm32f4xx_hal_tim.o
    0x0800210e   0x0800210e   0x00000002   Code   RO         2197    i.HAL_TIM_PWM_PulseFinishedCallback  stm32f4xx_hal_tim.o
    0x08002110   0x08002110   0x00000044   Code   RO         2199    i.HAL_TIM_PWM_Start  stm32f4xx_hal_tim.o
    0x08002154   0x08002154   0x0000005c   Code   RO           14    i.HAL_TIM_PeriodElapsedCallback  main.o
    0x080021b0   0x080021b0   0x00000002   Code   RO         2210    i.HAL_TIM_TriggerCallback  stm32f4xx_hal_tim.o
    0x080021b2   0x080021b2   0x00000002   Code   RO         3071    i.HAL_UART_ErrorCallback  stm32f4xx_hal_uart.o
    0x080021b4   0x080021b4   0x00000114   Code   RO         3074    i.HAL_UART_IRQHandler  stm32f4xx_hal_uart.o
    0x080022c8   0x080022c8   0x0000000c   Code   RO           15    i.HAL_UART_IdleCpltCallback  main.o
    0x080022d4   0x080022d4   0x00000062   Code   RO         3075    i.HAL_UART_Init     stm32f4xx_hal_uart.o
    0x08002336   0x08002336   0x00000002   PAD
    0x08002338   0x08002338   0x0000010c   Code   RO          456    i.HAL_UART_MspInit  usart.o
    0x08002444   0x08002444   0x00000098   Code   RO         3079    i.HAL_UART_Receive_DMA  stm32f4xx_hal_uart.o
    0x080024dc   0x080024dc   0x00000020   Code   RO           16    i.HAL_UART_RxCpltCallback  main.o
    0x080024fc   0x080024fc   0x00000002   Code   RO         3082    i.HAL_UART_RxHalfCpltCallback  stm32f4xx_hal_uart.o
    0x080024fe   0x080024fe   0x00000002   PAD
    0x08002500   0x08002500   0x00000080   Code   RO         3084    i.HAL_UART_Transmit_DMA  stm32f4xx_hal_uart.o
    0x08002580   0x08002580   0x00000002   Code   RO         3086    i.HAL_UART_TxCpltCallback  stm32f4xx_hal_uart.o
    0x08002582   0x08002582   0x00000002   Code   RO         3087    i.HAL_UART_TxHalfCpltCallback  stm32f4xx_hal_uart.o
    0x08002584   0x08002584   0x00000002   Code   RO          501    i.HardFault_Handler  stm32f4xx_it.o
    0x08002586   0x08002586   0x00000002   PAD
    0x08002588   0x08002588   0x00000070   Code   RO          747    i.LinearMotorInit   linearmotor.o
    0x080025f8   0x080025f8   0x00000028   Code   RO          274    i.LinearMotorTask   freertos.o
    0x08002620   0x08002620   0x0000003c   Code   RO          347    i.MX_DMA_Init       dma.o
    0x0800265c   0x0800265c   0x00000080   Code   RO          275    i.MX_FREERTOS_Init  freertos.o
    0x080026dc   0x080026dc   0x000000b0   Code   RO          249    i.MX_GPIO_Init      gpio.o
    0x0800278c   0x0800278c   0x00000068   Code   RO          376    i.MX_TIM11_Init     tim.o
    0x080027f4   0x080027f4   0x00000070   Code   RO          377    i.MX_TIM1_Init      tim.o
    0x08002864   0x08002864   0x000000c8   Code   RO          378    i.MX_TIM3_Init      tim.o
    0x0800292c   0x0800292c   0x000000c8   Code   RO          379    i.MX_TIM4_Init      tim.o
    0x080029f4   0x080029f4   0x0000006c   Code   RO          380    i.MX_TIM5_Init      tim.o
    0x08002a60   0x08002a60   0x00000038   Code   RO          457    i.MX_USART2_UART_Init  usart.o
    0x08002a98   0x08002a98   0x00000002   Code   RO          502    i.MemManage_Handler  stm32f4xx_it.o
    0x08002a9a   0x08002a9a   0x00000002   Code   RO          503    i.NMI_Handler       stm32f4xx_it.o
    0x08002a9c   0x08002a9c   0x00000054   Code   RO          697    i.PID_param_init    motor.o
    0x08002af0   0x08002af0   0x00000074   Code   RO          698    i.PID_realize       motor.o
    0x08002b64   0x08002b64   0x00000014   Code   RO          797    i.PWM_Limit         engine.o
    0x08002b78   0x08002b78   0x00000018   Code   RO          276    i.RoundMotorTask    freertos.o
    0x08002b90   0x08002b90   0x0000000c   Code   RO          277    i.StartDefaultTask  freertos.o
    0x08002b9c   0x08002b9c   0x00000158   Code   RO          655    i.StartTaskMotor1   roundmotor.o
    0x08002cf4   0x08002cf4   0x000000f0   Code   RO          748    i.StartTaskMotor2   linearmotor.o
    0x08002de4   0x08002de4   0x0000002c   Code   RO         4614    i.SysTick_Handler   port.o
    0x08002e10   0x08002e10   0x00000084   Code   RO           17    i.SystemClock_Config  main.o
    0x08002e94   0x08002e94   0x0000001c   Code   RO         3377    i.SystemInit        system_stm32f4xx.o
    0x08002eb0   0x08002eb0   0x0000000c   Code   RO          504    i.TIM1_UP_TIM10_IRQHandler  stm32f4xx_it.o
    0x08002ebc   0x08002ebc   0x0000000c   Code   RO          505    i.TIM5_IRQHandler   stm32f4xx_it.o
    0x08002ec8   0x08002ec8   0x0000000c   Code   RO          506    i.TIM8_TRG_COM_TIM14_IRQHandler  stm32f4xx_it.o
    0x08002ed4   0x08002ed4   0x000000c8   Code   RO         2212    i.TIM_Base_SetConfig  stm32f4xx_hal_tim.o
    0x08002f9c   0x08002f9c   0x0000001a   Code   RO         2213    i.TIM_CCxChannelCmd  stm32f4xx_hal_tim.o
    0x08002fb6   0x08002fb6   0x00000014   Code   RO         2223    i.TIM_ETR_SetConfig  stm32f4xx_hal_tim.o
    0x08002fca   0x08002fca   0x00000010   Code   RO         2224    i.TIM_ITRx_SetConfig  stm32f4xx_hal_tim.o
    0x08002fda   0x08002fda   0x00000002   PAD
    0x08002fdc   0x08002fdc   0x00000060   Code   RO         2225    i.TIM_OC1_SetConfig  stm32f4xx_hal_tim.o
    0x0800303c   0x0800303c   0x0000006c   Code   RO         2226    i.TIM_OC2_SetConfig  stm32f4xx_hal_tim.o
    0x080030a8   0x080030a8   0x00000068   Code   RO         2227    i.TIM_OC3_SetConfig  stm32f4xx_hal_tim.o
    0x08003110   0x08003110   0x00000050   Code   RO         2228    i.TIM_OC4_SetConfig  stm32f4xx_hal_tim.o
    0x08003160   0x08003160   0x00000022   Code   RO         2230    i.TIM_TI1_ConfigInputStage  stm32f4xx_hal_tim.o
    0x08003182   0x08003182   0x00000024   Code   RO         2232    i.TIM_TI2_ConfigInputStage  stm32f4xx_hal_tim.o
    0x080031a6   0x080031a6   0x00000002   PAD
    0x080031a8   0x080031a8   0x00000028   Code   RO          278    i.Transmit          freertos.o
    0x080031d0   0x080031d0   0x00000010   Code   RO         3088    i.UART_DMAAbortOnError  stm32f4xx_hal_uart.o
    0x080031e0   0x080031e0   0x0000004a   Code   RO         3089    i.UART_DMAError     stm32f4xx_hal_uart.o
    0x0800322a   0x0800322a   0x0000003c   Code   RO         3090    i.UART_DMAReceiveCplt  stm32f4xx_hal_uart.o
    0x08003266   0x08003266   0x0000000a   Code   RO         3092    i.UART_DMARxHalfCplt  stm32f4xx_hal_uart.o
    0x08003270   0x08003270   0x0000002e   Code   RO         3094    i.UART_DMATransmitCplt  stm32f4xx_hal_uart.o
    0x0800329e   0x0800329e   0x0000000a   Code   RO         3096    i.UART_DMATxHalfCplt  stm32f4xx_hal_uart.o
    0x080032a8   0x080032a8   0x0000001c   Code   RO         3098    i.UART_EndRxTransfer  stm32f4xx_hal_uart.o
    0x080032c4   0x080032c4   0x00000012   Code   RO         3099    i.UART_EndTxTransfer  stm32f4xx_hal_uart.o
    0x080032d6   0x080032d6   0x00000096   Code   RO         3100    i.UART_Receive_IT   stm32f4xx_hal_uart.o
    0x0800336c   0x0800336c   0x00000128   Code   RO         3101    i.UART_SetConfig    stm32f4xx_hal_uart.o
    0x08003494   0x08003494   0x00000062   Code   RO         3102    i.UART_Transmit_IT  stm32f4xx_hal_uart.o
    0x080034f6   0x080034f6   0x00000002   PAD
    0x080034f8   0x080034f8   0x0000002c   Code   RO          507    i.USART2_IRQHandler  stm32f4xx_it.o
    0x08003524   0x08003524   0x00000002   Code   RO          508    i.UsageFault_Handler  stm32f4xx_it.o
    0x08003526   0x08003526   0x00000020   Code   RO         1747    i.__NVIC_SetPriority  stm32f4xx_hal_cortex.o
    0x08003546   0x08003546   0x00000014   Code   RO         4690    i.__hardfp_fabs     m_wm.l(fabs.o)
    0x0800355a   0x0800355a   0x0000000e   Code   RO         4756    i.__scatterload_copy  mc_w.l(handlers.o)
    0x08003568   0x08003568   0x00000002   Code   RO         4757    i.__scatterload_null  mc_w.l(handlers.o)
    0x0800356a   0x0800356a   0x0000000e   Code   RO         4758    i.__scatterload_zeroinit  mc_w.l(handlers.o)
    0x08003578   0x08003578   0x000000e8   Code   RO           18    i.main              main.o
    0x08003660   0x08003660   0x0000000c   Code   RO         4185    i.makeFreeRtosPriority  cmsis_os.o
    0x0800366c   0x0800366c   0x0000002c   Code   RO          798    i.motor_down_close  engine.o
    0x08003698   0x08003698   0x0000005c   Code   RO          800    i.motor_grab_ball   engine.o
    0x080036f4   0x080036f4   0x0000005c   Code   RO          801    i.motor_grab_cube   engine.o
    0x08003750   0x08003750   0x0000002c   Code   RO          802    i.motor_grab_cube_down  engine.o
    0x0800377c   0x0800377c   0x00000078   Code   RO          803    i.motor_grab_edge_ball  engine.o
    0x080037f4   0x080037f4   0x00000078   Code   RO          804    i.motor_grab_edge_cube  engine.o
    0x0800386c   0x0800386c   0x0000000e   Code   RO          805    i.motor_init        engine.o
    0x0800387a   0x0800387a   0x00000002   PAD
    0x0800387c   0x0800387c   0x00000058   Code   RO          806    i.motor_move        engine.o
    0x080038d4   0x080038d4   0x00000014   Code   RO          807    i.motor_put_ball    engine.o
    0x080038e8   0x080038e8   0x00000014   Code   RO          808    i.motor_put_cube    engine.o
    0x080038fc   0x080038fc   0x00000024   Code   RO          809    i.motor_reset       engine.o
    0x08003920   0x08003920   0x00000024   Code   RO          810    i.motor_up_little   engine.o
    0x08003944   0x08003944   0x00000020   Code   RO          811    i.motor_up_open     engine.o
    0x08003964   0x08003964   0x0000000e   Code   RO         4187    i.osDelay           cmsis_os.o
    0x08003972   0x08003972   0x0000000a   Code   RO         4190    i.osKernelStart     cmsis_os.o
    0x0800397c   0x0800397c   0x00000054   Code   RO         4224    i.osThreadCreate    cmsis_os.o
    0x080039d0   0x080039d0   0x00000070   Code   RO         3879    i.prvAddCurrentTaskToDelayedList  tasks.o
    0x08003a40   0x08003a40   0x000000d0   Code   RO         3880    i.prvAddNewTaskToReadyList  tasks.o
    0x08003b10   0x08003b10   0x00000034   Code   RO         3881    i.prvDeleteTCB      tasks.o
    0x08003b44   0x08003b44   0x0000004c   Code   RO         4552    i.prvHeapInit       heap_4.o
    0x08003b90   0x08003b90   0x00000060   Code   RO         3882    i.prvIdleTask       tasks.o
    0x08003bf0   0x08003bf0   0x00000098   Code   RO         3883    i.prvInitialiseNewTask  tasks.o
    0x08003c88   0x08003c88   0x0000004c   Code   RO         4553    i.prvInsertBlockIntoFreeList  heap_4.o
    0x08003cd4   0x08003cd4   0x00000020   Code   RO         3884    i.prvResetNextTaskUnblockTime  tasks.o
    0x08003cf4   0x08003cf4   0x00000028   Code   RO         4615    i.prvTaskExitError  port.o
    0x08003d1c   0x08003d1c   0x000000d8   Code   RO         4554    i.pvPortMalloc      heap_4.o
    0x08003df4   0x08003df4   0x00000012   Code   RO          699    i.pwm_val_protect   motor.o
    0x08003e06   0x08003e06   0x00000002   PAD
    0x08003e08   0x08003e08   0x0000002c   Code   RO         4616    i.pxPortInitialiseStack  port.o
    0x08003e34   0x08003e34   0x00000006   Code   RO          700    i.read_encoder      motor.o
    0x08003e3a   0x08003e3a   0x00000002   PAD
    0x08003e3c   0x08003e3c   0x00000024   Code   RO          656    i.set_motor1_rotate  roundmotor.o
    0x08003e60   0x08003e60   0x00000020   Code   RO          749    i.set_motor2_rotate  linearmotor.o
    0x08003e80   0x08003e80   0x00000004   Code   RO          701    i.set_target        motor.o
    0x08003e84   0x08003e84   0x00000026   Code   RO         3515    i.uxListRemove      list.o
    0x08003eaa   0x08003eaa   0x00000002   PAD
    0x08003eac   0x08003eac   0x00000014   Code   RO          279    i.vApplicationGetIdleTaskMemory  freertos.o
    0x08003ec0   0x08003ec0   0x00000016   Code   RO         3516    i.vListInitialise   list.o
    0x08003ed6   0x08003ed6   0x00000006   Code   RO         3517    i.vListInitialiseItem  list.o
    0x08003edc   0x08003edc   0x00000030   Code   RO         3518    i.vListInsert       list.o
    0x08003f0c   0x08003f0c   0x00000018   Code   RO         3519    i.vListInsertEnd    list.o
    0x08003f24   0x08003f24   0x00000040   Code   RO         4618    i.vPortEnterCritical  port.o
    0x08003f64   0x08003f64   0x00000028   Code   RO         4619    i.vPortExitCritical  port.o
    0x08003f8c   0x08003f8c   0x0000005c   Code   RO         4555    i.vPortFree         heap_4.o
    0x08003fe8   0x08003fe8   0x00000024   Code   RO         4620    i.vPortSetupTimerInterrupt  port.o
    0x0800400c   0x0800400c   0x0000004c   Code   RO         3892    i.vTaskDelay        tasks.o
    0x08004058   0x08004058   0x0000006c   Code   RO         3905    i.vTaskStartScheduler  tasks.o
    0x080040c4   0x080040c4   0x00000010   Code   RO         3907    i.vTaskSuspendAll   tasks.o
    0x080040d4   0x080040d4   0x0000005c   Code   RO         3908    i.vTaskSwitchContext  tasks.o
    0x08004130   0x08004130   0x000000f4   Code   RO         4622    i.xPortStartScheduler  port.o
    0x08004224   0x08004224   0x0000005a   Code   RO         3910    i.xTaskCreate       tasks.o
    0x0800427e   0x0800427e   0x00000056   Code   RO         3911    i.xTaskCreateStatic  tasks.o
    0x080042d4   0x080042d4   0x000000c8   Code   RO         3918    i.xTaskIncrementTick  tasks.o
    0x0800439c   0x0800439c   0x000000c4   Code   RO         3924    i.xTaskResumeAll    tasks.o
    0x08004460   0x08004460   0x0000008c   Data   RO          281    .constdata          freertos.o
    0x080044ec   0x080044ec   0x00000008   Data   RO         1464    .constdata          stm32f4xx_hal_dma.o
    0x080044f4   0x080044f4   0x00000010   Data   RO         3378    .constdata          system_stm32f4xx.o
    0x08004504   0x08004504   0x00000008   Data   RO         3379    .constdata          system_stm32f4xx.o
    0x0800450c   0x0800450c   0x0000003c   Data   RO          282    .conststring        freertos.o
    0x08004548   0x08004548   0x00000020   Data   RO         4754    Region$$Table       anon$$obj.o


    Execution Region RW_IRAM2 (Exec base: 0x10000000, Load base: 0x08004678, Size: 0x00000000, Max: 0x00010000, ABSOLUTE)

    **** No section assigned to this execution region ****


    Execution Region RW_IRAM1 (Exec base: 0x20000000, Load base: 0x08004568, Size: 0x00004778, Max: 0x00020000, ABSOLUTE)

    Exec Addr    Load Addr    Size         Type   Attr      Idx    E Section Name        Object

    0x20000000   0x08004568   0x00000014   Data   RW          283    .data               freertos.o
    0x20000014   0x0800457c   0x00000008   Data   RW          657    .data               roundmotor.o
    0x2000001c   0x08004584   0x00000008   Data   RW          750    .data               linearmotor.o
    0x20000024   0x0800458c   0x00000018   Data   RW          938    .data               variate.o
    0x2000003c   0x080045a4   0x00000004   Data   RW          939    .data               variate.o
    0x20000040   0x080045a8   0x00000001   Data   RW          940    .data               variate.o
    0x20000041   0x080045a9   0x00000003   PAD
    0x20000044   0x080045ac   0x00000004   Data   RW          941    .data               variate.o
    0x20000048   0x080045b0   0x00000004   Data   RW          942    .data               variate.o
    0x2000004c   0x080045b4   0x00000002   Data   RW          943    .data               variate.o
    0x2000004e   0x080045b6   0x00000002   PAD
    0x20000050   0x080045b8   0x00000004   Data   RW          944    .data               variate.o
    0x20000054   0x080045bc   0x00000004   Data   RW          945    .data               variate.o
    0x20000058   0x080045c0   0x00000004   Data   RW          946    .data               variate.o
    0x2000005c   0x080045c4   0x00000001   Data   RW          947    .data               variate.o
    0x2000005d   0x080045c5   0x00000003   PAD
    0x20000060   0x080045c8   0x00000004   Data   RW          948    .data               variate.o
    0x20000064   0x080045cc   0x00000004   Data   RW          949    .data               variate.o
    0x20000068   0x080045d0   0x00000002   Data   RW          950    .data               variate.o
    0x2000006a   0x080045d2   0x00000002   PAD
    0x2000006c   0x080045d4   0x00000004   Data   RW          951    .data               variate.o
    0x20000070   0x080045d8   0x00000008   Data   RW          952    .data               variate.o
    0x20000078   0x080045e0   0x00000001   Data   RW          953    .data               variate.o
    0x20000079   0x080045e1   0x00000003   PAD
    0x2000007c   0x080045e4   0x00000004   Data   RW          954    .data               variate.o
    0x20000080   0x080045e8   0x00000008   Data   RW          955    .data               variate.o
    0x20000088   0x080045f0   0x00000004   Data   RW          956    .data               variate.o
    0x2000008c   0x080045f4   0x00000004   Data   RW          957    .data               variate.o
    0x20000090   0x080045f8   0x00000004   Data   RW          958    .data               variate.o
    0x20000094   0x080045fc   0x00000004   Data   RW          959    .data               variate.o
    0x20000098   0x08004600   0x00000001   Data   RW          960    .data               variate.o
    0x20000099   0x08004601   0x00000001   Data   RW          961    .data               variate.o
    0x2000009a   0x08004602   0x00000001   Data   RW          962    .data               variate.o
    0x2000009b   0x08004603   0x00000001   Data   RW          963    .data               variate.o
    0x2000009c   0x08004604   0x00000001   Data   RW          964    .data               variate.o
    0x2000009d   0x08004605   0x00000003   PAD
    0x200000a0   0x08004608   0x0000000c   Data   RW         1891    .data               stm32f4xx_hal.o
    0x200000ac   0x08004614   0x00000004   Data   RW         3380    .data               system_stm32f4xx.o
    0x200000b0   0x08004618   0x0000003c   Data   RW         3927    .data               tasks.o
    0x200000ec   0x08004654   0x00000018   Data   RW         4560    .data               heap_4.o
    0x20000104   0x0800466c   0x0000000c   Data   RW         4623    .data               port.o
    0x20000110        -       0x00000254   Zero   RW          280    .bss                freertos.o
    0x20000364        -       0x00000140   Zero   RW          381    .bss                tim.o
    0x200004a4        -       0x00000100   Zero   RW          458    .bss                usart.o
    0x200005a4        -       0x00000040   Zero   RW          618    .bss                stm32f4xx_hal_timebase_tim.o
    0x200005e4        -       0x00000064   Zero   RW          935    .bss                variate.o
    0x20000648        -       0x00000020   Zero   RW          936    .bss                variate.o
    0x20000668        -       0x00000020   Zero   RW          937    .bss                variate.o
    0x20000688        -       0x000000f0   Zero   RW         3926    .bss                tasks.o
    0x20000778        -       0x00003c00   Zero   RW         4559    .bss                heap_4.o
    0x20004378        -       0x00000400   Zero   RW            1    STACK               startup_stm32f407xx.o


==============================================================================

Image component sizes


      Code (inc. data)   RO Data    RW Data    ZI Data      Debug   Object Name

       120          0          0          0          0      23413   cmsis_os.o
       680        132          0          0          0       1075   command.o
        60          4          0          0          0        846   dma.o
       778         60          0          0          0       7884   engine.o
         0          0          0          0          0      15852   event_groups.o
       560         60        200         20        596       5457   freertos.o
       176         10          0          0          0       1123   gpio.o
       460         24          0         24      15360       7535   heap_4.o
       540        124          0          8          0       3154   linearmotor.o
       138          0          0          0          0       3726   list.o
       502         82          0          0          0     722742   main.o
       228         12          0          0          0       3173   motor.o
       702         72          0         12          0      11416   port.o
       380         74          0          8          0       1406   roundmotor.o
        36          8        392          0       1024        868   startup_stm32f407xx.o
       116         18          0         12          0       8934   stm32f4xx_hal.o
       158         14          0          0          0      33306   stm32f4xx_hal_cortex.o
       938         16          8          0          0       6706   stm32f4xx_hal_dma.o
       450         46          0          0          0       2492   stm32f4xx_hal_gpio.o
        48          6          0          0          0        918   stm32f4xx_hal_msp.o
      1392         82          0          0          0       6101   stm32f4xx_hal_rcc.o
      1924         90          0          0          0      18897   stm32f4xx_hal_tim.o
       148         28          0          0          0       2577   stm32f4xx_hal_tim_ex.o
       116         16          0          0         64       1516   stm32f4xx_hal_timebase_tim.o
      1468         44          0          0          0      13972   stm32f4xx_hal_uart.o
       116         36          0          0          0       6644   stm32f4xx_it.o
         0          0          0          0          0        392   stream_buffer.o
        28          6         24          4          0       1251   system_stm32f4xx.o
      1516        110          0         60        240      20006   tasks.o
      1268        114          0          0        320       6536   tim.o
       324         34          0          0        256       2064   usart.o
         0          0          0        108        164       2377   variate.o

    ----------------------------------------------------------------------
     15406       1322        656        272      18024     944359   Object Totals
         0          0         32          0          0          0   (incl. Generated)
        36          0          0         16          0          0   (incl. Padding)

    ----------------------------------------------------------------------

      Code (inc. data)   RO Data    RW Data    ZI Data      Debug   Library Member Name

        20          0          0          0          0        124   fabs.o
         0          0          0          0          0          0   entry.o
         0          0          0          0          0          0   entry10a.o
         0          0          0          0          0          0   entry11a.o
         8          4          0          0          0          0   entry2.o
         4          0          0          0          0          0   entry5.o
         0          0          0          0          0          0   entry7b.o
         0          0          0          0          0          0   entry8b.o
         8          4          0          0          0          0   entry9a.o
        30          0          0          0          0          0   handlers.o
        36          8          0          0          0         68   init.o
         0          0          0          0          0          0   iusefp.o
        30          0          0          0          0         68   llshl.o
        36          0          0          0          0         68   llsshr.o
        32          0          0          0          0         68   llushr.o
        36          0          0          0          0         68   memcpya.o
        36          0          0          0          0        108   memseta.o
        98          0          0          0          0         92   uldiv.o
        48          0          0          0          0         68   cdcmple.o
        56          0          0          0          0         88   d2f.o
       334          0          0          0          0        148   dadd.o
       222          0          0          0          0        100   ddiv.o
       186          0          0          0          0        176   depilogue.o
        62          0          0          0          0         80   dfixi.o
        50          0          0          0          0         76   dfixui.o
        34          0          0          0          0         76   dflti.o
       228          0          0          0          0         96   dmul.o
       110          0          0          0          0        168   fepilogue.o

    ----------------------------------------------------------------------
      1706         16          0          0          0       1740   Library Totals
         2          0          0          0          0          0   (incl. Padding)

    ----------------------------------------------------------------------

      Code (inc. data)   RO Data    RW Data    ZI Data      Debug   Library Name

        20          0          0          0          0        124   m_wm.l
       354         16          0          0          0        540   mc_w.l
      1330          0          0          0          0       1076   mf_w.l

    ----------------------------------------------------------------------
      1706         16          0          0          0       1740   Library Totals

    ----------------------------------------------------------------------

==============================================================================


      Code (inc. data)   RO Data    RW Data    ZI Data      Debug   

     17112       1338        656        272      18024     929323   Grand Totals
     17112       1338        656        272      18024     929323   ELF Image Totals
     17112       1338        656        272          0          0   ROM Totals

==============================================================================

    Total RO  Size (Code + RO Data)                17768 (  17.35kB)
    Total RW  Size (RW Data + ZI Data)             18296 (  17.87kB)
    Total ROM Size (Code + RO Data + RW Data)      18040 (  17.62kB)

==============================================================================

